

================================================================
== Vivado HLS Report for 'cnn_conv_d4x4_k3x3'
================================================================
* Date:           Sat Apr 03 10:40:15 2021

* Version:        2016.4 (Build 1756540 on Mon Jan 23 19:31:01 MST 2017)
* Project:        cnn_conv_d4x4_k3x3
* Solution:       solution1
* Product family: zynq
* Target device:  xc7z020clg484-1


================================================================
== Performance Estimates
================================================================
+ Timing (ns): 
    * Summary: 
    +--------+-------+----------+------------+
    |  Clock | Target| Estimated| Uncertainty|
    +--------+-------+----------+------------+
    |ap_clk  |  10.00|      8.20|        1.25|
    +--------+-------+----------+------------+

+ Latency (clock cycles): 
    * Summary: 
    +-----+-----+-----+-----+---------+
    |  Latency  |  Interval | Pipeline|
    | min | max | min | max |   Type  |
    +-----+-----+-----+-----+---------+
    |   44|   44|   45|   45|   none  |
    +-----+-----+-----+-----+---------+

    + Detail: 
        * Instance: 
        N/A

        * Loop: 
        +----------+-----+-----+----------+-----------+-----------+------+----------+
        |          |  Latency  | Iteration|  Initiation Interval  | Trip |          |
        | Loop Name| min | max |  Latency |  achieved |   target  | Count| Pipelined|
        +----------+-----+-----+----------+-----------+-----------+------+----------+
        |- Loop 1  |    2|    2|         2|          1|          1|     2|    yes   |
        |- Loop 2  |    4|    4|         2|          1|          1|     4|    yes   |
        |- Loop 3  |    4|    4|         1|          1|          1|     4|    yes   |
        |- Loop 4  |   26|   26|        12|          1|          1|    16|    yes   |
        +----------+-----+-----+----------+-----------+-----------+------+----------+

============================================================
+ Verbose Summary: Synthesis Manager
============================================================
InlineROM: 1
ExposeGlobal: 0
============================================================
+ Verbose Summary: CDFG Model
============================================================
IsTopModel: 1
ResetActiveHigh: 1
IsCombinational: 0
IsDatapathOnly: 0
HasWiredReturn: 1
HasMFsm: 0
HasVarLatency: 1
IsPipeline: 0
IsRtlPipelined: 0
IsInstanceOverlapped: 0
IsDontTouch: 0
HasImplIP: 0
IsGatedGlobalClock: 0

+ Individual pipeline summary: 
  * Pipeline-0: initiation interval (II) = 1, depth = 2
  * Pipeline-1: initiation interval (II) = 1, depth = 2
  * Pipeline-2: initiation interval (II) = 1, depth = 1
  * Pipeline-3: initiation interval (II) = 1, depth = 12


============================================================
+ Verbose Summary: Schedule
============================================================
* Number of FSM states: 22
* Pipeline: 4
  Pipeline-0: II = 1, D = 2, States = { 2 3 }
  Pipeline-1: II = 1, D = 2, States = { 5 6 }
  Pipeline-2: II = 1, D = 1, States = { 8 }
  Pipeline-3: II = 1, D = 12, States = { 10 11 12 13 14 15 16 17 18 19 20 21 }
* Dataflow Pipeline: 0

* FSM state transitions: 
1 --> 
	2  / true
2 --> 
	4  / (exitcond1)
	3  / (!exitcond1)
3 --> 
	2  / true
4 --> 
	5  / true
5 --> 
	7  / (exitcond4)
	6  / (!exitcond4)
6 --> 
	5  / true
7 --> 
	8  / true
8 --> 
	9  / (exitcond_flatten)
	8  / (!exitcond_flatten)
9 --> 
	10  / true
10 --> 
	11  / true
11 --> 
	12  / true
12 --> 
	22  / (exitcond_flatten8)
	13  / (!exitcond_flatten8)
13 --> 
	14  / true
14 --> 
	15  / true
15 --> 
	16  / true
16 --> 
	17  / true
17 --> 
	18  / true
18 --> 
	19  / true
19 --> 
	20  / true
20 --> 
	21  / true
21 --> 
	10  / true
22 --> 
* FSM state operations: 

 <State 1>: 1.57ns
ST_1: StgValue_23 (25)  [1/1] 0.00ns
:0  call void (...)* @_ssdm_op_SpecBitsMap(i32* %kernel_8), !map !65

ST_1: StgValue_24 (26)  [1/1] 0.00ns
:1  call void (...)* @_ssdm_op_SpecBitsMap(i32* %kernel_7), !map !71

ST_1: StgValue_25 (27)  [1/1] 0.00ns
:2  call void (...)* @_ssdm_op_SpecBitsMap(i32* %kernel_6), !map !77

ST_1: StgValue_26 (28)  [1/1] 0.00ns
:3  call void (...)* @_ssdm_op_SpecBitsMap(i32* %kernel_5), !map !83

ST_1: StgValue_27 (29)  [1/1] 0.00ns
:4  call void (...)* @_ssdm_op_SpecBitsMap(i32* %kernel_4), !map !89

ST_1: StgValue_28 (30)  [1/1] 0.00ns
:5  call void (...)* @_ssdm_op_SpecBitsMap(i32* %kernel_3), !map !95

ST_1: StgValue_29 (31)  [1/1] 0.00ns
:6  call void (...)* @_ssdm_op_SpecBitsMap(i32* %kernel_2), !map !101

ST_1: StgValue_30 (32)  [1/1] 0.00ns
:7  call void (...)* @_ssdm_op_SpecBitsMap(i32* %kernel_1), !map !107

ST_1: StgValue_31 (33)  [1/1] 0.00ns
:8  call void (...)* @_ssdm_op_SpecBitsMap(i32* %kernel_0), !map !113

ST_1: StgValue_32 (34)  [1/1] 0.00ns
:9  call void (...)* @_ssdm_op_SpecBitsMap(i32* %inStream_V_data_V), !map !119

ST_1: StgValue_33 (35)  [1/1] 0.00ns
:10  call void (...)* @_ssdm_op_SpecBitsMap(i4* %inStream_V_keep_V), !map !123

ST_1: StgValue_34 (36)  [1/1] 0.00ns
:11  call void (...)* @_ssdm_op_SpecBitsMap(i4* %inStream_V_strb_V), !map !127

ST_1: StgValue_35 (37)  [1/1] 0.00ns
:12  call void (...)* @_ssdm_op_SpecBitsMap(i2* %inStream_V_user_V), !map !131

ST_1: StgValue_36 (38)  [1/1] 0.00ns
:13  call void (...)* @_ssdm_op_SpecBitsMap(i1* %inStream_V_last_V), !map !135

ST_1: StgValue_37 (39)  [1/1] 0.00ns
:14  call void (...)* @_ssdm_op_SpecBitsMap(i5* %inStream_V_id_V), !map !139

ST_1: StgValue_38 (40)  [1/1] 0.00ns
:15  call void (...)* @_ssdm_op_SpecBitsMap(i6* %inStream_V_dest_V), !map !143

ST_1: StgValue_39 (41)  [1/1] 0.00ns
:16  call void (...)* @_ssdm_op_SpecBitsMap(i32* %outStream_V_data_V), !map !147

ST_1: StgValue_40 (42)  [1/1] 0.00ns
:17  call void (...)* @_ssdm_op_SpecBitsMap(i4* %outStream_V_keep_V), !map !151

ST_1: StgValue_41 (43)  [1/1] 0.00ns
:18  call void (...)* @_ssdm_op_SpecBitsMap(i4* %outStream_V_strb_V), !map !155

ST_1: StgValue_42 (44)  [1/1] 0.00ns
:19  call void (...)* @_ssdm_op_SpecBitsMap(i2* %outStream_V_user_V), !map !159

ST_1: StgValue_43 (45)  [1/1] 0.00ns
:20  call void (...)* @_ssdm_op_SpecBitsMap(i1* %outStream_V_last_V), !map !163

ST_1: StgValue_44 (46)  [1/1] 0.00ns
:21  call void (...)* @_ssdm_op_SpecBitsMap(i5* %outStream_V_id_V), !map !167

ST_1: StgValue_45 (47)  [1/1] 0.00ns
:22  call void (...)* @_ssdm_op_SpecBitsMap(i6* %outStream_V_dest_V), !map !171

ST_1: StgValue_46 (48)  [1/1] 0.00ns
:23  call void (...)* @_ssdm_op_SpecBitsMap(i32 %ctrl), !map !175

ST_1: StgValue_47 (49)  [1/1] 0.00ns
:24  call void (...)* @_ssdm_op_SpecTopModule([19 x i8]* @cnn_conv_d4x4_k3x3_s) nounwind

ST_1: ctrl_read (50)  [1/1] 1.00ns
:25  %ctrl_read = call i32 @_ssdm_op_Read.s_axilite.i32(i32 %ctrl)

ST_1: StgValue_49 (51)  [1/1] 0.00ns  loc: cnn_conv_d4x4_k3x3/core.cpp:79
:26  call void (...)* @_ssdm_op_SpecInterface(i32* %outStream_V_data_V, i4* %outStream_V_keep_V, i4* %outStream_V_strb_V, i2* %outStream_V_user_V, i1* %outStream_V_last_V, i5* %outStream_V_id_V, i6* %outStream_V_dest_V, [5 x i8]* @p_str, i32 1, i32 1, [5 x i8]* @p_str1, i32 0, i32 0, [1 x i8]* @p_str2, [1 x i8]* @p_str2, [1 x i8]* @p_str2, i32 0, i32 0, i32 0, i32 0, [1 x i8]* @p_str2, [1 x i8]* @p_str2) nounwind

ST_1: StgValue_50 (52)  [1/1] 0.00ns  loc: cnn_conv_d4x4_k3x3/core.cpp:80
:27  call void (...)* @_ssdm_op_SpecInterface(i32* %inStream_V_data_V, i4* %inStream_V_keep_V, i4* %inStream_V_strb_V, i2* %inStream_V_user_V, i1* %inStream_V_last_V, i5* %inStream_V_id_V, i6* %inStream_V_dest_V, [5 x i8]* @p_str, i32 1, i32 1, [5 x i8]* @p_str1, i32 0, i32 0, [1 x i8]* @p_str2, [1 x i8]* @p_str2, [1 x i8]* @p_str2, i32 0, i32 0, i32 0, i32 0, [1 x i8]* @p_str2, [1 x i8]* @p_str2) nounwind

ST_1: StgValue_51 (53)  [1/1] 0.00ns  loc: cnn_conv_d4x4_k3x3/core.cpp:81
:28  call void (...)* @_ssdm_op_SpecInterface(i32 %ctrl, [10 x i8]* @p_str3, i32 0, i32 0, [1 x i8]* @p_str2, i32 0, i32 0, [5 x i8]* @p_str4, [1 x i8]* @p_str2, [1 x i8]* @p_str2, i32 0, i32 0, i32 0, i32 0, [1 x i8]* @p_str2, [1 x i8]* @p_str2) nounwind

ST_1: StgValue_52 (54)  [1/1] 0.00ns
:29  call void (...)* @_ssdm_op_SpecInterface(i32* %kernel_0, i32* %kernel_1, i32* %kernel_2, i32* %kernel_3, i32* %kernel_4, i32* %kernel_5, i32* %kernel_6, i32* %kernel_7, i32* %kernel_8, [10 x i8]* @p_str3, i32 0, i32 0, [1 x i8]* @p_str2, i32 0, i32 0, [5 x i8]* @p_str4, [1 x i8]* @p_str2, [1 x i8]* @p_str2, i32 0, i32 0, i32 0, i32 0, [1 x i8]* @p_str2, [1 x i8]* @p_str2) nounwind

ST_1: StgValue_53 (55)  [1/1] 0.00ns  loc: cnn_conv_d4x4_k3x3/core.cpp:83
:30  call void (...)* @_ssdm_op_SpecInterface(i32 0, [10 x i8]* @p_str3, i32 0, i32 0, [1 x i8]* @p_str2, i32 0, i32 0, [5 x i8]* @p_str4, [1 x i8]* @p_str2, [1 x i8]* @p_str2, i32 0, i32 0, i32 0, i32 0, [1 x i8]* @p_str2, [1 x i8]* @p_str2) nounwind

ST_1: StgValue_54 (56)  [1/1] 1.57ns  loc: cnn_conv_d4x4_k3x3/core.cpp:95
:31  br label %1


 <State 2>: 2.99ns
ST_2: lineBuffer_0_3 (58)  [1/1] 0.00ns
:0  %lineBuffer_0_3 = phi i32 [ undef, %0 ], [ %lineBuffer_0_3_1, %_ifconv ]

ST_2: lineBuffer_0_2 (59)  [1/1] 0.00ns
:1  %lineBuffer_0_2 = phi i32 [ undef, %0 ], [ %lineBuffer_0_3_4, %_ifconv ]

ST_2: x (60)  [1/1] 0.00ns
:2  %x = phi i3 [ 2, %0 ], [ %x_1, %_ifconv ]

ST_2: exitcond1 (61)  [1/1] 1.62ns  loc: cnn_conv_d4x4_k3x3/core.cpp:95
:3  %exitcond1 = icmp eq i3 %x, -4

ST_2: StgValue_59 (62)  [1/1] 0.00ns  loc: cnn_conv_d4x4_k3x3/core.cpp:95
:4  br i1 %exitcond1, label %.preheader86.0.preheader, label %_ifconv

ST_2: empty_5 (67)  [2/2] 0.00ns  loc: cnn_conv_d4x4_k3x3/core.cpp:97
_ifconv:3  %empty_5 = call { i32, i4, i4, i2, i1, i5, i6 } @_ssdm_op_Read.axis.volatile.i32P.i4P.i4P.i2P.i1P.i5P.i6P(i32* %inStream_V_data_V, i4* %inStream_V_keep_V, i4* %inStream_V_strb_V, i2* %inStream_V_user_V, i1* %inStream_V_last_V, i5* %inStream_V_id_V, i6* %inStream_V_dest_V)

ST_2: tmp_8 (69)  [1/1] 0.00ns  loc: cnn_conv_d4x4_k3x3/core.cpp:95
_ifconv:5  %tmp_8 = trunc i3 %x to i2

ST_2: cond (70)  [1/1] 1.36ns  loc: cnn_conv_d4x4_k3x3/core.cpp:98
_ifconv:6  %cond = icmp eq i2 %tmp_8, -2

ST_2: x_1 (74)  [1/1] 0.80ns  loc: cnn_conv_d4x4_k3x3/core.cpp:95
_ifconv:10  %x_1 = add i3 1, %x


 <State 3>: 1.37ns
ST_3: empty (64)  [1/1] 0.00ns
_ifconv:0  %empty = call i32 (...)* @_ssdm_op_SpecLoopTripCount(i64 2, i64 2, i64 2)

ST_3: tmp (65)  [1/1] 0.00ns  loc: cnn_conv_d4x4_k3x3/core.cpp:95
_ifconv:1  %tmp = call i32 (...)* @_ssdm_op_SpecRegionBegin([12 x i8]* @p_str6)

ST_3: StgValue_66 (66)  [1/1] 0.00ns  loc: cnn_conv_d4x4_k3x3/core.cpp:96
_ifconv:2  call void (...)* @_ssdm_op_SpecPipeline(i32 -1, i32 1, i32 1, i32 0, [1 x i8]* @p_str2) nounwind

ST_3: empty_5 (67)  [1/2] 0.00ns  loc: cnn_conv_d4x4_k3x3/core.cpp:97
_ifconv:3  %empty_5 = call { i32, i4, i4, i2, i1, i5, i6 } @_ssdm_op_Read.axis.volatile.i32P.i4P.i4P.i2P.i1P.i5P.i6P(i32* %inStream_V_data_V, i4* %inStream_V_keep_V, i4* %inStream_V_strb_V, i2* %inStream_V_user_V, i1* %inStream_V_last_V, i5* %inStream_V_id_V, i6* %inStream_V_dest_V)

ST_3: tmp_data_V_2 (68)  [1/1] 0.00ns  loc: cnn_conv_d4x4_k3x3/core.cpp:97
_ifconv:4  %tmp_data_V_2 = extractvalue { i32, i4, i4, i2, i1, i5, i6 } %empty_5, 0

ST_3: lineBuffer_0_3_1 (71)  [1/1] 1.37ns  loc: cnn_conv_d4x4_k3x3/core.cpp:98
_ifconv:7  %lineBuffer_0_3_1 = select i1 %cond, i32 %lineBuffer_0_3, i32 %tmp_data_V_2

ST_3: lineBuffer_0_3_4 (72)  [1/1] 1.37ns  loc: cnn_conv_d4x4_k3x3/core.cpp:98
_ifconv:8  %lineBuffer_0_3_4 = select i1 %cond, i32 %tmp_data_V_2, i32 %lineBuffer_0_2

ST_3: empty_6 (73)  [1/1] 0.00ns  loc: cnn_conv_d4x4_k3x3/core.cpp:99
_ifconv:9  %empty_6 = call i32 (...)* @_ssdm_op_SpecRegionEnd([12 x i8]* @p_str6, i32 %tmp)

ST_3: StgValue_72 (75)  [1/1] 0.00ns  loc: cnn_conv_d4x4_k3x3/core.cpp:95
_ifconv:11  br label %1


 <State 4>: 1.57ns
ST_4: StgValue_73 (77)  [1/1] 1.57ns  loc: cnn_conv_d4x4_k3x3/core.cpp:103
.preheader86.0.preheader:0  br label %.preheader86.0


 <State 5>: 2.99ns
ST_5: lineBuffer_1_3 (79)  [1/1] 0.00ns
.preheader86.0:0  %lineBuffer_1_3 = phi i32 [ %lineBuffer_1_3_2, %_ifconv5 ], [ undef, %.preheader86.0.preheader ]

ST_5: lineBuffer_1_2 (80)  [1/1] 0.00ns
.preheader86.0:1  %lineBuffer_1_2 = phi i32 [ %lineBuffer_1_3_4, %_ifconv5 ], [ undef, %.preheader86.0.preheader ]

ST_5: lineBuffer_1_3_5 (81)  [1/1] 0.00ns
.preheader86.0:2  %lineBuffer_1_3_5 = phi i32 [ %lineBuffer_1_3_7, %_ifconv5 ], [ undef, %.preheader86.0.preheader ]

ST_5: lineBuffer_1_3_8 (82)  [1/1] 0.00ns
.preheader86.0:3  %lineBuffer_1_3_8 = phi i32 [ %lineBuffer_1_3_9, %_ifconv5 ], [ undef, %.preheader86.0.preheader ]

ST_5: x1 (83)  [1/1] 0.00ns  loc: cnn_conv_d4x4_k3x3/core.cpp:103
.preheader86.0:4  %x1 = phi i3 [ %x_2, %_ifconv5 ], [ 0, %.preheader86.0.preheader ]

ST_5: exitcond4 (84)  [1/1] 1.62ns  loc: cnn_conv_d4x4_k3x3/core.cpp:103
.preheader86.0:5  %exitcond4 = icmp eq i3 %x1, -4

ST_5: x_2 (85)  [1/1] 0.80ns  loc: cnn_conv_d4x4_k3x3/core.cpp:103
.preheader86.0:6  %x_2 = add i3 %x1, 1

ST_5: StgValue_81 (86)  [1/1] 0.00ns  loc: cnn_conv_d4x4_k3x3/core.cpp:103
.preheader86.0:7  br i1 %exitcond4, label %.preheader84.preheader, label %_ifconv5

ST_5: empty_8 (91)  [2/2] 0.00ns  loc: cnn_conv_d4x4_k3x3/core.cpp:105
_ifconv5:3  %empty_8 = call { i32, i4, i4, i2, i1, i5, i6 } @_ssdm_op_Read.axis.volatile.i32P.i4P.i4P.i2P.i1P.i5P.i6P(i32* %inStream_V_data_V, i4* %inStream_V_keep_V, i4* %inStream_V_strb_V, i2* %inStream_V_user_V, i1* %inStream_V_last_V, i5* %inStream_V_id_V, i6* %inStream_V_dest_V)

ST_5: tmp_9 (93)  [1/1] 0.00ns  loc: cnn_conv_d4x4_k3x3/core.cpp:103
_ifconv5:5  %tmp_9 = trunc i3 %x1 to i2


 <State 6>: 4.10ns
ST_6: empty_7 (88)  [1/1] 0.00ns
_ifconv5:0  %empty_7 = call i32 (...)* @_ssdm_op_SpecLoopTripCount(i64 4, i64 4, i64 4)

ST_6: tmp_1 (89)  [1/1] 0.00ns  loc: cnn_conv_d4x4_k3x3/core.cpp:103
_ifconv5:1  %tmp_1 = call i32 (...)* @_ssdm_op_SpecRegionBegin([12 x i8]* @p_str7)

ST_6: StgValue_86 (90)  [1/1] 0.00ns  loc: cnn_conv_d4x4_k3x3/core.cpp:104
_ifconv5:2  call void (...)* @_ssdm_op_SpecPipeline(i32 -1, i32 1, i32 1, i32 0, [1 x i8]* @p_str2) nounwind

ST_6: empty_8 (91)  [1/2] 0.00ns  loc: cnn_conv_d4x4_k3x3/core.cpp:105
_ifconv5:3  %empty_8 = call { i32, i4, i4, i2, i1, i5, i6 } @_ssdm_op_Read.axis.volatile.i32P.i4P.i4P.i2P.i1P.i5P.i6P(i32* %inStream_V_data_V, i4* %inStream_V_keep_V, i4* %inStream_V_strb_V, i2* %inStream_V_user_V, i1* %inStream_V_last_V, i5* %inStream_V_id_V, i6* %inStream_V_dest_V)

ST_6: tmp_data_V_3 (92)  [1/1] 0.00ns  loc: cnn_conv_d4x4_k3x3/core.cpp:105
_ifconv5:4  %tmp_data_V_3 = extractvalue { i32, i4, i4, i2, i1, i5, i6 } %empty_8, 0

ST_6: sel_tmp (94)  [1/1] 1.36ns  loc: cnn_conv_d4x4_k3x3/core.cpp:103
_ifconv5:6  %sel_tmp = icmp eq i2 %tmp_9, -2

ST_6: sel_tmp7 (95)  [1/1] 1.36ns  loc: cnn_conv_d4x4_k3x3/core.cpp:103
_ifconv5:7  %sel_tmp7 = icmp eq i2 %tmp_9, 1

ST_6: sel_tmp9 (96)  [1/1] 1.36ns  loc: cnn_conv_d4x4_k3x3/core.cpp:103
_ifconv5:8  %sel_tmp9 = icmp eq i2 %tmp_9, 0

ST_6: or_cond (97)  [1/1] 1.37ns  loc: cnn_conv_d4x4_k3x3/core.cpp:103
_ifconv5:9  %or_cond = or i1 %sel_tmp9, %sel_tmp7

ST_6: newSel (98)  [1/1] 0.00ns  loc: cnn_conv_d4x4_k3x3/core.cpp:103 (grouped into LUT with out node lineBuffer_1_3_2)
_ifconv5:10  %newSel = select i1 %sel_tmp, i32 %lineBuffer_1_3, i32 %tmp_data_V_3

ST_6: lineBuffer_1_3_2 (99)  [1/1] 1.37ns  loc: cnn_conv_d4x4_k3x3/core.cpp:103 (out node of the LUT)
_ifconv5:11  %lineBuffer_1_3_2 = select i1 %or_cond, i32 %lineBuffer_1_3, i32 %newSel

ST_6: newSel2 (100)  [1/1] 0.00ns  loc: cnn_conv_d4x4_k3x3/core.cpp:103 (grouped into LUT with out node lineBuffer_1_3_4)
_ifconv5:12  %newSel2 = select i1 %sel_tmp, i32 %tmp_data_V_3, i32 %lineBuffer_1_2

ST_6: lineBuffer_1_3_4 (101)  [1/1] 1.37ns  loc: cnn_conv_d4x4_k3x3/core.cpp:103 (out node of the LUT)
_ifconv5:13  %lineBuffer_1_3_4 = select i1 %or_cond, i32 %lineBuffer_1_2, i32 %newSel2

ST_6: lineBuffer_1_3_6 (102)  [1/1] 0.00ns  loc: cnn_conv_d4x4_k3x3/core.cpp:103 (grouped into LUT with out node lineBuffer_1_3_7)
_ifconv5:14  %lineBuffer_1_3_6 = select i1 %sel_tmp7, i32 %tmp_data_V_3, i32 %lineBuffer_1_3_5

ST_6: lineBuffer_1_3_7 (103)  [1/1] 1.37ns  loc: cnn_conv_d4x4_k3x3/core.cpp:103 (out node of the LUT)
_ifconv5:15  %lineBuffer_1_3_7 = select i1 %sel_tmp9, i32 %lineBuffer_1_3_5, i32 %lineBuffer_1_3_6

ST_6: lineBuffer_1_3_9 (104)  [1/1] 1.37ns  loc: cnn_conv_d4x4_k3x3/core.cpp:103
_ifconv5:16  %lineBuffer_1_3_9 = select i1 %sel_tmp9, i32 %tmp_data_V_3, i32 %lineBuffer_1_3_8

ST_6: empty_9 (105)  [1/1] 0.00ns  loc: cnn_conv_d4x4_k3x3/core.cpp:107
_ifconv5:17  %empty_9 = call i32 (...)* @_ssdm_op_SpecRegionEnd([12 x i8]* @p_str7, i32 %tmp_1)

ST_6: StgValue_101 (106)  [1/1] 0.00ns  loc: cnn_conv_d4x4_k3x3/core.cpp:103
_ifconv5:18  br label %.preheader86.0


 <State 7>: 1.57ns
ST_7: window_2_2_2 (108)  [1/1] 0.00ns
.preheader84.preheader:0  %window_2_2_2 = alloca i32

ST_7: StgValue_103 (109)  [1/1] 1.57ns
.preheader84.preheader:1  br label %.preheader84


 <State 8>: 8.20ns
ST_8: indvar_flatten (111)  [1/1] 0.00ns
.preheader84:0  %indvar_flatten = phi i3 [ %indvar_flatten_next, %.preheader85 ], [ 0, %.preheader84.preheader ]

ST_8: y3 (112)  [1/1] 0.00ns  loc: cnn_conv_d4x4_k3x3/core.cpp:117
.preheader84:1  %y3 = phi i2 [ %tmp_2_mid2_v, %.preheader85 ], [ 1, %.preheader84.preheader ]

ST_8: window_2_1_1 (113)  [1/1] 0.00ns
.preheader84:2  %window_2_1_1 = phi i32 [ %window_2_2_6, %.preheader85 ], [ undef, %.preheader84.preheader ]

ST_8: window_1_2_1 (114)  [1/1] 0.00ns
.preheader84:3  %window_1_2_1 = phi i32 [ %window_2_2_7, %.preheader85 ], [ undef, %.preheader84.preheader ]

ST_8: window_1_1_1 (115)  [1/1] 0.00ns
.preheader84:4  %window_1_1_1 = phi i32 [ %window_2_2_8, %.preheader85 ], [ undef, %.preheader84.preheader ]

ST_8: x4 (116)  [1/1] 0.00ns
.preheader84:5  %x4 = phi i2 [ %x_3, %.preheader85 ], [ 1, %.preheader84.preheader ]

ST_8: exitcond_flatten (117)  [1/1] 1.62ns
.preheader84:6  %exitcond_flatten = icmp eq i3 %indvar_flatten, -4

ST_8: indvar_flatten_next (118)  [1/1] 0.80ns
.preheader84:7  %indvar_flatten_next = add i3 %indvar_flatten, 1

ST_8: StgValue_112 (119)  [1/1] 0.00ns
.preheader84:8  br i1 %exitcond_flatten, label %.preheader83.preheader, label %.preheader85

ST_8: window_2_2_2_load_1 (121)  [1/1] 0.00ns
.preheader85:0  %window_2_2_2_load_1 = load i32* %window_2_2_2

ST_8: empty_10 (122)  [1/1] 0.00ns
.preheader85:1  %empty_10 = call i32 (...)* @_ssdm_op_SpecLoopTripCount(i64 4, i64 4, i64 4)

ST_8: exitcond (123)  [1/1] 1.36ns  loc: cnn_conv_d4x4_k3x3/core.cpp:115
.preheader85:2  %exitcond = icmp eq i2 %x4, -1

ST_8: x4_mid2 (124)  [1/1] 1.37ns  loc: cnn_conv_d4x4_k3x3/core.cpp:115
.preheader85:3  %x4_mid2 = select i1 %exitcond, i2 1, i2 %x4

ST_8: y9 (125)  [1/1] 0.80ns  loc: cnn_conv_d4x4_k3x3/core.cpp:114
.preheader85:4  %y9 = add i2 1, %y3

ST_8: tmp_2_mid2_v (126)  [1/1] 1.37ns  loc: cnn_conv_d4x4_k3x3/core.cpp:117
.preheader85:5  %tmp_2_mid2_v = select i1 %exitcond, i2 %y9, i2 %y3

ST_8: tmp_11 (127)  [1/1] 0.00ns  loc: cnn_conv_d4x4_k3x3/core.cpp:117 (grouped into LUT with out node window_1_1_2)
.preheader85:6  %tmp_11 = trunc i2 %tmp_2_mid2_v to i1

ST_8: cond3_mid1 (128)  [1/1] 1.36ns  loc: cnn_conv_d4x4_k3x3/core.cpp:117
.preheader85:7  %cond3_mid1 = icmp eq i2 %y3, 0

ST_8: cond2 (129)  [1/1] 1.36ns  loc: cnn_conv_d4x4_k3x3/core.cpp:117
.preheader85:8  %cond2 = icmp eq i2 %y3, 1

ST_8: cond3_mid2 (130)  [1/1] 1.37ns  loc: cnn_conv_d4x4_k3x3/core.cpp:117
.preheader85:9  %cond3_mid2 = select i1 %exitcond, i1 %cond3_mid1, i1 %cond2

ST_8: tmp_4 (131)  [1/1] 0.00ns  loc: cnn_conv_d4x4_k3x3/core.cpp:115
.preheader85:10  %tmp_4 = call i32 (...)* @_ssdm_op_SpecRegionBegin([12 x i8]* @p_str8)

ST_8: StgValue_124 (132)  [1/1] 0.00ns  loc: cnn_conv_d4x4_k3x3/core.cpp:116
.preheader85:11  call void (...)* @_ssdm_op_SpecPipeline(i32 -1, i32 1, i32 1, i32 0, [1 x i8]* @p_str2) nounwind

ST_8: x_3 (133)  [1/1] 0.80ns  loc: cnn_conv_d4x4_k3x3/core.cpp:117
.preheader85:12  %x_3 = add i2 1, %x4_mid2

ST_8: cond1 (134)  [1/1] 1.36ns  loc: cnn_conv_d4x4_k3x3/core.cpp:117
.preheader85:13  %cond1 = icmp eq i2 %x4_mid2, 1

ST_8: lineBuffer_load13_ph (135)  [1/1] 0.00ns  loc: cnn_conv_d4x4_k3x3/core.cpp:117 (grouped into LUT with out node window_1_1_2)
.preheader85:14  %lineBuffer_load13_ph = select i1 %cond1, i32 %lineBuffer_0_2, i32 %lineBuffer_0_3

ST_8: lineBuffer_load14_ph (136)  [1/1] 1.37ns  loc: cnn_conv_d4x4_k3x3/core.cpp:117 (out node of the LUT)
.preheader85:15  %lineBuffer_load14_ph = select i1 %cond1, i32 %lineBuffer_1_2, i32 %lineBuffer_1_3

ST_8: window_1_1_2 (137)  [1/1] 1.37ns  loc: cnn_conv_d4x4_k3x3/core.cpp:117 (out node of the LUT)
.preheader85:16  %window_1_1_2 = select i1 %tmp_11, i32 %lineBuffer_load13_ph, i32 %lineBuffer_load14_ph

ST_8: window_2_2 (138)  [1/1] 0.00ns  loc: cnn_conv_d4x4_k3x3/core.cpp:117 (grouped into LUT with out node window_2_2_7)
.preheader85:17  %window_2_2 = select i1 %cond1, i32 %window_1_2_1, i32 %window_1_1_2

ST_8: window_2_2_1 (139)  [1/1] 0.00ns  loc: cnn_conv_d4x4_k3x3/core.cpp:117 (grouped into LUT with out node window_2_2_8)
.preheader85:18  %window_2_2_1 = select i1 %cond1, i32 %window_1_1_2, i32 %window_1_1_1

ST_8: window_2_2_3 (140)  [1/1] 0.00ns  loc: cnn_conv_d4x4_k3x3/core.cpp:117 (grouped into LUT with out node window_2_2_5)
.preheader85:19  %window_2_2_3 = select i1 %cond1, i32 %window_2_2_2_load_1, i32 %window_1_1_2

ST_8: window_2_2_4 (141)  [1/1] 0.00ns  loc: cnn_conv_d4x4_k3x3/core.cpp:117 (grouped into LUT with out node window_2_2_6)
.preheader85:20  %window_2_2_4 = select i1 %cond1, i32 %window_1_1_2, i32 %window_2_1_1

ST_8: window_2_2_5 (142)  [1/1] 1.37ns  loc: cnn_conv_d4x4_k3x3/core.cpp:117 (out node of the LUT)
.preheader85:21  %window_2_2_5 = select i1 %cond3_mid2, i32 %window_2_2_2_load_1, i32 %window_2_2_3

ST_8: window_2_2_6 (143)  [1/1] 1.37ns  loc: cnn_conv_d4x4_k3x3/core.cpp:117 (out node of the LUT)
.preheader85:22  %window_2_2_6 = select i1 %cond3_mid2, i32 %window_2_1_1, i32 %window_2_2_4

ST_8: window_2_2_7 (144)  [1/1] 1.37ns  loc: cnn_conv_d4x4_k3x3/core.cpp:117 (out node of the LUT)
.preheader85:23  %window_2_2_7 = select i1 %cond3_mid2, i32 %window_2_2, i32 %window_1_2_1

ST_8: window_2_2_8 (145)  [1/1] 1.37ns  loc: cnn_conv_d4x4_k3x3/core.cpp:117 (out node of the LUT)
.preheader85:24  %window_2_2_8 = select i1 %cond3_mid2, i32 %window_2_2_1, i32 %window_1_1_1

ST_8: empty_11 (146)  [1/1] 0.00ns  loc: cnn_conv_d4x4_k3x3/core.cpp:118
.preheader85:25  %empty_11 = call i32 (...)* @_ssdm_op_SpecRegionEnd([12 x i8]* @p_str8, i32 %tmp_4)

ST_8: StgValue_139 (147)  [1/1] 0.00ns  loc: cnn_conv_d4x4_k3x3/core.cpp:117
.preheader85:26  store i32 %window_2_2_5, i32* %window_2_2_2

ST_8: StgValue_140 (148)  [1/1] 0.00ns  loc: cnn_conv_d4x4_k3x3/core.cpp:115
.preheader85:27  br label %.preheader84


 <State 9>: 1.57ns
ST_9: window_0_0_read_as (150)  [1/1] 0.00ns
.preheader83.preheader:0  %window_0_0_read_as = alloca i32

ST_9: window_0_0 (151)  [1/1] 0.00ns
.preheader83.preheader:1  %window_0_0 = alloca i32

ST_9: window_0_1 (152)  [1/1] 0.00ns
.preheader83.preheader:2  %window_0_1 = alloca i32

ST_9: window_1_0_read_as (153)  [1/1] 0.00ns
.preheader83.preheader:3  %window_1_0_read_as = alloca i32

ST_9: window_2_0_read_as (154)  [1/1] 0.00ns
.preheader83.preheader:4  %window_2_0_read_as = alloca i32

ST_9: lineBuffer_0_3_5 (155)  [1/1] 0.00ns
.preheader83.preheader:5  %lineBuffer_0_3_5 = alloca i32

ST_9: lineBuffer_0_3_8 (156)  [1/1] 0.00ns
.preheader83.preheader:6  %lineBuffer_0_3_8 = alloca i32

ST_9: window_2_2_2_load (157)  [1/1] 0.00ns  loc: cnn_conv_d4x4_k3x3/core.cpp:117
.preheader83.preheader:7  %window_2_2_2_load = load i32* %window_2_2_2

ST_9: window_2_1 (158)  [1/1] 0.00ns
.preheader83.preheader:8  %window_2_1 = alloca i32

ST_9: writeCount_1 (159)  [1/1] 0.00ns
.preheader83.preheader:9  %writeCount_1 = alloca i32

ST_9: readCount_1 (160)  [1/1] 0.00ns
.preheader83.preheader:10  %readCount_1 = alloca i32

ST_9: tmp_10 (161)  [1/1] 0.00ns  loc: cnn_conv_d4x4_k3x3/core.cpp:58->cnn_conv_d4x4_k3x3/core.cpp:133
.preheader83.preheader:11  %tmp_10 = trunc i32 %ctrl_read to i1

ST_9: StgValue_153 (162)  [1/1] 1.57ns
.preheader83.preheader:12  store i32 6, i32* %readCount_1

ST_9: StgValue_154 (163)  [1/1] 1.57ns
.preheader83.preheader:13  store i32 0, i32* %writeCount_1

ST_9: StgValue_155 (164)  [1/1] 1.57ns  loc: cnn_conv_d4x4_k3x3/core.cpp:117
.preheader83.preheader:14  store i32 %window_2_2_2_load, i32* %window_2_1

ST_9: StgValue_156 (165)  [1/1] 1.57ns  loc: cnn_conv_d4x4_k3x3/core.cpp:122
.preheader83.preheader:15  br label %.preheader82


 <State 10>: 5.20ns
ST_10: indvar_flatten6 (167)  [1/1] 0.00ns
.preheader82:0  %indvar_flatten6 = phi i5 [ 0, %.preheader83.preheader ], [ %indvar_flatten_next7, %._crit_edge88_ifconv ]

ST_10: exitcond_flatten8 (185)  [1/1] 1.91ns
.preheader82:18  %exitcond_flatten8 = icmp eq i5 %indvar_flatten6, -16

ST_10: indvar_flatten_next7 (186)  [1/1] 1.72ns
.preheader82:19  %indvar_flatten_next7 = add i5 %indvar_flatten6, 1

ST_10: readCount_1_load (271)  [1/1] 0.00ns  loc: cnn_conv_d4x4_k3x3/core.cpp:152
._crit_edge_ifconv:2  %readCount_1_load = load i32* %readCount_1

ST_10: tmp_14 (286)  [1/1] 0.00ns  loc: cnn_conv_d4x4_k3x3/core.cpp:152
._crit_edge_ifconv:17  %tmp_14 = call i28 @_ssdm_op_PartSelect.i28.i32.i32.i32(i32 %readCount_1_load, i32 4, i32 31)

ST_10: icmp (287)  [1/1] 2.46ns  loc: cnn_conv_d4x4_k3x3/core.cpp:152
._crit_edge_ifconv:18  %icmp = icmp slt i28 %tmp_14, 1

ST_10: StgValue_163 (291)  [1/1] 0.00ns  loc: cnn_conv_d4x4_k3x3/core.cpp:152
._crit_edge_ifconv:22  br i1 %icmp, label %2, label %._crit_edge88_ifconv

ST_10: empty_12 (293)  [2/2] 0.00ns  loc: cnn_conv_d4x4_k3x3/core.cpp:153
:0  %empty_12 = call { i32, i4, i4, i2, i1, i5, i6 } @_ssdm_op_Read.axis.volatile.i32P.i4P.i4P.i2P.i1P.i5P.i6P(i32* %inStream_V_data_V, i4* %inStream_V_keep_V, i4* %inStream_V_strb_V, i2* %inStream_V_user_V, i1* %inStream_V_last_V, i5* %inStream_V_id_V, i6* %inStream_V_dest_V)

ST_10: readCount (295)  [1/1] 2.44ns  loc: cnn_conv_d4x4_k3x3/core.cpp:154
:2  %readCount = add nsw i32 %readCount_1_load, 1

ST_10: StgValue_166 (296)  [1/1] 1.57ns  loc: cnn_conv_d4x4_k3x3/core.cpp:154
:3  store i32 %readCount, i32* %readCount_1


 <State 11>: 7.35ns
ST_11: y_assign (168)  [1/1] 0.00ns  loc: cnn_conv_d4x4_k3x3/core.cpp:123
.preheader82:1  %y_assign = phi i3 [ 0, %.preheader83.preheader ], [ %y_assign_mid2, %._crit_edge88_ifconv ]

ST_11: x_assign (178)  [1/1] 0.00ns
.preheader82:11  %x_assign = phi i3 [ 0, %.preheader83.preheader ], [ %x_4, %._crit_edge88_ifconv ]

ST_11: window_2_1_2 (184)  [1/1] 0.00ns
.preheader82:17  %window_2_1_2 = load i32* %window_2_1

ST_11: empty_14 (193)  [1/1] 0.00ns
.preheader83:0  %empty_14 = call i32 (...)* @_ssdm_op_SpecLoopTripCount(i64 16, i64 16, i64 16)

ST_11: exitcond2 (194)  [1/1] 1.62ns  loc: cnn_conv_d4x4_k3x3/core.cpp:123
.preheader83:1  %exitcond2 = icmp eq i3 %x_assign, -4

ST_11: x_assign_mid2 (195)  [1/1] 1.37ns  loc: cnn_conv_d4x4_k3x3/core.cpp:123
.preheader83:2  %x_assign_mid2 = select i1 %exitcond2, i3 0, i3 %x_assign

ST_11: y_s (196)  [1/1] 0.80ns  loc: cnn_conv_d4x4_k3x3/core.cpp:122
.preheader83:3  %y_s = add i3 %y_assign, 1

ST_11: tmp_i_mid1 (197)  [1/1] 1.62ns  loc: cnn_conv_d4x4_k3x3/core.cpp:40->cnn_conv_d4x4_k3x3/core.cpp:127
.preheader83:4  %tmp_i_mid1 = icmp eq i3 %y_s, 0

ST_11: tmp_i (198)  [1/1] 1.62ns  loc: cnn_conv_d4x4_k3x3/core.cpp:40->cnn_conv_d4x4_k3x3/core.cpp:127
.preheader83:5  %tmp_i = icmp eq i3 %y_assign, 0

ST_11: tmp_i_mid2 (199)  [1/1] 0.00ns  loc: cnn_conv_d4x4_k3x3/core.cpp:40->cnn_conv_d4x4_k3x3/core.cpp:127 (grouped into LUT with out node tmp1)
.preheader83:6  %tmp_i_mid2 = select i1 %exitcond2, i1 %tmp_i_mid1, i1 %tmp_i

ST_11: tmp_2_i_mid1 (200)  [1/1] 1.62ns  loc: cnn_conv_d4x4_k3x3/core.cpp:40->cnn_conv_d4x4_k3x3/core.cpp:127
.preheader83:7  %tmp_2_i_mid1 = icmp ugt i3 %y_s, 2

ST_11: tmp_2_i (201)  [1/1] 1.62ns  loc: cnn_conv_d4x4_k3x3/core.cpp:40->cnn_conv_d4x4_k3x3/core.cpp:127
.preheader83:8  %tmp_2_i = icmp ugt i3 %y_assign, 2

ST_11: tmp_2_i_mid2 (202)  [1/1] 0.00ns  loc: cnn_conv_d4x4_k3x3/core.cpp:40->cnn_conv_d4x4_k3x3/core.cpp:127 (grouped into LUT with out node p_i)
.preheader83:9  %tmp_2_i_mid2 = select i1 %exitcond2, i1 %tmp_2_i_mid1, i1 %tmp_2_i

ST_11: y_assign_mid2 (203)  [1/1] 1.37ns  loc: cnn_conv_d4x4_k3x3/core.cpp:123
.preheader83:10  %y_assign_mid2 = select i1 %exitcond2, i3 %y_s, i3 %y_assign

ST_11: tmp_3 (204)  [1/1] 0.00ns  loc: cnn_conv_d4x4_k3x3/core.cpp:123
.preheader83:11  %tmp_3 = call i32 (...)* @_ssdm_op_SpecRegionBegin([12 x i8]* @p_str9)

ST_11: StgValue_182 (205)  [1/1] 0.00ns  loc: cnn_conv_d4x4_k3x3/core.cpp:124
.preheader83:12  call void (...)* @_ssdm_op_SpecPipeline(i32 -1, i32 1, i32 1, i32 0, [1 x i8]* @p_str2) nounwind

ST_11: tmp_i_15 (206)  [1/1] 1.62ns  loc: cnn_conv_d4x4_k3x3/core.cpp:40->cnn_conv_d4x4_k3x3/core.cpp:127
.preheader83:13  %tmp_i_15 = icmp eq i3 %x_assign_mid2, 0

ST_11: tmp_1_i (207)  [1/1] 1.62ns  loc: cnn_conv_d4x4_k3x3/core.cpp:40->cnn_conv_d4x4_k3x3/core.cpp:127
.preheader83:14  %tmp_1_i = icmp ugt i3 %x_assign_mid2, 2

ST_11: tmp1 (208)  [1/1] 1.37ns  loc: cnn_conv_d4x4_k3x3/core.cpp:40->cnn_conv_d4x4_k3x3/core.cpp:127 (out node of the LUT)
.preheader83:15  %tmp1 = or i1 %tmp_i_15, %tmp_i_mid2

ST_11: tmp2 (209)  [1/1] 0.00ns  loc: cnn_conv_d4x4_k3x3/core.cpp:40->cnn_conv_d4x4_k3x3/core.cpp:127 (grouped into LUT with out node p_i)
.preheader83:16  %tmp2 = or i1 %tmp_1_i, %tmp_2_i_mid2

ST_11: p_i (210)  [1/1] 1.37ns  loc: cnn_conv_d4x4_k3x3/core.cpp:40->cnn_conv_d4x4_k3x3/core.cpp:127 (out node of the LUT)
.preheader83:17  %p_i = or i1 %tmp2, %tmp1

ST_11: StgValue_188 (211)  [1/1] 0.00ns  loc: cnn_conv_d4x4_k3x3/core.cpp:127
.preheader83:18  br i1 %p_i, label %._crit_edge_ifconv, label %_ifconv59

ST_11: tmp_13 (272)  [1/1] 0.00ns  loc: cnn_conv_d4x4_k3x3/core.cpp:123
._crit_edge_ifconv:3  %tmp_13 = trunc i3 %x_assign_mid2 to i2

ST_11: empty_12 (293)  [1/2] 0.00ns  loc: cnn_conv_d4x4_k3x3/core.cpp:153
:0  %empty_12 = call { i32, i4, i4, i2, i1, i5, i6 } @_ssdm_op_Read.axis.volatile.i32P.i4P.i4P.i2P.i1P.i5P.i6P(i32* %inStream_V_data_V, i4* %inStream_V_keep_V, i4* %inStream_V_strb_V, i2* %inStream_V_user_V, i1* %inStream_V_last_V, i5* %inStream_V_id_V, i6* %inStream_V_dest_V)

ST_11: tmp_data_V_4 (294)  [1/1] 0.00ns  loc: cnn_conv_d4x4_k3x3/core.cpp:153
:1  %tmp_data_V_4 = extractvalue { i32, i4, i4, i2, i1, i5, i6 } %empty_12, 0

ST_11: StgValue_192 (297)  [1/1] 1.57ns  loc: cnn_conv_d4x4_k3x3/core.cpp:153
:4  store i32 %tmp_data_V_4, i32* %window_2_1

ST_11: StgValue_193 (298)  [1/1] 0.00ns  loc: cnn_conv_d4x4_k3x3/core.cpp:155
:5  br label %._crit_edge88_ifconv

ST_11: x_4 (309)  [1/1] 0.80ns  loc: cnn_conv_d4x4_k3x3/core.cpp:123
._crit_edge88_ifconv:9  %x_4 = add i3 %x_assign_mid2, 1


 <State 12>: 4.81ns
ST_12: lineBuffer_1_3_3 (169)  [1/1] 0.00ns
.preheader82:2  %lineBuffer_1_3_3 = phi i32 [ %lineBuffer_1_3, %.preheader83.preheader ], [ %lineBuffer_1_3_10, %._crit_edge88_ifconv ]

ST_12: lineBuffer_1_2_3 (170)  [1/1] 0.00ns
.preheader82:3  %lineBuffer_1_2_3 = phi i32 [ %lineBuffer_1_2, %.preheader83.preheader ], [ %lineBuffer_1_3_11, %._crit_edge88_ifconv ]

ST_12: lineBuffer_1_3_17 (171)  [1/1] 0.00ns
.preheader82:4  %lineBuffer_1_3_17 = phi i32 [ %lineBuffer_1_3_5, %.preheader83.preheader ], [ %lineBuffer_1_3_19, %._crit_edge88_ifconv ]

ST_12: lineBuffer_1_3_1 (172)  [1/1] 0.00ns
.preheader82:5  %lineBuffer_1_3_1 = phi i32 [ %lineBuffer_1_3_8, %.preheader83.preheader ], [ %lineBuffer_1_3_20, %._crit_edge88_ifconv ]

ST_12: lineBuffer_0_3_3 (173)  [1/1] 0.00ns
.preheader82:6  %lineBuffer_0_3_3 = phi i32 [ %lineBuffer_0_3, %.preheader83.preheader ], [ %lineBuffer_0_3_6, %._crit_edge88_ifconv ]

ST_12: lineBuffer_0_2_s (174)  [1/1] 0.00ns
.preheader82:7  %lineBuffer_0_2_s = phi i32 [ %lineBuffer_0_2, %.preheader83.preheader ], [ %lineBuffer_0_3_7, %._crit_edge88_ifconv ]

ST_12: window_2_0 (175)  [1/1] 0.00ns
.preheader82:8  %window_2_0 = phi i32 [ %window_2_1_1, %.preheader83.preheader ], [ %window_2_1_2, %._crit_edge88_ifconv ]

ST_12: window_1_1 (176)  [1/1] 0.00ns
.preheader82:9  %window_1_1 = phi i32 [ %window_1_2_1, %.preheader83.preheader ], [ %lineBuffer_0_3_15, %._crit_edge88_ifconv ]

ST_12: window_1_0 (177)  [1/1] 0.00ns
.preheader82:10  %window_1_0 = phi i32 [ %window_1_1_1, %.preheader83.preheader ], [ %window_1_1, %._crit_edge88_ifconv ]

ST_12: window_0_0_read_as_1 (179)  [1/1] 0.00ns  loc: cnn_conv_d4x4_k3x3/core.cpp:53->cnn_conv_d4x4_k3x3/core.cpp:133
.preheader82:12  %window_0_0_read_as_1 = load i32* %window_0_0_read_as

ST_12: window_0_0_load (180)  [1/1] 0.00ns
.preheader82:13  %window_0_0_load = load i32* %window_0_0

ST_12: window_0_1_load (181)  [1/1] 0.00ns
.preheader82:14  %window_0_1_load = load i32* %window_0_1

ST_12: window_1_0_read_as_1 (182)  [1/1] 0.00ns  loc: cnn_conv_d4x4_k3x3/core.cpp:53->cnn_conv_d4x4_k3x3/core.cpp:133
.preheader82:15  %window_1_0_read_as_1 = load i32* %window_1_0_read_as

ST_12: window_2_0_read_as_1 (183)  [1/1] 0.00ns  loc: cnn_conv_d4x4_k3x3/core.cpp:53->cnn_conv_d4x4_k3x3/core.cpp:133
.preheader82:16  %window_2_0_read_as_1 = load i32* %window_2_0_read_as

ST_12: StgValue_209 (187)  [1/1] 0.00ns  loc: cnn_conv_d4x4_k3x3/core.cpp:117
.preheader82:20  store i32 %window_2_0, i32* %window_2_0_read_as

ST_12: StgValue_210 (188)  [1/1] 0.00ns  loc: cnn_conv_d4x4_k3x3/core.cpp:117
.preheader82:21  store i32 %window_1_0, i32* %window_1_0_read_as

ST_12: StgValue_211 (189)  [1/1] 0.00ns
.preheader82:22  store i32 %window_0_1_load, i32* %window_0_0

ST_12: StgValue_212 (190)  [1/1] 0.00ns
.preheader82:23  store i32 %window_0_0_load, i32* %window_0_0_read_as

ST_12: StgValue_213 (191)  [1/1] 0.00ns
.preheader82:24  br i1 %exitcond_flatten8, label %3, label %.preheader83

ST_12: window_0_1_load_1 (213)  [1/1] 0.00ns  loc: cnn_conv_d4x4_k3x3/core.cpp:53->cnn_conv_d4x4_k3x3/core.cpp:133
_ifconv59:0  %window_0_1_load_1 = load i32* %window_0_1

ST_12: kernel_0_read (216)  [1/1] 1.00ns  loc: cnn_conv_d4x4_k3x3/core.cpp:133
_ifconv59:3  %kernel_0_read = call i32 @_ssdm_op_Read.s_axilite.i32P(i32* %kernel_0)

ST_12: kernel_1_read (217)  [1/1] 1.00ns  loc: cnn_conv_d4x4_k3x3/core.cpp:133
_ifconv59:4  %kernel_1_read = call i32 @_ssdm_op_Read.s_axilite.i32P(i32* %kernel_1)

ST_12: kernel_2_read (218)  [1/1] 1.00ns  loc: cnn_conv_d4x4_k3x3/core.cpp:133
_ifconv59:5  %kernel_2_read = call i32 @_ssdm_op_Read.s_axilite.i32P(i32* %kernel_2)

ST_12: kernel_3_read (219)  [1/1] 1.00ns  loc: cnn_conv_d4x4_k3x3/core.cpp:133
_ifconv59:6  %kernel_3_read = call i32 @_ssdm_op_Read.s_axilite.i32P(i32* %kernel_3)

ST_12: kernel_4_read (220)  [1/1] 1.00ns  loc: cnn_conv_d4x4_k3x3/core.cpp:133
_ifconv59:7  %kernel_4_read = call i32 @_ssdm_op_Read.s_axilite.i32P(i32* %kernel_4)

ST_12: kernel_5_read (221)  [1/1] 1.00ns  loc: cnn_conv_d4x4_k3x3/core.cpp:133
_ifconv59:8  %kernel_5_read = call i32 @_ssdm_op_Read.s_axilite.i32P(i32* %kernel_5)

ST_12: kernel_6_read (222)  [1/1] 1.00ns  loc: cnn_conv_d4x4_k3x3/core.cpp:133
_ifconv59:9  %kernel_6_read = call i32 @_ssdm_op_Read.s_axilite.i32P(i32* %kernel_6)

ST_12: kernel_7_read (223)  [1/1] 1.00ns  loc: cnn_conv_d4x4_k3x3/core.cpp:133
_ifconv59:10  %kernel_7_read = call i32 @_ssdm_op_Read.s_axilite.i32P(i32* %kernel_7)

ST_12: kernel_8_read (224)  [1/1] 1.00ns  loc: cnn_conv_d4x4_k3x3/core.cpp:133
_ifconv59:11  %kernel_8_read = call i32 @_ssdm_op_Read.s_axilite.i32P(i32* %kernel_8)

ST_12: tmp_9_0_i (225)  [8/8] 3.81ns  loc: cnn_conv_d4x4_k3x3/core.cpp:53->cnn_conv_d4x4_k3x3/core.cpp:133
_ifconv59:12  %tmp_9_0_i = call fastcc i23 @fixed_point_mul(i32 %window_0_0_read_as_1, i32 %kernel_0_read)

ST_12: tmp_9_0_1_i (226)  [8/8] 3.81ns  loc: cnn_conv_d4x4_k3x3/core.cpp:53->cnn_conv_d4x4_k3x3/core.cpp:133
_ifconv59:13  %tmp_9_0_1_i = call fastcc i23 @fixed_point_mul(i32 %window_0_0_load, i32 %kernel_1_read)

ST_12: tmp_9_0_2_i (227)  [8/8] 3.81ns  loc: cnn_conv_d4x4_k3x3/core.cpp:53->cnn_conv_d4x4_k3x3/core.cpp:133
_ifconv59:14  %tmp_9_0_2_i = call fastcc i23 @fixed_point_mul(i32 %window_0_1_load_1, i32 %kernel_2_read)

ST_12: tmp_9_1_i (228)  [8/8] 3.81ns  loc: cnn_conv_d4x4_k3x3/core.cpp:53->cnn_conv_d4x4_k3x3/core.cpp:133
_ifconv59:15  %tmp_9_1_i = call fastcc i23 @fixed_point_mul(i32 %window_1_0_read_as_1, i32 %kernel_3_read)

ST_12: tmp_9_1_1_i (229)  [8/8] 3.81ns  loc: cnn_conv_d4x4_k3x3/core.cpp:53->cnn_conv_d4x4_k3x3/core.cpp:133
_ifconv59:16  %tmp_9_1_1_i = call fastcc i23 @fixed_point_mul(i32 %window_1_0, i32 %kernel_4_read)

ST_12: tmp_9_1_2_i (230)  [8/8] 3.81ns  loc: cnn_conv_d4x4_k3x3/core.cpp:53->cnn_conv_d4x4_k3x3/core.cpp:133
_ifconv59:17  %tmp_9_1_2_i = call fastcc i23 @fixed_point_mul(i32 %window_1_1, i32 %kernel_5_read)

ST_12: tmp_9_2_i (231)  [8/8] 3.81ns  loc: cnn_conv_d4x4_k3x3/core.cpp:53->cnn_conv_d4x4_k3x3/core.cpp:133
_ifconv59:18  %tmp_9_2_i = call fastcc i23 @fixed_point_mul(i32 %window_2_0_read_as_1, i32 %kernel_6_read)

ST_12: tmp_9_2_1_i (232)  [8/8] 3.81ns  loc: cnn_conv_d4x4_k3x3/core.cpp:53->cnn_conv_d4x4_k3x3/core.cpp:133
_ifconv59:19  %tmp_9_2_1_i = call fastcc i23 @fixed_point_mul(i32 %window_2_0, i32 %kernel_7_read)

ST_12: tmp_9_2_2_i (233)  [8/8] 3.81ns  loc: cnn_conv_d4x4_k3x3/core.cpp:53->cnn_conv_d4x4_k3x3/core.cpp:133
_ifconv59:20  %tmp_9_2_2_i = call fastcc i23 @fixed_point_mul(i32 %window_2_1_2, i32 %kernel_8_read)

ST_12: lineBuffer_0_3_5_l (269)  [1/1] 0.00ns
._crit_edge_ifconv:0  %lineBuffer_0_3_5_l = load i32* %lineBuffer_0_3_5

ST_12: lineBuffer_0_3_8_l (270)  [1/1] 0.00ns
._crit_edge_ifconv:1  %lineBuffer_0_3_8_l = load i32* %lineBuffer_0_3_8

ST_12: windowRightCol_0 (273)  [1/1] 1.57ns  loc: cnn_conv_d4x4_k3x3/core.cpp:98
._crit_edge_ifconv:4  %windowRightCol_0 = call i32 @_ssdm_op_Mux.ap_auto.4i32.i2(i32 %lineBuffer_0_3_5_l, i32 %lineBuffer_0_3_8_l, i32 %lineBuffer_0_2_s, i32 %lineBuffer_0_3_3, i2 %tmp_13)

ST_12: lineBuffer_0_3_15 (274)  [1/1] 1.57ns  loc: cnn_conv_d4x4_k3x3/core.cpp:103
._crit_edge_ifconv:5  %lineBuffer_0_3_15 = call i32 @_ssdm_op_Mux.ap_auto.4i32.i2(i32 %lineBuffer_1_3_1, i32 %lineBuffer_1_3_17, i32 %lineBuffer_1_2_3, i32 %lineBuffer_1_3_3, i2 %tmp_13)

ST_12: sel_tmp2 (275)  [1/1] 1.36ns  loc: cnn_conv_d4x4_k3x3/core.cpp:123
._crit_edge_ifconv:6  %sel_tmp2 = icmp eq i2 %tmp_13, -2

ST_12: sel_tmp3 (276)  [1/1] 1.36ns  loc: cnn_conv_d4x4_k3x3/core.cpp:123
._crit_edge_ifconv:7  %sel_tmp3 = icmp eq i2 %tmp_13, 1

ST_12: sel_tmp4 (277)  [1/1] 1.36ns  loc: cnn_conv_d4x4_k3x3/core.cpp:123
._crit_edge_ifconv:8  %sel_tmp4 = icmp eq i2 %tmp_13, 0

ST_12: or_cond2 (278)  [1/1] 1.37ns  loc: cnn_conv_d4x4_k3x3/core.cpp:123
._crit_edge_ifconv:9  %or_cond2 = or i1 %sel_tmp4, %sel_tmp3

ST_12: newSel4 (279)  [1/1] 0.00ns  loc: cnn_conv_d4x4_k3x3/core.cpp:123 (grouped into LUT with out node lineBuffer_0_3_6)
._crit_edge_ifconv:10  %newSel4 = select i1 %sel_tmp2, i32 %lineBuffer_0_3_3, i32 %lineBuffer_0_3_15

ST_12: lineBuffer_0_3_6 (280)  [1/1] 1.37ns  loc: cnn_conv_d4x4_k3x3/core.cpp:123 (out node of the LUT)
._crit_edge_ifconv:11  %lineBuffer_0_3_6 = select i1 %or_cond2, i32 %lineBuffer_0_3_3, i32 %newSel4

ST_12: newSel6 (281)  [1/1] 0.00ns  loc: cnn_conv_d4x4_k3x3/core.cpp:123 (grouped into LUT with out node lineBuffer_0_3_7)
._crit_edge_ifconv:12  %newSel6 = select i1 %sel_tmp2, i32 %lineBuffer_0_3_15, i32 %lineBuffer_0_2_s

ST_12: lineBuffer_0_3_7 (282)  [1/1] 1.37ns  loc: cnn_conv_d4x4_k3x3/core.cpp:123 (out node of the LUT)
._crit_edge_ifconv:13  %lineBuffer_0_3_7 = select i1 %or_cond2, i32 %lineBuffer_0_2_s, i32 %newSel6

ST_12: lineBuffer_0_3_9 (283)  [1/1] 0.00ns  loc: cnn_conv_d4x4_k3x3/core.cpp:123 (grouped into LUT with out node lineBuffer_0_3_13)
._crit_edge_ifconv:14  %lineBuffer_0_3_9 = select i1 %sel_tmp3, i32 %lineBuffer_0_3_15, i32 %lineBuffer_0_3_8_l

ST_12: lineBuffer_0_3_13 (284)  [1/1] 1.37ns  loc: cnn_conv_d4x4_k3x3/core.cpp:123 (out node of the LUT)
._crit_edge_ifconv:15  %lineBuffer_0_3_13 = select i1 %sel_tmp4, i32 %lineBuffer_0_3_8_l, i32 %lineBuffer_0_3_9

ST_12: lineBuffer_0_3_14 (285)  [1/1] 1.37ns  loc: cnn_conv_d4x4_k3x3/core.cpp:123
._crit_edge_ifconv:16  %lineBuffer_0_3_14 = select i1 %sel_tmp4, i32 %lineBuffer_0_3_15, i32 %lineBuffer_0_3_5_l

ST_12: StgValue_248 (288)  [1/1] 0.00ns  loc: cnn_conv_d4x4_k3x3/core.cpp:123
._crit_edge_ifconv:19  store i32 %lineBuffer_0_3_13, i32* %lineBuffer_0_3_8

ST_12: StgValue_249 (289)  [1/1] 0.00ns  loc: cnn_conv_d4x4_k3x3/core.cpp:123
._crit_edge_ifconv:20  store i32 %lineBuffer_0_3_14, i32* %lineBuffer_0_3_5

ST_12: StgValue_250 (290)  [1/1] 0.00ns  loc: cnn_conv_d4x4_k3x3/core.cpp:98
._crit_edge_ifconv:21  store i32 %windowRightCol_0, i32* %window_0_1

ST_12: lineBuffer_1_3_21 (300)  [1/1] 0.00ns
._crit_edge88_ifconv:0  %lineBuffer_1_3_21 = load i32* %window_2_1

ST_12: newSel8 (301)  [1/1] 0.00ns  loc: cnn_conv_d4x4_k3x3/core.cpp:123 (grouped into LUT with out node lineBuffer_1_3_10)
._crit_edge88_ifconv:1  %newSel8 = select i1 %sel_tmp2, i32 %lineBuffer_1_3_3, i32 %lineBuffer_1_3_21

ST_12: lineBuffer_1_3_10 (302)  [1/1] 1.37ns  loc: cnn_conv_d4x4_k3x3/core.cpp:123 (out node of the LUT)
._crit_edge88_ifconv:2  %lineBuffer_1_3_10 = select i1 %or_cond2, i32 %lineBuffer_1_3_3, i32 %newSel8

ST_12: newSel1 (303)  [1/1] 0.00ns  loc: cnn_conv_d4x4_k3x3/core.cpp:123 (grouped into LUT with out node lineBuffer_1_3_11)
._crit_edge88_ifconv:3  %newSel1 = select i1 %sel_tmp2, i32 %lineBuffer_1_3_21, i32 %lineBuffer_1_2_3

ST_12: lineBuffer_1_3_11 (304)  [1/1] 1.37ns  loc: cnn_conv_d4x4_k3x3/core.cpp:123 (out node of the LUT)
._crit_edge88_ifconv:4  %lineBuffer_1_3_11 = select i1 %or_cond2, i32 %lineBuffer_1_2_3, i32 %newSel1

ST_12: lineBuffer_1_3_18 (305)  [1/1] 0.00ns  loc: cnn_conv_d4x4_k3x3/core.cpp:123 (grouped into LUT with out node lineBuffer_1_3_19)
._crit_edge88_ifconv:5  %lineBuffer_1_3_18 = select i1 %sel_tmp3, i32 %lineBuffer_1_3_21, i32 %lineBuffer_1_3_17

ST_12: lineBuffer_1_3_19 (306)  [1/1] 1.37ns  loc: cnn_conv_d4x4_k3x3/core.cpp:123 (out node of the LUT)
._crit_edge88_ifconv:6  %lineBuffer_1_3_19 = select i1 %sel_tmp4, i32 %lineBuffer_1_3_17, i32 %lineBuffer_1_3_18

ST_12: lineBuffer_1_3_20 (307)  [1/1] 1.37ns  loc: cnn_conv_d4x4_k3x3/core.cpp:123
._crit_edge88_ifconv:7  %lineBuffer_1_3_20 = select i1 %sel_tmp4, i32 %lineBuffer_1_3_21, i32 %lineBuffer_1_3_1

ST_12: empty_13 (308)  [1/1] 0.00ns  loc: cnn_conv_d4x4_k3x3/core.cpp:169
._crit_edge88_ifconv:8  %empty_13 = call i32 (...)* @_ssdm_op_SpecRegionEnd([12 x i8]* @p_str9, i32 %tmp_3)

ST_12: StgValue_260 (310)  [1/1] 0.00ns  loc: cnn_conv_d4x4_k3x3/core.cpp:123
._crit_edge88_ifconv:10  br label %.preheader82


 <State 13>: 6.08ns
ST_13: tmp_9_0_i (225)  [7/8] 6.08ns  loc: cnn_conv_d4x4_k3x3/core.cpp:53->cnn_conv_d4x4_k3x3/core.cpp:133
_ifconv59:12  %tmp_9_0_i = call fastcc i23 @fixed_point_mul(i32 %window_0_0_read_as_1, i32 %kernel_0_read)

ST_13: tmp_9_0_1_i (226)  [7/8] 6.08ns  loc: cnn_conv_d4x4_k3x3/core.cpp:53->cnn_conv_d4x4_k3x3/core.cpp:133
_ifconv59:13  %tmp_9_0_1_i = call fastcc i23 @fixed_point_mul(i32 %window_0_0_load, i32 %kernel_1_read)

ST_13: tmp_9_0_2_i (227)  [7/8] 6.08ns  loc: cnn_conv_d4x4_k3x3/core.cpp:53->cnn_conv_d4x4_k3x3/core.cpp:133
_ifconv59:14  %tmp_9_0_2_i = call fastcc i23 @fixed_point_mul(i32 %window_0_1_load_1, i32 %kernel_2_read)

ST_13: tmp_9_1_i (228)  [7/8] 6.08ns  loc: cnn_conv_d4x4_k3x3/core.cpp:53->cnn_conv_d4x4_k3x3/core.cpp:133
_ifconv59:15  %tmp_9_1_i = call fastcc i23 @fixed_point_mul(i32 %window_1_0_read_as_1, i32 %kernel_3_read)

ST_13: tmp_9_1_1_i (229)  [7/8] 6.08ns  loc: cnn_conv_d4x4_k3x3/core.cpp:53->cnn_conv_d4x4_k3x3/core.cpp:133
_ifconv59:16  %tmp_9_1_1_i = call fastcc i23 @fixed_point_mul(i32 %window_1_0, i32 %kernel_4_read)

ST_13: tmp_9_1_2_i (230)  [7/8] 6.08ns  loc: cnn_conv_d4x4_k3x3/core.cpp:53->cnn_conv_d4x4_k3x3/core.cpp:133
_ifconv59:17  %tmp_9_1_2_i = call fastcc i23 @fixed_point_mul(i32 %window_1_1, i32 %kernel_5_read)

ST_13: tmp_9_2_i (231)  [7/8] 6.08ns  loc: cnn_conv_d4x4_k3x3/core.cpp:53->cnn_conv_d4x4_k3x3/core.cpp:133
_ifconv59:18  %tmp_9_2_i = call fastcc i23 @fixed_point_mul(i32 %window_2_0_read_as_1, i32 %kernel_6_read)

ST_13: tmp_9_2_1_i (232)  [7/8] 6.08ns  loc: cnn_conv_d4x4_k3x3/core.cpp:53->cnn_conv_d4x4_k3x3/core.cpp:133
_ifconv59:19  %tmp_9_2_1_i = call fastcc i23 @fixed_point_mul(i32 %window_2_0, i32 %kernel_7_read)

ST_13: tmp_9_2_2_i (233)  [7/8] 6.08ns  loc: cnn_conv_d4x4_k3x3/core.cpp:53->cnn_conv_d4x4_k3x3/core.cpp:133
_ifconv59:20  %tmp_9_2_2_i = call fastcc i23 @fixed_point_mul(i32 %window_2_1_2, i32 %kernel_8_read)


 <State 14>: 6.08ns
ST_14: tmp_9_0_i (225)  [6/8] 6.08ns  loc: cnn_conv_d4x4_k3x3/core.cpp:53->cnn_conv_d4x4_k3x3/core.cpp:133
_ifconv59:12  %tmp_9_0_i = call fastcc i23 @fixed_point_mul(i32 %window_0_0_read_as_1, i32 %kernel_0_read)

ST_14: tmp_9_0_1_i (226)  [6/8] 6.08ns  loc: cnn_conv_d4x4_k3x3/core.cpp:53->cnn_conv_d4x4_k3x3/core.cpp:133
_ifconv59:13  %tmp_9_0_1_i = call fastcc i23 @fixed_point_mul(i32 %window_0_0_load, i32 %kernel_1_read)

ST_14: tmp_9_0_2_i (227)  [6/8] 6.08ns  loc: cnn_conv_d4x4_k3x3/core.cpp:53->cnn_conv_d4x4_k3x3/core.cpp:133
_ifconv59:14  %tmp_9_0_2_i = call fastcc i23 @fixed_point_mul(i32 %window_0_1_load_1, i32 %kernel_2_read)

ST_14: tmp_9_1_i (228)  [6/8] 6.08ns  loc: cnn_conv_d4x4_k3x3/core.cpp:53->cnn_conv_d4x4_k3x3/core.cpp:133
_ifconv59:15  %tmp_9_1_i = call fastcc i23 @fixed_point_mul(i32 %window_1_0_read_as_1, i32 %kernel_3_read)

ST_14: tmp_9_1_1_i (229)  [6/8] 6.08ns  loc: cnn_conv_d4x4_k3x3/core.cpp:53->cnn_conv_d4x4_k3x3/core.cpp:133
_ifconv59:16  %tmp_9_1_1_i = call fastcc i23 @fixed_point_mul(i32 %window_1_0, i32 %kernel_4_read)

ST_14: tmp_9_1_2_i (230)  [6/8] 6.08ns  loc: cnn_conv_d4x4_k3x3/core.cpp:53->cnn_conv_d4x4_k3x3/core.cpp:133
_ifconv59:17  %tmp_9_1_2_i = call fastcc i23 @fixed_point_mul(i32 %window_1_1, i32 %kernel_5_read)

ST_14: tmp_9_2_i (231)  [6/8] 6.08ns  loc: cnn_conv_d4x4_k3x3/core.cpp:53->cnn_conv_d4x4_k3x3/core.cpp:133
_ifconv59:18  %tmp_9_2_i = call fastcc i23 @fixed_point_mul(i32 %window_2_0_read_as_1, i32 %kernel_6_read)

ST_14: tmp_9_2_1_i (232)  [6/8] 6.08ns  loc: cnn_conv_d4x4_k3x3/core.cpp:53->cnn_conv_d4x4_k3x3/core.cpp:133
_ifconv59:19  %tmp_9_2_1_i = call fastcc i23 @fixed_point_mul(i32 %window_2_0, i32 %kernel_7_read)

ST_14: tmp_9_2_2_i (233)  [6/8] 6.08ns  loc: cnn_conv_d4x4_k3x3/core.cpp:53->cnn_conv_d4x4_k3x3/core.cpp:133
_ifconv59:20  %tmp_9_2_2_i = call fastcc i23 @fixed_point_mul(i32 %window_2_1_2, i32 %kernel_8_read)


 <State 15>: 6.08ns
ST_15: tmp_9_0_i (225)  [5/8] 6.08ns  loc: cnn_conv_d4x4_k3x3/core.cpp:53->cnn_conv_d4x4_k3x3/core.cpp:133
_ifconv59:12  %tmp_9_0_i = call fastcc i23 @fixed_point_mul(i32 %window_0_0_read_as_1, i32 %kernel_0_read)

ST_15: tmp_9_0_1_i (226)  [5/8] 6.08ns  loc: cnn_conv_d4x4_k3x3/core.cpp:53->cnn_conv_d4x4_k3x3/core.cpp:133
_ifconv59:13  %tmp_9_0_1_i = call fastcc i23 @fixed_point_mul(i32 %window_0_0_load, i32 %kernel_1_read)

ST_15: tmp_9_0_2_i (227)  [5/8] 6.08ns  loc: cnn_conv_d4x4_k3x3/core.cpp:53->cnn_conv_d4x4_k3x3/core.cpp:133
_ifconv59:14  %tmp_9_0_2_i = call fastcc i23 @fixed_point_mul(i32 %window_0_1_load_1, i32 %kernel_2_read)

ST_15: tmp_9_1_i (228)  [5/8] 6.08ns  loc: cnn_conv_d4x4_k3x3/core.cpp:53->cnn_conv_d4x4_k3x3/core.cpp:133
_ifconv59:15  %tmp_9_1_i = call fastcc i23 @fixed_point_mul(i32 %window_1_0_read_as_1, i32 %kernel_3_read)

ST_15: tmp_9_1_1_i (229)  [5/8] 6.08ns  loc: cnn_conv_d4x4_k3x3/core.cpp:53->cnn_conv_d4x4_k3x3/core.cpp:133
_ifconv59:16  %tmp_9_1_1_i = call fastcc i23 @fixed_point_mul(i32 %window_1_0, i32 %kernel_4_read)

ST_15: tmp_9_1_2_i (230)  [5/8] 6.08ns  loc: cnn_conv_d4x4_k3x3/core.cpp:53->cnn_conv_d4x4_k3x3/core.cpp:133
_ifconv59:17  %tmp_9_1_2_i = call fastcc i23 @fixed_point_mul(i32 %window_1_1, i32 %kernel_5_read)

ST_15: tmp_9_2_i (231)  [5/8] 6.08ns  loc: cnn_conv_d4x4_k3x3/core.cpp:53->cnn_conv_d4x4_k3x3/core.cpp:133
_ifconv59:18  %tmp_9_2_i = call fastcc i23 @fixed_point_mul(i32 %window_2_0_read_as_1, i32 %kernel_6_read)

ST_15: tmp_9_2_1_i (232)  [5/8] 6.08ns  loc: cnn_conv_d4x4_k3x3/core.cpp:53->cnn_conv_d4x4_k3x3/core.cpp:133
_ifconv59:19  %tmp_9_2_1_i = call fastcc i23 @fixed_point_mul(i32 %window_2_0, i32 %kernel_7_read)

ST_15: tmp_9_2_2_i (233)  [5/8] 6.08ns  loc: cnn_conv_d4x4_k3x3/core.cpp:53->cnn_conv_d4x4_k3x3/core.cpp:133
_ifconv59:20  %tmp_9_2_2_i = call fastcc i23 @fixed_point_mul(i32 %window_2_1_2, i32 %kernel_8_read)


 <State 16>: 6.08ns
ST_16: tmp_9_0_i (225)  [4/8] 6.08ns  loc: cnn_conv_d4x4_k3x3/core.cpp:53->cnn_conv_d4x4_k3x3/core.cpp:133
_ifconv59:12  %tmp_9_0_i = call fastcc i23 @fixed_point_mul(i32 %window_0_0_read_as_1, i32 %kernel_0_read)

ST_16: tmp_9_0_1_i (226)  [4/8] 6.08ns  loc: cnn_conv_d4x4_k3x3/core.cpp:53->cnn_conv_d4x4_k3x3/core.cpp:133
_ifconv59:13  %tmp_9_0_1_i = call fastcc i23 @fixed_point_mul(i32 %window_0_0_load, i32 %kernel_1_read)

ST_16: tmp_9_0_2_i (227)  [4/8] 6.08ns  loc: cnn_conv_d4x4_k3x3/core.cpp:53->cnn_conv_d4x4_k3x3/core.cpp:133
_ifconv59:14  %tmp_9_0_2_i = call fastcc i23 @fixed_point_mul(i32 %window_0_1_load_1, i32 %kernel_2_read)

ST_16: tmp_9_1_i (228)  [4/8] 6.08ns  loc: cnn_conv_d4x4_k3x3/core.cpp:53->cnn_conv_d4x4_k3x3/core.cpp:133
_ifconv59:15  %tmp_9_1_i = call fastcc i23 @fixed_point_mul(i32 %window_1_0_read_as_1, i32 %kernel_3_read)

ST_16: tmp_9_1_1_i (229)  [4/8] 6.08ns  loc: cnn_conv_d4x4_k3x3/core.cpp:53->cnn_conv_d4x4_k3x3/core.cpp:133
_ifconv59:16  %tmp_9_1_1_i = call fastcc i23 @fixed_point_mul(i32 %window_1_0, i32 %kernel_4_read)

ST_16: tmp_9_1_2_i (230)  [4/8] 6.08ns  loc: cnn_conv_d4x4_k3x3/core.cpp:53->cnn_conv_d4x4_k3x3/core.cpp:133
_ifconv59:17  %tmp_9_1_2_i = call fastcc i23 @fixed_point_mul(i32 %window_1_1, i32 %kernel_5_read)

ST_16: tmp_9_2_i (231)  [4/8] 6.08ns  loc: cnn_conv_d4x4_k3x3/core.cpp:53->cnn_conv_d4x4_k3x3/core.cpp:133
_ifconv59:18  %tmp_9_2_i = call fastcc i23 @fixed_point_mul(i32 %window_2_0_read_as_1, i32 %kernel_6_read)

ST_16: tmp_9_2_1_i (232)  [4/8] 6.08ns  loc: cnn_conv_d4x4_k3x3/core.cpp:53->cnn_conv_d4x4_k3x3/core.cpp:133
_ifconv59:19  %tmp_9_2_1_i = call fastcc i23 @fixed_point_mul(i32 %window_2_0, i32 %kernel_7_read)

ST_16: tmp_9_2_2_i (233)  [4/8] 6.08ns  loc: cnn_conv_d4x4_k3x3/core.cpp:53->cnn_conv_d4x4_k3x3/core.cpp:133
_ifconv59:20  %tmp_9_2_2_i = call fastcc i23 @fixed_point_mul(i32 %window_2_1_2, i32 %kernel_8_read)


 <State 17>: 6.08ns
ST_17: tmp_9_0_i (225)  [3/8] 6.08ns  loc: cnn_conv_d4x4_k3x3/core.cpp:53->cnn_conv_d4x4_k3x3/core.cpp:133
_ifconv59:12  %tmp_9_0_i = call fastcc i23 @fixed_point_mul(i32 %window_0_0_read_as_1, i32 %kernel_0_read)

ST_17: tmp_9_0_1_i (226)  [3/8] 6.08ns  loc: cnn_conv_d4x4_k3x3/core.cpp:53->cnn_conv_d4x4_k3x3/core.cpp:133
_ifconv59:13  %tmp_9_0_1_i = call fastcc i23 @fixed_point_mul(i32 %window_0_0_load, i32 %kernel_1_read)

ST_17: tmp_9_0_2_i (227)  [3/8] 6.08ns  loc: cnn_conv_d4x4_k3x3/core.cpp:53->cnn_conv_d4x4_k3x3/core.cpp:133
_ifconv59:14  %tmp_9_0_2_i = call fastcc i23 @fixed_point_mul(i32 %window_0_1_load_1, i32 %kernel_2_read)

ST_17: tmp_9_1_i (228)  [3/8] 6.08ns  loc: cnn_conv_d4x4_k3x3/core.cpp:53->cnn_conv_d4x4_k3x3/core.cpp:133
_ifconv59:15  %tmp_9_1_i = call fastcc i23 @fixed_point_mul(i32 %window_1_0_read_as_1, i32 %kernel_3_read)

ST_17: tmp_9_1_1_i (229)  [3/8] 6.08ns  loc: cnn_conv_d4x4_k3x3/core.cpp:53->cnn_conv_d4x4_k3x3/core.cpp:133
_ifconv59:16  %tmp_9_1_1_i = call fastcc i23 @fixed_point_mul(i32 %window_1_0, i32 %kernel_4_read)

ST_17: tmp_9_1_2_i (230)  [3/8] 6.08ns  loc: cnn_conv_d4x4_k3x3/core.cpp:53->cnn_conv_d4x4_k3x3/core.cpp:133
_ifconv59:17  %tmp_9_1_2_i = call fastcc i23 @fixed_point_mul(i32 %window_1_1, i32 %kernel_5_read)

ST_17: tmp_9_2_i (231)  [3/8] 6.08ns  loc: cnn_conv_d4x4_k3x3/core.cpp:53->cnn_conv_d4x4_k3x3/core.cpp:133
_ifconv59:18  %tmp_9_2_i = call fastcc i23 @fixed_point_mul(i32 %window_2_0_read_as_1, i32 %kernel_6_read)

ST_17: tmp_9_2_1_i (232)  [3/8] 6.08ns  loc: cnn_conv_d4x4_k3x3/core.cpp:53->cnn_conv_d4x4_k3x3/core.cpp:133
_ifconv59:19  %tmp_9_2_1_i = call fastcc i23 @fixed_point_mul(i32 %window_2_0, i32 %kernel_7_read)

ST_17: tmp_9_2_2_i (233)  [3/8] 6.08ns  loc: cnn_conv_d4x4_k3x3/core.cpp:53->cnn_conv_d4x4_k3x3/core.cpp:133
_ifconv59:20  %tmp_9_2_2_i = call fastcc i23 @fixed_point_mul(i32 %window_2_1_2, i32 %kernel_8_read)


 <State 18>: 6.08ns
ST_18: tmp_9_0_i (225)  [2/8] 6.08ns  loc: cnn_conv_d4x4_k3x3/core.cpp:53->cnn_conv_d4x4_k3x3/core.cpp:133
_ifconv59:12  %tmp_9_0_i = call fastcc i23 @fixed_point_mul(i32 %window_0_0_read_as_1, i32 %kernel_0_read)

ST_18: tmp_9_0_1_i (226)  [2/8] 6.08ns  loc: cnn_conv_d4x4_k3x3/core.cpp:53->cnn_conv_d4x4_k3x3/core.cpp:133
_ifconv59:13  %tmp_9_0_1_i = call fastcc i23 @fixed_point_mul(i32 %window_0_0_load, i32 %kernel_1_read)

ST_18: tmp_9_0_2_i (227)  [2/8] 6.08ns  loc: cnn_conv_d4x4_k3x3/core.cpp:53->cnn_conv_d4x4_k3x3/core.cpp:133
_ifconv59:14  %tmp_9_0_2_i = call fastcc i23 @fixed_point_mul(i32 %window_0_1_load_1, i32 %kernel_2_read)

ST_18: tmp_9_1_i (228)  [2/8] 6.08ns  loc: cnn_conv_d4x4_k3x3/core.cpp:53->cnn_conv_d4x4_k3x3/core.cpp:133
_ifconv59:15  %tmp_9_1_i = call fastcc i23 @fixed_point_mul(i32 %window_1_0_read_as_1, i32 %kernel_3_read)

ST_18: tmp_9_1_1_i (229)  [2/8] 6.08ns  loc: cnn_conv_d4x4_k3x3/core.cpp:53->cnn_conv_d4x4_k3x3/core.cpp:133
_ifconv59:16  %tmp_9_1_1_i = call fastcc i23 @fixed_point_mul(i32 %window_1_0, i32 %kernel_4_read)

ST_18: tmp_9_1_2_i (230)  [2/8] 6.08ns  loc: cnn_conv_d4x4_k3x3/core.cpp:53->cnn_conv_d4x4_k3x3/core.cpp:133
_ifconv59:17  %tmp_9_1_2_i = call fastcc i23 @fixed_point_mul(i32 %window_1_1, i32 %kernel_5_read)

ST_18: tmp_9_2_i (231)  [2/8] 6.08ns  loc: cnn_conv_d4x4_k3x3/core.cpp:53->cnn_conv_d4x4_k3x3/core.cpp:133
_ifconv59:18  %tmp_9_2_i = call fastcc i23 @fixed_point_mul(i32 %window_2_0_read_as_1, i32 %kernel_6_read)

ST_18: tmp_9_2_1_i (232)  [2/8] 6.08ns  loc: cnn_conv_d4x4_k3x3/core.cpp:53->cnn_conv_d4x4_k3x3/core.cpp:133
_ifconv59:19  %tmp_9_2_1_i = call fastcc i23 @fixed_point_mul(i32 %window_2_0, i32 %kernel_7_read)

ST_18: tmp_9_2_2_i (233)  [2/8] 6.08ns  loc: cnn_conv_d4x4_k3x3/core.cpp:53->cnn_conv_d4x4_k3x3/core.cpp:133
_ifconv59:20  %tmp_9_2_2_i = call fastcc i23 @fixed_point_mul(i32 %window_2_1_2, i32 %kernel_8_read)


 <State 19>: 7.97ns
ST_19: tmp_9_0_i (225)  [1/8] 3.57ns  loc: cnn_conv_d4x4_k3x3/core.cpp:53->cnn_conv_d4x4_k3x3/core.cpp:133
_ifconv59:12  %tmp_9_0_i = call fastcc i23 @fixed_point_mul(i32 %window_0_0_read_as_1, i32 %kernel_0_read)

ST_19: tmp_9_0_1_i (226)  [1/8] 3.57ns  loc: cnn_conv_d4x4_k3x3/core.cpp:53->cnn_conv_d4x4_k3x3/core.cpp:133
_ifconv59:13  %tmp_9_0_1_i = call fastcc i23 @fixed_point_mul(i32 %window_0_0_load, i32 %kernel_1_read)

ST_19: tmp_9_0_2_i (227)  [1/8] 3.57ns  loc: cnn_conv_d4x4_k3x3/core.cpp:53->cnn_conv_d4x4_k3x3/core.cpp:133
_ifconv59:14  %tmp_9_0_2_i = call fastcc i23 @fixed_point_mul(i32 %window_0_1_load_1, i32 %kernel_2_read)

ST_19: tmp_9_1_i (228)  [1/8] 3.57ns  loc: cnn_conv_d4x4_k3x3/core.cpp:53->cnn_conv_d4x4_k3x3/core.cpp:133
_ifconv59:15  %tmp_9_1_i = call fastcc i23 @fixed_point_mul(i32 %window_1_0_read_as_1, i32 %kernel_3_read)

ST_19: tmp_9_1_1_i (229)  [1/8] 3.57ns  loc: cnn_conv_d4x4_k3x3/core.cpp:53->cnn_conv_d4x4_k3x3/core.cpp:133
_ifconv59:16  %tmp_9_1_1_i = call fastcc i23 @fixed_point_mul(i32 %window_1_0, i32 %kernel_4_read)

ST_19: tmp_9_1_2_i (230)  [1/8] 3.57ns  loc: cnn_conv_d4x4_k3x3/core.cpp:53->cnn_conv_d4x4_k3x3/core.cpp:133
_ifconv59:17  %tmp_9_1_2_i = call fastcc i23 @fixed_point_mul(i32 %window_1_1, i32 %kernel_5_read)

ST_19: tmp_9_2_i (231)  [1/8] 3.57ns  loc: cnn_conv_d4x4_k3x3/core.cpp:53->cnn_conv_d4x4_k3x3/core.cpp:133
_ifconv59:18  %tmp_9_2_i = call fastcc i23 @fixed_point_mul(i32 %window_2_0_read_as_1, i32 %kernel_6_read)

ST_19: tmp_9_2_1_i (232)  [1/8] 3.57ns  loc: cnn_conv_d4x4_k3x3/core.cpp:53->cnn_conv_d4x4_k3x3/core.cpp:133
_ifconv59:19  %tmp_9_2_1_i = call fastcc i23 @fixed_point_mul(i32 %window_2_0, i32 %kernel_7_read)

ST_19: tmp_9_2_2_i (233)  [1/8] 3.57ns  loc: cnn_conv_d4x4_k3x3/core.cpp:53->cnn_conv_d4x4_k3x3/core.cpp:133
_ifconv59:20  %tmp_9_2_2_i = call fastcc i23 @fixed_point_mul(i32 %window_2_1_2, i32 %kernel_8_read)

ST_19: tmp94_trunc_ext_cast (234)  [1/1] 0.00ns  loc: cnn_conv_d4x4_k3x3/core.cpp:53->cnn_conv_d4x4_k3x3/core.cpp:133
_ifconv59:21  %tmp94_trunc_ext_cast = sext i23 %tmp_9_2_i to i24

ST_19: tmp94_trunc141_ext_c (235)  [1/1] 0.00ns  loc: cnn_conv_d4x4_k3x3/core.cpp:53->cnn_conv_d4x4_k3x3/core.cpp:133
_ifconv59:22  %tmp94_trunc141_ext_c = sext i23 %tmp_9_2_1_i to i24

ST_19: tmp3 (236)  [1/1] 2.20ns  loc: cnn_conv_d4x4_k3x3/core.cpp:53->cnn_conv_d4x4_k3x3/core.cpp:133
_ifconv59:23  %tmp3 = add i24 %tmp94_trunc141_ext_c, %tmp94_trunc_ext_cast

ST_19: tmp94_cast (237)  [1/1] 0.00ns  loc: cnn_conv_d4x4_k3x3/core.cpp:53->cnn_conv_d4x4_k3x3/core.cpp:133
_ifconv59:24  %tmp94_cast = sext i24 %tmp3 to i25

ST_19: tmp95_trunc_ext_cast (238)  [1/1] 0.00ns  loc: cnn_conv_d4x4_k3x3/core.cpp:53->cnn_conv_d4x4_k3x3/core.cpp:133
_ifconv59:25  %tmp95_trunc_ext_cast = sext i23 %tmp_9_1_1_i to i24

ST_19: tmp95_trunc140_ext_c (239)  [1/1] 0.00ns  loc: cnn_conv_d4x4_k3x3/core.cpp:53->cnn_conv_d4x4_k3x3/core.cpp:133
_ifconv59:26  %tmp95_trunc140_ext_c = sext i23 %tmp_9_1_2_i to i24

ST_19: tmp4 (240)  [1/1] 2.20ns  loc: cnn_conv_d4x4_k3x3/core.cpp:53->cnn_conv_d4x4_k3x3/core.cpp:133
_ifconv59:27  %tmp4 = add i24 %tmp95_trunc_ext_cast, %tmp95_trunc140_ext_c

ST_19: tmp95_cast (241)  [1/1] 0.00ns  loc: cnn_conv_d4x4_k3x3/core.cpp:53->cnn_conv_d4x4_k3x3/core.cpp:133
_ifconv59:28  %tmp95_cast = sext i24 %tmp4 to i25

ST_19: tmp5 (242)  [1/1] 2.20ns  loc: cnn_conv_d4x4_k3x3/core.cpp:53->cnn_conv_d4x4_k3x3/core.cpp:133
_ifconv59:29  %tmp5 = add i25 %tmp94_cast, %tmp95_cast

ST_19: tmp97_trunc_ext_cast (244)  [1/1] 0.00ns  loc: cnn_conv_d4x4_k3x3/core.cpp:53->cnn_conv_d4x4_k3x3/core.cpp:133
_ifconv59:31  %tmp97_trunc_ext_cast = sext i23 %tmp_9_0_i to i24

ST_19: tmp97_trunc139_ext_c (245)  [1/1] 0.00ns  loc: cnn_conv_d4x4_k3x3/core.cpp:53->cnn_conv_d4x4_k3x3/core.cpp:133
_ifconv59:32  %tmp97_trunc139_ext_c = sext i23 %tmp_9_0_1_i to i24

ST_19: tmp6 (246)  [1/1] 2.20ns  loc: cnn_conv_d4x4_k3x3/core.cpp:53->cnn_conv_d4x4_k3x3/core.cpp:133
_ifconv59:33  %tmp6 = add i24 %tmp97_trunc139_ext_c, %tmp97_trunc_ext_cast

ST_19: tmp99_trunc_ext_cast (248)  [1/1] 0.00ns  loc: cnn_conv_d4x4_k3x3/core.cpp:53->cnn_conv_d4x4_k3x3/core.cpp:133
_ifconv59:35  %tmp99_trunc_ext_cast = sext i23 %tmp_9_0_2_i to i24

ST_19: tmp99_trunc142_ext_c (249)  [1/1] 0.00ns  loc: cnn_conv_d4x4_k3x3/core.cpp:53->cnn_conv_d4x4_k3x3/core.cpp:133
_ifconv59:36  %tmp99_trunc142_ext_c = sext i23 %tmp_9_2_2_i to i24

ST_19: tmp7 (250)  [1/1] 2.20ns  loc: cnn_conv_d4x4_k3x3/core.cpp:53->cnn_conv_d4x4_k3x3/core.cpp:133
_ifconv59:37  %tmp7 = add i24 %tmp99_trunc142_ext_c, %tmp99_trunc_ext_cast

ST_19: tmp99_cast (251)  [1/1] 0.00ns  loc: cnn_conv_d4x4_k3x3/core.cpp:53->cnn_conv_d4x4_k3x3/core.cpp:133
_ifconv59:38  %tmp99_cast = sext i24 %tmp7 to i25

ST_19: tmp98_trunc_ext_cast (252)  [1/1] 0.00ns  loc: cnn_conv_d4x4_k3x3/core.cpp:53->cnn_conv_d4x4_k3x3/core.cpp:133
_ifconv59:39  %tmp98_trunc_ext_cast = sext i23 %tmp_9_1_i to i25

ST_19: tmp8 (253)  [1/1] 2.20ns  loc: cnn_conv_d4x4_k3x3/core.cpp:53->cnn_conv_d4x4_k3x3/core.cpp:133
_ifconv59:40  %tmp8 = add i25 %tmp98_trunc_ext_cast, %tmp99_cast


 <State 20>: 6.01ns
ST_20: writeCount_1_load (214)  [1/1] 0.00ns  loc: cnn_conv_d4x4_k3x3/core.cpp:131
_ifconv59:1  %writeCount_1_load = load i32* %writeCount_1

ST_20: writeCount (215)  [1/1] 2.44ns  loc: cnn_conv_d4x4_k3x3/core.cpp:131
_ifconv59:2  %writeCount = add nsw i32 %writeCount_1_load, 1

ST_20: tmp93_cast (243)  [1/1] 0.00ns  loc: cnn_conv_d4x4_k3x3/core.cpp:53->cnn_conv_d4x4_k3x3/core.cpp:133
_ifconv59:30  %tmp93_cast = sext i25 %tmp5 to i27

ST_20: tmp97_cast (247)  [1/1] 0.00ns  loc: cnn_conv_d4x4_k3x3/core.cpp:53->cnn_conv_d4x4_k3x3/core.cpp:133
_ifconv59:34  %tmp97_cast = sext i24 %tmp6 to i26

ST_20: tmp98_cast (254)  [1/1] 0.00ns  loc: cnn_conv_d4x4_k3x3/core.cpp:53->cnn_conv_d4x4_k3x3/core.cpp:133
_ifconv59:41  %tmp98_cast = sext i25 %tmp8 to i26

ST_20: tmp9 (255)  [1/1] 2.32ns  loc: cnn_conv_d4x4_k3x3/core.cpp:53->cnn_conv_d4x4_k3x3/core.cpp:133
_ifconv59:42  %tmp9 = add i26 %tmp97_cast, %tmp98_cast

ST_20: tmp96_cast (256)  [1/1] 0.00ns  loc: cnn_conv_d4x4_k3x3/core.cpp:53->cnn_conv_d4x4_k3x3/core.cpp:133
_ifconv59:43  %tmp96_cast = sext i26 %tmp9 to i27

ST_20: result_4_2_2_i (257)  [1/1] 2.32ns  loc: cnn_conv_d4x4_k3x3/core.cpp:53->cnn_conv_d4x4_k3x3/core.cpp:133
_ifconv59:44  %result_4_2_2_i = add i27 %tmp93_cast, %tmp96_cast

ST_20: result_4_2_2_i_cast1 (258)  [1/1] 0.00ns  loc: cnn_conv_d4x4_k3x3/core.cpp:53->cnn_conv_d4x4_k3x3/core.cpp:133 (grouped into LUT with out node tmp_data_V)
_ifconv59:45  %result_4_2_2_i_cast1 = sext i27 %result_4_2_2_i to i32

ST_20: tmp_12 (259)  [1/1] 0.00ns  loc: cnn_conv_d4x4_k3x3/core.cpp:59->cnn_conv_d4x4_k3x3/core.cpp:133 (grouped into LUT with out node tmp_data_V)
_ifconv59:46  %tmp_12 = call i1 @_ssdm_op_BitSelect.i1.i27.i32(i27 %result_4_2_2_i, i32 26)

ST_20: result (260)  [1/1] 0.00ns  loc: cnn_conv_d4x4_k3x3/core.cpp:59->cnn_conv_d4x4_k3x3/core.cpp:133 (grouped into LUT with out node tmp_data_V)
_ifconv59:47  %result = select i1 %tmp_12, i27 0, i27 %result_4_2_2_i

ST_20: result_cast1 (261)  [1/1] 0.00ns  loc: cnn_conv_d4x4_k3x3/core.cpp:59->cnn_conv_d4x4_k3x3/core.cpp:133 (grouped into LUT with out node tmp_data_V)
_ifconv59:48  %result_cast1 = sext i27 %result to i31

ST_20: result_cast (262)  [1/1] 0.00ns  loc: cnn_conv_d4x4_k3x3/core.cpp:59->cnn_conv_d4x4_k3x3/core.cpp:133 (grouped into LUT with out node tmp_data_V)
_ifconv59:49  %result_cast = zext i31 %result_cast1 to i32

ST_20: tmp_data_V (263)  [1/1] 1.37ns  loc: cnn_conv_d4x4_k3x3/core.cpp:141 (out node of the LUT)
_ifconv59:50  %tmp_data_V = select i1 %tmp_10, i32 %result_cast, i32 %result_4_2_2_i_cast1

ST_20: tmp_last_V (264)  [1/1] 2.52ns  loc: cnn_conv_d4x4_k3x3/core.cpp:66->cnn_conv_d4x4_k3x3/core.cpp:139
_ifconv59:51  %tmp_last_V = icmp eq i32 %writeCount, 4

ST_20: StgValue_357 (265)  [2/2] 0.00ns  loc: cnn_conv_d4x4_k3x3/core.cpp:141
_ifconv59:52  call void @_ssdm_op_Write.axis.volatile.i32P.i4P.i4P.i2P.i1P.i5P.i6P(i32* %outStream_V_data_V, i4* %outStream_V_keep_V, i4* %outStream_V_strb_V, i2* %outStream_V_user_V, i1* %outStream_V_last_V, i5* %outStream_V_id_V, i6* %outStream_V_dest_V, i32 %tmp_data_V, i4 -1, i4 0, i2 0, i1 %tmp_last_V, i5 0, i6 0)

ST_20: StgValue_358 (266)  [1/1] 1.57ns  loc: cnn_conv_d4x4_k3x3/core.cpp:65->cnn_conv_d4x4_k3x3/core.cpp:139
_ifconv59:53  store i32 %writeCount, i32* %writeCount_1


 <State 21>: 0.00ns
ST_21: StgValue_359 (265)  [1/2] 0.00ns  loc: cnn_conv_d4x4_k3x3/core.cpp:141
_ifconv59:52  call void @_ssdm_op_Write.axis.volatile.i32P.i4P.i4P.i2P.i1P.i5P.i6P(i32* %outStream_V_data_V, i4* %outStream_V_keep_V, i4* %outStream_V_strb_V, i2* %outStream_V_user_V, i1* %outStream_V_last_V, i5* %outStream_V_id_V, i6* %outStream_V_dest_V, i32 %tmp_data_V, i4 -1, i4 0, i2 0, i1 %tmp_last_V, i5 0, i6 0)

ST_21: StgValue_360 (267)  [1/1] 0.00ns  loc: cnn_conv_d4x4_k3x3/core.cpp:142
_ifconv59:54  br label %._crit_edge_ifconv


 <State 22>: 0.00ns
ST_22: StgValue_361 (312)  [1/1] 0.00ns  loc: cnn_conv_d4x4_k3x3/core.cpp:171
:0  ret void



============================================================
+ Verbose Summary: Timing violations
============================================================
Target clock period: 10ns, clock uncertainty: 1.25ns.

 <State 1>: 1.57ns
The critical path consists of the following:
	multiplexor before 'phi' operation ('lineBuffer[0][3]') with incoming values : ('lineBuffer[0][3]', cnn_conv_d4x4_k3x3/core.cpp:98) [58]  (1.57 ns)

 <State 2>: 2.99ns
The critical path consists of the following:
	'icmp' operation ('exitcond1', cnn_conv_d4x4_k3x3/core.cpp:95) [61]  (1.62 ns)
	blocking operation 1.37 ns on control path)

 <State 3>: 1.37ns
The critical path consists of the following:
	axis read on port 'inStream_V_data_V' (cnn_conv_d4x4_k3x3/core.cpp:97) [67]  (0 ns)
	'select' operation ('lineBuffer[0][3]', cnn_conv_d4x4_k3x3/core.cpp:98) [72]  (1.37 ns)

 <State 4>: 1.57ns
The critical path consists of the following:
	multiplexor before 'phi' operation ('lineBuffer[1][3]') with incoming values : ('lineBuffer[1][3]', cnn_conv_d4x4_k3x3/core.cpp:103) [79]  (1.57 ns)

 <State 5>: 2.99ns
The critical path consists of the following:
	'icmp' operation ('exitcond4', cnn_conv_d4x4_k3x3/core.cpp:103) [84]  (1.62 ns)
	blocking operation 1.37 ns on control path)

 <State 6>: 4.1ns
The critical path consists of the following:
	'icmp' operation ('sel_tmp7', cnn_conv_d4x4_k3x3/core.cpp:103) [95]  (1.36 ns)
	'or' operation ('or_cond', cnn_conv_d4x4_k3x3/core.cpp:103) [97]  (1.37 ns)
	'select' operation ('lineBuffer[1][3]', cnn_conv_d4x4_k3x3/core.cpp:103) [99]  (1.37 ns)

 <State 7>: 1.57ns
The critical path consists of the following:
	multiplexor before 'phi' operation ('indvar_flatten') with incoming values : ('indvar_flatten_next') [111]  (1.57 ns)

 <State 8>: 8.2ns
The critical path consists of the following:
	'phi' operation ('x') with incoming values : ('x', cnn_conv_d4x4_k3x3/core.cpp:117) [116]  (0 ns)
	'icmp' operation ('exitcond', cnn_conv_d4x4_k3x3/core.cpp:115) [123]  (1.36 ns)
	'select' operation ('x4_mid2', cnn_conv_d4x4_k3x3/core.cpp:115) [124]  (1.37 ns)
	'icmp' operation ('cond1', cnn_conv_d4x4_k3x3/core.cpp:117) [134]  (1.36 ns)
	'select' operation ('lineBuffer_load14_ph', cnn_conv_d4x4_k3x3/core.cpp:117) [136]  (1.37 ns)
	'select' operation ('window[1][1]', cnn_conv_d4x4_k3x3/core.cpp:117) [137]  (1.37 ns)
	'select' operation ('window[2][2]', cnn_conv_d4x4_k3x3/core.cpp:117) [140]  (0 ns)
	'select' operation ('window[2][2]', cnn_conv_d4x4_k3x3/core.cpp:117) [142]  (1.37 ns)

 <State 9>: 1.57ns
The critical path consists of the following:
	'load' operation ('window_2_2_2_load', cnn_conv_d4x4_k3x3/core.cpp:117) on local variable 'window[2][2]' [157]  (0 ns)
	'store' operation (cnn_conv_d4x4_k3x3/core.cpp:117) of variable 'window_2_2_2_load', cnn_conv_d4x4_k3x3/core.cpp:117 on local variable 'window[2][1]' [164]  (1.57 ns)

 <State 10>: 5.2ns
The critical path consists of the following:
	'icmp' operation ('icmp', cnn_conv_d4x4_k3x3/core.cpp:152) [287]  (2.46 ns)
	blocking operation 2.74 ns on control path)

 <State 11>: 7.35ns
The critical path consists of the following:
	'phi' operation ('x') with incoming values : ('x', cnn_conv_d4x4_k3x3/core.cpp:123) [178]  (0 ns)
	'icmp' operation ('exitcond2', cnn_conv_d4x4_k3x3/core.cpp:123) [194]  (1.62 ns)
	'select' operation ('x_assign_mid2', cnn_conv_d4x4_k3x3/core.cpp:123) [195]  (1.37 ns)
	'icmp' operation ('tmp_i_15', cnn_conv_d4x4_k3x3/core.cpp:40->cnn_conv_d4x4_k3x3/core.cpp:127) [206]  (1.62 ns)
	'or' operation ('tmp1', cnn_conv_d4x4_k3x3/core.cpp:40->cnn_conv_d4x4_k3x3/core.cpp:127) [208]  (1.37 ns)
	'or' operation ('p_i', cnn_conv_d4x4_k3x3/core.cpp:40->cnn_conv_d4x4_k3x3/core.cpp:127) [210]  (1.37 ns)

 <State 12>: 4.81ns
The critical path consists of the following:
	s_axi read on port 'kernel_0' (cnn_conv_d4x4_k3x3/core.cpp:133) [216]  (1 ns)
	'call' operation ('tmp_9_0_i', cnn_conv_d4x4_k3x3/core.cpp:53->cnn_conv_d4x4_k3x3/core.cpp:133) to 'fixed_point_mul' [225]  (3.81 ns)

 <State 13>: 6.08ns
The critical path consists of the following:
	'call' operation ('tmp_9_0_i', cnn_conv_d4x4_k3x3/core.cpp:53->cnn_conv_d4x4_k3x3/core.cpp:133) to 'fixed_point_mul' [225]  (6.08 ns)

 <State 14>: 6.08ns
The critical path consists of the following:
	'call' operation ('tmp_9_0_i', cnn_conv_d4x4_k3x3/core.cpp:53->cnn_conv_d4x4_k3x3/core.cpp:133) to 'fixed_point_mul' [225]  (6.08 ns)

 <State 15>: 6.08ns
The critical path consists of the following:
	'call' operation ('tmp_9_0_i', cnn_conv_d4x4_k3x3/core.cpp:53->cnn_conv_d4x4_k3x3/core.cpp:133) to 'fixed_point_mul' [225]  (6.08 ns)

 <State 16>: 6.08ns
The critical path consists of the following:
	'call' operation ('tmp_9_0_i', cnn_conv_d4x4_k3x3/core.cpp:53->cnn_conv_d4x4_k3x3/core.cpp:133) to 'fixed_point_mul' [225]  (6.08 ns)

 <State 17>: 6.08ns
The critical path consists of the following:
	'call' operation ('tmp_9_0_i', cnn_conv_d4x4_k3x3/core.cpp:53->cnn_conv_d4x4_k3x3/core.cpp:133) to 'fixed_point_mul' [225]  (6.08 ns)

 <State 18>: 6.08ns
The critical path consists of the following:
	'call' operation ('tmp_9_0_i', cnn_conv_d4x4_k3x3/core.cpp:53->cnn_conv_d4x4_k3x3/core.cpp:133) to 'fixed_point_mul' [225]  (6.08 ns)

 <State 19>: 7.97ns
The critical path consists of the following:
	'call' operation ('tmp_9_0_2_i', cnn_conv_d4x4_k3x3/core.cpp:53->cnn_conv_d4x4_k3x3/core.cpp:133) to 'fixed_point_mul' [227]  (3.57 ns)
	'add' operation ('tmp7', cnn_conv_d4x4_k3x3/core.cpp:53->cnn_conv_d4x4_k3x3/core.cpp:133) [250]  (2.2 ns)
	'add' operation ('tmp8', cnn_conv_d4x4_k3x3/core.cpp:53->cnn_conv_d4x4_k3x3/core.cpp:133) [253]  (2.2 ns)

 <State 20>: 6.01ns
The critical path consists of the following:
	'add' operation ('tmp9', cnn_conv_d4x4_k3x3/core.cpp:53->cnn_conv_d4x4_k3x3/core.cpp:133) [255]  (2.32 ns)
	'add' operation ('result_4_2_2_i', cnn_conv_d4x4_k3x3/core.cpp:53->cnn_conv_d4x4_k3x3/core.cpp:133) [257]  (2.32 ns)
	'select' operation ('val', cnn_conv_d4x4_k3x3/core.cpp:141) [263]  (1.37 ns)
	axis write on port 'outStream_V_data_V' (cnn_conv_d4x4_k3x3/core.cpp:141) [265]  (0 ns)

 <State 21>: 0ns
The critical path consists of the following:

 <State 22>: 0ns
The critical path consists of the following:


============================================================
+ Verbose Summary: Binding
============================================================
N/A
* FSMD analyzer results:
  - Output states:
 - Input state : 
  - Chain level:
	State 1
	State 2
	State 3
	State 4
	State 5
	State 6
	State 7
	State 8
	State 9
	State 10
	State 11
	State 12
	State 13
	State 14
	State 15
	State 16
	State 17
	State 18
	State 19
	State 20
	State 21
	State 22


============================================================
+ Verbose Summary: Datapath Resource usage 
============================================================
N/A
