

================================================================
== Vivado HLS Report for 'my_filter_buffer'
================================================================
* Date:           Wed Mar 10 21:28:06 2021

* Version:        2016.4 (Build 1756540 on Mon Jan 23 19:31:01 MST 2017)
* Project:        sliding_window_2
* Solution:       solution1
* Product family: zynq
* Target device:  xc7z020clg484-1


================================================================
== Performance Estimates
================================================================
+ Timing (ns): 
    * Summary: 
    +--------+-------+----------+------------+
    |  Clock | Target| Estimated| Uncertainty|
    +--------+-------+----------+------------+
    |ap_clk  |  10.00|      8.72|        1.25|
    +--------+-------+----------+------------+

+ Latency (clock cycles): 
    * Summary: 
    +-----+-----+-----+-----+---------+
    |  Latency  |  Interval | Pipeline|
    | min | max | min | max |   Type  |
    +-----+-----+-----+-----+---------+
    |   44|   44|   45|   45|   none  |
    +-----+-----+-----+-----+---------+

    + Detail: 
        * Instance: 
        N/A

        * Loop: 
        +----------+-----+-----+----------+-----------+-----------+------+----------+
        |          |  Latency  | Iteration|  Initiation Interval  | Trip |          |
        | Loop Name| min | max |  Latency |  achieved |   target  | Count| Pipelined|
        +----------+-----+-----+----------+-----------+-----------+------+----------+
        |- Loop 1  |    2|    2|         2|          1|          1|     2|    yes   |
        |- Loop 2  |    4|    4|         2|          1|          1|     4|    yes   |
        |- Loop 3  |    4|    4|         1|          1|          1|     4|    yes   |
        |- Loop 4  |   26|   26|        12|          1|          1|    16|    yes   |
        +----------+-----+-----+----------+-----------+-----------+------+----------+

============================================================
+ Verbose Summary: Synthesis Manager
============================================================
InlineROM: 1
ExposeGlobal: 0
============================================================
+ Verbose Summary: CDFG Model
============================================================
IsTopModel: 1
ResetActiveHigh: 1
IsCombinational: 0
IsDatapathOnly: 0
HasWiredReturn: 1
HasMFsm: 0
HasVarLatency: 1
IsPipeline: 0
IsRtlPipelined: 0
IsInstanceOverlapped: 0
IsDontTouch: 0
HasImplIP: 0
IsGatedGlobalClock: 0

+ Individual pipeline summary: 
  * Pipeline-0: initiation interval (II) = 1, depth = 2
  * Pipeline-1: initiation interval (II) = 1, depth = 2
  * Pipeline-2: initiation interval (II) = 1, depth = 1
  * Pipeline-3: initiation interval (II) = 1, depth = 12


============================================================
+ Verbose Summary: Schedule
============================================================
* Number of FSM states: 22
* Pipeline: 4
  Pipeline-0: II = 1, D = 2, States = { 2 3 }
  Pipeline-1: II = 1, D = 2, States = { 5 6 }
  Pipeline-2: II = 1, D = 1, States = { 8 }
  Pipeline-3: II = 1, D = 12, States = { 10 11 12 13 14 15 16 17 18 19 20 21 }
* Dataflow Pipeline: 0

* FSM state transitions: 
1 --> 
	2  / true
2 --> 
	4  / (exitcond1)
	3  / (!exitcond1)
3 --> 
	2  / true
4 --> 
	5  / true
5 --> 
	7  / (exitcond4)
	6  / (!exitcond4)
6 --> 
	5  / true
7 --> 
	8  / true
8 --> 
	9  / (exitcond_flatten)
	8  / (!exitcond_flatten)
9 --> 
	10  / true
10 --> 
	11  / true
11 --> 
	22  / (exitcond_flatten8)
	12  / (!exitcond_flatten8)
12 --> 
	13  / true
13 --> 
	14  / true
14 --> 
	15  / true
15 --> 
	16  / true
16 --> 
	17  / true
17 --> 
	18  / true
18 --> 
	19  / true
19 --> 
	20  / true
20 --> 
	21  / true
21 --> 
	10  / true
22 --> 
* FSM state operations: 

 <State 1>: 1.57ns
ST_1: StgValue_23 (34)  [1/1] 0.00ns
:0  call void (...)* @_ssdm_op_SpecBitsMap(i8* %bias_8), !map !62

ST_1: StgValue_24 (35)  [1/1] 0.00ns
:1  call void (...)* @_ssdm_op_SpecBitsMap(i8* %bias_7), !map !68

ST_1: StgValue_25 (36)  [1/1] 0.00ns
:2  call void (...)* @_ssdm_op_SpecBitsMap(i8* %bias_6), !map !74

ST_1: StgValue_26 (37)  [1/1] 0.00ns
:3  call void (...)* @_ssdm_op_SpecBitsMap(i8* %bias_5), !map !80

ST_1: StgValue_27 (38)  [1/1] 0.00ns
:4  call void (...)* @_ssdm_op_SpecBitsMap(i8* %bias_4), !map !86

ST_1: StgValue_28 (39)  [1/1] 0.00ns
:5  call void (...)* @_ssdm_op_SpecBitsMap(i8* %bias_3), !map !92

ST_1: StgValue_29 (40)  [1/1] 0.00ns
:6  call void (...)* @_ssdm_op_SpecBitsMap(i8* %bias_2), !map !98

ST_1: StgValue_30 (41)  [1/1] 0.00ns
:7  call void (...)* @_ssdm_op_SpecBitsMap(i8* %bias_1), !map !104

ST_1: StgValue_31 (42)  [1/1] 0.00ns
:8  call void (...)* @_ssdm_op_SpecBitsMap(i8* %bias_0), !map !110

ST_1: StgValue_32 (43)  [1/1] 0.00ns
:9  call void (...)* @_ssdm_op_SpecBitsMap(i8* %kernel_8), !map !116

ST_1: StgValue_33 (44)  [1/1] 0.00ns
:10  call void (...)* @_ssdm_op_SpecBitsMap(i8* %kernel_7), !map !120

ST_1: StgValue_34 (45)  [1/1] 0.00ns
:11  call void (...)* @_ssdm_op_SpecBitsMap(i8* %kernel_6), !map !124

ST_1: StgValue_35 (46)  [1/1] 0.00ns
:12  call void (...)* @_ssdm_op_SpecBitsMap(i8* %kernel_5), !map !128

ST_1: StgValue_36 (47)  [1/1] 0.00ns
:13  call void (...)* @_ssdm_op_SpecBitsMap(i8* %kernel_4), !map !132

ST_1: StgValue_37 (48)  [1/1] 0.00ns
:14  call void (...)* @_ssdm_op_SpecBitsMap(i8* %kernel_3), !map !136

ST_1: StgValue_38 (49)  [1/1] 0.00ns
:15  call void (...)* @_ssdm_op_SpecBitsMap(i8* %kernel_2), !map !140

ST_1: StgValue_39 (50)  [1/1] 0.00ns
:16  call void (...)* @_ssdm_op_SpecBitsMap(i8* %kernel_1), !map !144

ST_1: StgValue_40 (51)  [1/1] 0.00ns
:17  call void (...)* @_ssdm_op_SpecBitsMap(i8* %kernel_0), !map !148

ST_1: StgValue_41 (52)  [1/1] 0.00ns
:18  call void (...)* @_ssdm_op_SpecBitsMap(i32* %in_stream_V_data_V), !map !152

ST_1: StgValue_42 (53)  [1/1] 0.00ns
:19  call void (...)* @_ssdm_op_SpecBitsMap(i4* %in_stream_V_keep_V), !map !156

ST_1: StgValue_43 (54)  [1/1] 0.00ns
:20  call void (...)* @_ssdm_op_SpecBitsMap(i4* %in_stream_V_strb_V), !map !160

ST_1: StgValue_44 (55)  [1/1] 0.00ns
:21  call void (...)* @_ssdm_op_SpecBitsMap(i2* %in_stream_V_user_V), !map !164

ST_1: StgValue_45 (56)  [1/1] 0.00ns
:22  call void (...)* @_ssdm_op_SpecBitsMap(i1* %in_stream_V_last_V), !map !168

ST_1: StgValue_46 (57)  [1/1] 0.00ns
:23  call void (...)* @_ssdm_op_SpecBitsMap(i5* %in_stream_V_id_V), !map !172

ST_1: StgValue_47 (58)  [1/1] 0.00ns
:24  call void (...)* @_ssdm_op_SpecBitsMap(i6* %in_stream_V_dest_V), !map !176

ST_1: StgValue_48 (59)  [1/1] 0.00ns
:25  call void (...)* @_ssdm_op_SpecBitsMap(i32* %out_stream_V_data_V), !map !180

ST_1: StgValue_49 (60)  [1/1] 0.00ns
:26  call void (...)* @_ssdm_op_SpecBitsMap(i4* %out_stream_V_keep_V), !map !184

ST_1: StgValue_50 (61)  [1/1] 0.00ns
:27  call void (...)* @_ssdm_op_SpecBitsMap(i4* %out_stream_V_strb_V), !map !188

ST_1: StgValue_51 (62)  [1/1] 0.00ns
:28  call void (...)* @_ssdm_op_SpecBitsMap(i2* %out_stream_V_user_V), !map !192

ST_1: StgValue_52 (63)  [1/1] 0.00ns
:29  call void (...)* @_ssdm_op_SpecBitsMap(i1* %out_stream_V_last_V), !map !196

ST_1: StgValue_53 (64)  [1/1] 0.00ns
:30  call void (...)* @_ssdm_op_SpecBitsMap(i5* %out_stream_V_id_V), !map !200

ST_1: StgValue_54 (65)  [1/1] 0.00ns
:31  call void (...)* @_ssdm_op_SpecBitsMap(i6* %out_stream_V_dest_V), !map !204

ST_1: StgValue_55 (66)  [1/1] 0.00ns
:32  call void (...)* @_ssdm_op_SpecBitsMap(i8 %ctrl), !map !208

ST_1: StgValue_56 (67)  [1/1] 0.00ns
:33  call void (...)* @_ssdm_op_SpecTopModule([17 x i8]* @my_filter_buffer_str) nounwind

ST_1: ctrl_read (68)  [1/1] 1.00ns
:34  %ctrl_read = call i8 @_ssdm_op_Read.s_axilite.i8(i8 %ctrl)

ST_1: StgValue_58 (69)  [1/1] 0.00ns  loc: sliding_window_2/sliding_window.cpp:69
:35  call void (...)* @_ssdm_op_SpecInterface(i32* %out_stream_V_data_V, i4* %out_stream_V_keep_V, i4* %out_stream_V_strb_V, i2* %out_stream_V_user_V, i1* %out_stream_V_last_V, i5* %out_stream_V_id_V, i6* %out_stream_V_dest_V, [5 x i8]* @p_str, i32 1, i32 1, [5 x i8]* @p_str1, i32 0, i32 0, [1 x i8]* @p_str2, [1 x i8]* @p_str2, [1 x i8]* @p_str2, i32 0, i32 0, i32 0, i32 0, [1 x i8]* @p_str2, [1 x i8]* @p_str2) nounwind

ST_1: StgValue_59 (70)  [1/1] 0.00ns  loc: sliding_window_2/sliding_window.cpp:70
:36  call void (...)* @_ssdm_op_SpecInterface(i32* %in_stream_V_data_V, i4* %in_stream_V_keep_V, i4* %in_stream_V_strb_V, i2* %in_stream_V_user_V, i1* %in_stream_V_last_V, i5* %in_stream_V_id_V, i6* %in_stream_V_dest_V, [5 x i8]* @p_str, i32 1, i32 1, [5 x i8]* @p_str1, i32 0, i32 0, [1 x i8]* @p_str2, [1 x i8]* @p_str2, [1 x i8]* @p_str2, i32 0, i32 0, i32 0, i32 0, [1 x i8]* @p_str2, [1 x i8]* @p_str2) nounwind

ST_1: StgValue_60 (71)  [1/1] 0.00ns
:37  call void (...)* @_ssdm_op_SpecInterface(i8* %kernel_0, i8* %kernel_1, i8* %kernel_2, i8* %kernel_3, i8* %kernel_4, i8* %kernel_5, i8* %kernel_6, i8* %kernel_7, i8* %kernel_8, [10 x i8]* @p_str3, i32 0, i32 0, [1 x i8]* @p_str2, i32 0, i32 0, [11 x i8]* @p_str4, [1 x i8]* @p_str2, [1 x i8]* @p_str2, i32 0, i32 0, i32 0, i32 0, [1 x i8]* @p_str2, [1 x i8]* @p_str2) nounwind

ST_1: StgValue_61 (72)  [1/1] 0.00ns
:38  call void (...)* @_ssdm_op_SpecInterface(i8* %bias_0, i8* %bias_1, i8* %bias_2, i8* %bias_3, i8* %bias_4, i8* %bias_5, i8* %bias_6, i8* %bias_7, i8* %bias_8, [10 x i8]* @p_str3, i32 0, i32 0, [1 x i8]* @p_str2, i32 0, i32 0, [11 x i8]* @p_str4, [1 x i8]* @p_str2, [1 x i8]* @p_str2, i32 0, i32 0, i32 0, i32 0, [1 x i8]* @p_str2, [1 x i8]* @p_str2) nounwind

ST_1: StgValue_62 (73)  [1/1] 0.00ns  loc: sliding_window_2/sliding_window.cpp:73
:39  call void (...)* @_ssdm_op_SpecInterface(i8 %ctrl, [10 x i8]* @p_str3, i32 0, i32 0, [1 x i8]* @p_str2, i32 0, i32 0, [5 x i8]* @p_str5, [1 x i8]* @p_str2, [1 x i8]* @p_str2, i32 0, i32 0, i32 0, i32 0, [1 x i8]* @p_str2, [1 x i8]* @p_str2) nounwind

ST_1: StgValue_63 (74)  [1/1] 0.00ns  loc: sliding_window_2/sliding_window.cpp:74
:40  call void (...)* @_ssdm_op_SpecInterface(i32 0, [10 x i8]* @p_str3, i32 0, i32 0, [1 x i8]* @p_str2, i32 0, i32 0, [5 x i8]* @p_str5, [1 x i8]* @p_str2, [1 x i8]* @p_str2, i32 0, i32 0, i32 0, i32 0, [1 x i8]* @p_str2, [1 x i8]* @p_str2) nounwind

ST_1: StgValue_64 (75)  [1/1] 1.57ns  loc: sliding_window_2/sliding_window.cpp:91
:41  br label %1


 <State 2>: 2.99ns
ST_2: line_buf_0_3 (77)  [1/1] 0.00ns
:0  %line_buf_0_3 = phi i32 [ undef, %0 ], [ %line_buf_0_3_1, %_ifconv ]

ST_2: line_buf_0_2 (78)  [1/1] 0.00ns
:1  %line_buf_0_2 = phi i32 [ undef, %0 ], [ %line_buf_0_3_4, %_ifconv ]

ST_2: x (79)  [1/1] 0.00ns
:2  %x = phi i3 [ 2, %0 ], [ %x_1, %_ifconv ]

ST_2: exitcond1 (80)  [1/1] 1.62ns  loc: sliding_window_2/sliding_window.cpp:91
:3  %exitcond1 = icmp eq i3 %x, -4

ST_2: StgValue_69 (81)  [1/1] 0.00ns  loc: sliding_window_2/sliding_window.cpp:91
:4  br i1 %exitcond1, label %.preheader83.0.preheader, label %_ifconv

ST_2: empty_5 (86)  [2/2] 0.00ns  loc: sliding_window_2/sliding_window.cpp:94
_ifconv:3  %empty_5 = call { i32, i4, i4, i2, i1, i5, i6 } @_ssdm_op_Read.axis.volatile.i32P.i4P.i4P.i2P.i1P.i5P.i6P(i32* %in_stream_V_data_V, i4* %in_stream_V_keep_V, i4* %in_stream_V_strb_V, i2* %in_stream_V_user_V, i1* %in_stream_V_last_V, i5* %in_stream_V_id_V, i6* %in_stream_V_dest_V)

ST_2: tmp_2 (88)  [1/1] 0.00ns  loc: sliding_window_2/sliding_window.cpp:91
_ifconv:5  %tmp_2 = trunc i3 %x to i2

ST_2: cond (89)  [1/1] 1.36ns  loc: sliding_window_2/sliding_window.cpp:95
_ifconv:6  %cond = icmp eq i2 %tmp_2, -2

ST_2: x_1 (93)  [1/1] 0.80ns  loc: sliding_window_2/sliding_window.cpp:91
_ifconv:10  %x_1 = add i3 1, %x


 <State 3>: 1.37ns
ST_3: empty (83)  [1/1] 0.00ns
_ifconv:0  %empty = call i32 (...)* @_ssdm_op_SpecLoopTripCount(i64 2, i64 2, i64 2)

ST_3: tmp (84)  [1/1] 0.00ns  loc: sliding_window_2/sliding_window.cpp:92
_ifconv:1  %tmp = call i32 (...)* @_ssdm_op_SpecRegionBegin([12 x i8]* @p_str7)

ST_3: StgValue_76 (85)  [1/1] 0.00ns  loc: sliding_window_2/sliding_window.cpp:93
_ifconv:2  call void (...)* @_ssdm_op_SpecPipeline(i32 -1, i32 1, i32 1, i32 0, [1 x i8]* @p_str2) nounwind

ST_3: empty_5 (86)  [1/2] 0.00ns  loc: sliding_window_2/sliding_window.cpp:94
_ifconv:3  %empty_5 = call { i32, i4, i4, i2, i1, i5, i6 } @_ssdm_op_Read.axis.volatile.i32P.i4P.i4P.i2P.i1P.i5P.i6P(i32* %in_stream_V_data_V, i4* %in_stream_V_keep_V, i4* %in_stream_V_strb_V, i2* %in_stream_V_user_V, i1* %in_stream_V_last_V, i5* %in_stream_V_id_V, i6* %in_stream_V_dest_V)

ST_3: tmp_data_V_2 (87)  [1/1] 0.00ns  loc: sliding_window_2/sliding_window.cpp:94
_ifconv:4  %tmp_data_V_2 = extractvalue { i32, i4, i4, i2, i1, i5, i6 } %empty_5, 0

ST_3: line_buf_0_3_1 (90)  [1/1] 1.37ns  loc: sliding_window_2/sliding_window.cpp:95
_ifconv:7  %line_buf_0_3_1 = select i1 %cond, i32 %line_buf_0_3, i32 %tmp_data_V_2

ST_3: line_buf_0_3_4 (91)  [1/1] 1.37ns  loc: sliding_window_2/sliding_window.cpp:95
_ifconv:8  %line_buf_0_3_4 = select i1 %cond, i32 %tmp_data_V_2, i32 %line_buf_0_2

ST_3: empty_6 (92)  [1/1] 0.00ns  loc: sliding_window_2/sliding_window.cpp:96
_ifconv:9  %empty_6 = call i32 (...)* @_ssdm_op_SpecRegionEnd([12 x i8]* @p_str7, i32 %tmp)

ST_3: StgValue_82 (94)  [1/1] 0.00ns  loc: sliding_window_2/sliding_window.cpp:91
_ifconv:11  br label %1


 <State 4>: 1.57ns
ST_4: StgValue_83 (96)  [1/1] 1.57ns  loc: sliding_window_2/sliding_window.cpp:100
.preheader83.0.preheader:0  br label %.preheader83.0


 <State 5>: 2.99ns
ST_5: line_buf_1_3 (98)  [1/1] 0.00ns
.preheader83.0:0  %line_buf_1_3 = phi i32 [ %line_buf_1_3_2, %_ifconv4 ], [ undef, %.preheader83.0.preheader ]

ST_5: line_buf_1_2 (99)  [1/1] 0.00ns
.preheader83.0:1  %line_buf_1_2 = phi i32 [ %line_buf_1_3_4, %_ifconv4 ], [ undef, %.preheader83.0.preheader ]

ST_5: line_buf_1_3_5 (100)  [1/1] 0.00ns
.preheader83.0:2  %line_buf_1_3_5 = phi i32 [ %line_buf_1_3_7, %_ifconv4 ], [ undef, %.preheader83.0.preheader ]

ST_5: line_buf_1_3_8 (101)  [1/1] 0.00ns
.preheader83.0:3  %line_buf_1_3_8 = phi i32 [ %line_buf_1_3_9, %_ifconv4 ], [ undef, %.preheader83.0.preheader ]

ST_5: x1 (102)  [1/1] 0.00ns  loc: sliding_window_2/sliding_window.cpp:100
.preheader83.0:4  %x1 = phi i3 [ %x_2, %_ifconv4 ], [ 0, %.preheader83.0.preheader ]

ST_5: exitcond4 (103)  [1/1] 1.62ns  loc: sliding_window_2/sliding_window.cpp:100
.preheader83.0:5  %exitcond4 = icmp eq i3 %x1, -4

ST_5: x_2 (104)  [1/1] 0.80ns  loc: sliding_window_2/sliding_window.cpp:100
.preheader83.0:6  %x_2 = add i3 %x1, 1

ST_5: StgValue_91 (105)  [1/1] 0.00ns  loc: sliding_window_2/sliding_window.cpp:100
.preheader83.0:7  br i1 %exitcond4, label %.preheader81.preheader, label %_ifconv4

ST_5: empty_8 (110)  [2/2] 0.00ns  loc: sliding_window_2/sliding_window.cpp:103
_ifconv4:3  %empty_8 = call { i32, i4, i4, i2, i1, i5, i6 } @_ssdm_op_Read.axis.volatile.i32P.i4P.i4P.i2P.i1P.i5P.i6P(i32* %in_stream_V_data_V, i4* %in_stream_V_keep_V, i4* %in_stream_V_strb_V, i2* %in_stream_V_user_V, i1* %in_stream_V_last_V, i5* %in_stream_V_id_V, i6* %in_stream_V_dest_V)

ST_5: tmp_5 (112)  [1/1] 0.00ns  loc: sliding_window_2/sliding_window.cpp:100
_ifconv4:5  %tmp_5 = trunc i3 %x1 to i2


 <State 6>: 4.10ns
ST_6: empty_7 (107)  [1/1] 0.00ns
_ifconv4:0  %empty_7 = call i32 (...)* @_ssdm_op_SpecLoopTripCount(i64 4, i64 4, i64 4)

ST_6: tmp_1 (108)  [1/1] 0.00ns  loc: sliding_window_2/sliding_window.cpp:101
_ifconv4:1  %tmp_1 = call i32 (...)* @_ssdm_op_SpecRegionBegin([12 x i8]* @p_str8)

ST_6: StgValue_96 (109)  [1/1] 0.00ns  loc: sliding_window_2/sliding_window.cpp:102
_ifconv4:2  call void (...)* @_ssdm_op_SpecPipeline(i32 -1, i32 1, i32 1, i32 0, [1 x i8]* @p_str2) nounwind

ST_6: empty_8 (110)  [1/2] 0.00ns  loc: sliding_window_2/sliding_window.cpp:103
_ifconv4:3  %empty_8 = call { i32, i4, i4, i2, i1, i5, i6 } @_ssdm_op_Read.axis.volatile.i32P.i4P.i4P.i2P.i1P.i5P.i6P(i32* %in_stream_V_data_V, i4* %in_stream_V_keep_V, i4* %in_stream_V_strb_V, i2* %in_stream_V_user_V, i1* %in_stream_V_last_V, i5* %in_stream_V_id_V, i6* %in_stream_V_dest_V)

ST_6: tmp_data_V_3 (111)  [1/1] 0.00ns  loc: sliding_window_2/sliding_window.cpp:103
_ifconv4:4  %tmp_data_V_3 = extractvalue { i32, i4, i4, i2, i1, i5, i6 } %empty_8, 0

ST_6: sel_tmp (113)  [1/1] 1.36ns  loc: sliding_window_2/sliding_window.cpp:100
_ifconv4:6  %sel_tmp = icmp eq i2 %tmp_5, -2

ST_6: sel_tmp6 (114)  [1/1] 1.36ns  loc: sliding_window_2/sliding_window.cpp:100
_ifconv4:7  %sel_tmp6 = icmp eq i2 %tmp_5, 1

ST_6: sel_tmp8 (115)  [1/1] 1.36ns  loc: sliding_window_2/sliding_window.cpp:100
_ifconv4:8  %sel_tmp8 = icmp eq i2 %tmp_5, 0

ST_6: or_cond (116)  [1/1] 1.37ns  loc: sliding_window_2/sliding_window.cpp:100
_ifconv4:9  %or_cond = or i1 %sel_tmp8, %sel_tmp6

ST_6: newSel (117)  [1/1] 0.00ns  loc: sliding_window_2/sliding_window.cpp:100 (grouped into LUT with out node line_buf_1_3_2)
_ifconv4:10  %newSel = select i1 %sel_tmp, i32 %line_buf_1_3, i32 %tmp_data_V_3

ST_6: line_buf_1_3_2 (118)  [1/1] 1.37ns  loc: sliding_window_2/sliding_window.cpp:100 (out node of the LUT)
_ifconv4:11  %line_buf_1_3_2 = select i1 %or_cond, i32 %line_buf_1_3, i32 %newSel

ST_6: newSel2 (119)  [1/1] 0.00ns  loc: sliding_window_2/sliding_window.cpp:100 (grouped into LUT with out node line_buf_1_3_4)
_ifconv4:12  %newSel2 = select i1 %sel_tmp, i32 %tmp_data_V_3, i32 %line_buf_1_2

ST_6: line_buf_1_3_4 (120)  [1/1] 1.37ns  loc: sliding_window_2/sliding_window.cpp:100 (out node of the LUT)
_ifconv4:13  %line_buf_1_3_4 = select i1 %or_cond, i32 %line_buf_1_2, i32 %newSel2

ST_6: line_buf_1_3_6 (121)  [1/1] 0.00ns  loc: sliding_window_2/sliding_window.cpp:100 (grouped into LUT with out node line_buf_1_3_7)
_ifconv4:14  %line_buf_1_3_6 = select i1 %sel_tmp6, i32 %tmp_data_V_3, i32 %line_buf_1_3_5

ST_6: line_buf_1_3_7 (122)  [1/1] 1.37ns  loc: sliding_window_2/sliding_window.cpp:100 (out node of the LUT)
_ifconv4:15  %line_buf_1_3_7 = select i1 %sel_tmp8, i32 %line_buf_1_3_5, i32 %line_buf_1_3_6

ST_6: line_buf_1_3_9 (123)  [1/1] 1.37ns  loc: sliding_window_2/sliding_window.cpp:100
_ifconv4:16  %line_buf_1_3_9 = select i1 %sel_tmp8, i32 %tmp_data_V_3, i32 %line_buf_1_3_8

ST_6: empty_9 (124)  [1/1] 0.00ns  loc: sliding_window_2/sliding_window.cpp:105
_ifconv4:17  %empty_9 = call i32 (...)* @_ssdm_op_SpecRegionEnd([12 x i8]* @p_str8, i32 %tmp_1)

ST_6: StgValue_111 (125)  [1/1] 0.00ns  loc: sliding_window_2/sliding_window.cpp:100
_ifconv4:18  br label %.preheader83.0


 <State 7>: 1.57ns
ST_7: StgValue_112 (127)  [1/1] 1.57ns
.preheader81.preheader:0  br label %.preheader81


 <State 8>: 8.20ns
ST_8: indvar_flatten (129)  [1/1] 0.00ns
.preheader81:0  %indvar_flatten = phi i3 [ %indvar_flatten_next, %.preheader82 ], [ 0, %.preheader81.preheader ]

ST_8: y2 (130)  [1/1] 0.00ns  loc: sliding_window_2/sliding_window.cpp:116
.preheader81:1  %y2 = phi i2 [ %tmp_2_mid2_v, %.preheader82 ], [ 1, %.preheader81.preheader ]

ST_8: window_2_2_1 (131)  [1/1] 0.00ns
.preheader81:2  %window_2_2_1 = phi i32 [ %window_2_2_5, %.preheader82 ], [ undef, %.preheader81.preheader ]

ST_8: window_2_1_1 (132)  [1/1] 0.00ns
.preheader81:3  %window_2_1_1 = phi i32 [ %window_2_2_6, %.preheader82 ], [ undef, %.preheader81.preheader ]

ST_8: window_1_2_1 (133)  [1/1] 0.00ns
.preheader81:4  %window_1_2_1 = phi i32 [ %window_2_2_7, %.preheader82 ], [ undef, %.preheader81.preheader ]

ST_8: window_1_1_1 (134)  [1/1] 0.00ns
.preheader81:5  %window_1_1_1 = phi i32 [ %window_2_2_8, %.preheader82 ], [ undef, %.preheader81.preheader ]

ST_8: x3 (135)  [1/1] 0.00ns
.preheader81:6  %x3 = phi i2 [ %x_3, %.preheader82 ], [ 1, %.preheader81.preheader ]

ST_8: exitcond_flatten (136)  [1/1] 1.62ns
.preheader81:7  %exitcond_flatten = icmp eq i3 %indvar_flatten, -4

ST_8: indvar_flatten_next (137)  [1/1] 0.80ns
.preheader81:8  %indvar_flatten_next = add i3 %indvar_flatten, 1

ST_8: StgValue_122 (138)  [1/1] 0.00ns
.preheader81:9  br i1 %exitcond_flatten, label %.preheader80.preheader, label %.preheader82

ST_8: empty_10 (140)  [1/1] 0.00ns
.preheader82:0  %empty_10 = call i32 (...)* @_ssdm_op_SpecLoopTripCount(i64 4, i64 4, i64 4)

ST_8: exitcond (141)  [1/1] 1.36ns  loc: sliding_window_2/sliding_window.cpp:113
.preheader82:1  %exitcond = icmp eq i2 %x3, -1

ST_8: x3_mid2 (142)  [1/1] 1.37ns  loc: sliding_window_2/sliding_window.cpp:113
.preheader82:2  %x3_mid2 = select i1 %exitcond, i2 1, i2 %x3

ST_8: y9 (143)  [1/1] 0.80ns  loc: sliding_window_2/sliding_window.cpp:111
.preheader82:3  %y9 = add i2 1, %y2

ST_8: tmp_2_mid2_v (144)  [1/1] 1.37ns  loc: sliding_window_2/sliding_window.cpp:116
.preheader82:4  %tmp_2_mid2_v = select i1 %exitcond, i2 %y9, i2 %y2

ST_8: tmp_7 (145)  [1/1] 0.00ns  loc: sliding_window_2/sliding_window.cpp:116 (grouped into LUT with out node window_1_1_2)
.preheader82:5  %tmp_7 = trunc i2 %tmp_2_mid2_v to i1

ST_8: cond3_mid1 (146)  [1/1] 1.36ns  loc: sliding_window_2/sliding_window.cpp:116
.preheader82:6  %cond3_mid1 = icmp eq i2 %y2, 0

ST_8: cond2 (147)  [1/1] 1.36ns  loc: sliding_window_2/sliding_window.cpp:116
.preheader82:7  %cond2 = icmp eq i2 %y2, 1

ST_8: cond3_mid2 (148)  [1/1] 1.37ns  loc: sliding_window_2/sliding_window.cpp:116
.preheader82:8  %cond3_mid2 = select i1 %exitcond, i1 %cond3_mid1, i1 %cond2

ST_8: tmp_4 (149)  [1/1] 0.00ns  loc: sliding_window_2/sliding_window.cpp:114
.preheader82:9  %tmp_4 = call i32 (...)* @_ssdm_op_SpecRegionBegin([12 x i8]* @p_str9)

ST_8: StgValue_133 (150)  [1/1] 0.00ns  loc: sliding_window_2/sliding_window.cpp:115
.preheader82:10  call void (...)* @_ssdm_op_SpecPipeline(i32 -1, i32 1, i32 1, i32 0, [1 x i8]* @p_str2) nounwind

ST_8: x_3 (151)  [1/1] 0.80ns  loc: sliding_window_2/sliding_window.cpp:116
.preheader82:11  %x_3 = add i2 1, %x3_mid2

ST_8: cond1 (152)  [1/1] 1.36ns  loc: sliding_window_2/sliding_window.cpp:116
.preheader82:12  %cond1 = icmp eq i2 %x3_mid2, 1

ST_8: line_buf_load13_phi (153)  [1/1] 0.00ns  loc: sliding_window_2/sliding_window.cpp:116 (grouped into LUT with out node window_1_1_2)
.preheader82:13  %line_buf_load13_phi = select i1 %cond1, i32 %line_buf_0_2, i32 %line_buf_0_3

ST_8: line_buf_load14_phi (154)  [1/1] 1.37ns  loc: sliding_window_2/sliding_window.cpp:116 (out node of the LUT)
.preheader82:14  %line_buf_load14_phi = select i1 %cond1, i32 %line_buf_1_2, i32 %line_buf_1_3

ST_8: window_1_1_2 (155)  [1/1] 1.37ns  loc: sliding_window_2/sliding_window.cpp:116 (out node of the LUT)
.preheader82:15  %window_1_1_2 = select i1 %tmp_7, i32 %line_buf_load13_phi, i32 %line_buf_load14_phi

ST_8: window_2_2 (156)  [1/1] 0.00ns  loc: sliding_window_2/sliding_window.cpp:116 (grouped into LUT with out node window_2_2_7)
.preheader82:16  %window_2_2 = select i1 %cond1, i32 %window_1_2_1, i32 %window_1_1_2

ST_8: window_2_2_1_11 (157)  [1/1] 0.00ns  loc: sliding_window_2/sliding_window.cpp:116 (grouped into LUT with out node window_2_2_8)
.preheader82:17  %window_2_2_1_11 = select i1 %cond1, i32 %window_1_1_2, i32 %window_1_1_1

ST_8: window_2_2_3 (158)  [1/1] 0.00ns  loc: sliding_window_2/sliding_window.cpp:116 (grouped into LUT with out node window_2_2_5)
.preheader82:18  %window_2_2_3 = select i1 %cond1, i32 %window_2_2_1, i32 %window_1_1_2

ST_8: window_2_2_4 (159)  [1/1] 0.00ns  loc: sliding_window_2/sliding_window.cpp:116 (grouped into LUT with out node window_2_2_6)
.preheader82:19  %window_2_2_4 = select i1 %cond1, i32 %window_1_1_2, i32 %window_2_1_1

ST_8: window_2_2_5 (160)  [1/1] 1.37ns  loc: sliding_window_2/sliding_window.cpp:116 (out node of the LUT)
.preheader82:20  %window_2_2_5 = select i1 %cond3_mid2, i32 %window_2_2_1, i32 %window_2_2_3

ST_8: window_2_2_6 (161)  [1/1] 1.37ns  loc: sliding_window_2/sliding_window.cpp:116 (out node of the LUT)
.preheader82:21  %window_2_2_6 = select i1 %cond3_mid2, i32 %window_2_1_1, i32 %window_2_2_4

ST_8: window_2_2_7 (162)  [1/1] 1.37ns  loc: sliding_window_2/sliding_window.cpp:116 (out node of the LUT)
.preheader82:22  %window_2_2_7 = select i1 %cond3_mid2, i32 %window_2_2, i32 %window_1_2_1

ST_8: window_2_2_8 (163)  [1/1] 1.37ns  loc: sliding_window_2/sliding_window.cpp:116 (out node of the LUT)
.preheader82:23  %window_2_2_8 = select i1 %cond3_mid2, i32 %window_2_2_1_11, i32 %window_1_1_1

ST_8: empty_12 (164)  [1/1] 0.00ns  loc: sliding_window_2/sliding_window.cpp:117
.preheader82:24  %empty_12 = call i32 (...)* @_ssdm_op_SpecRegionEnd([12 x i8]* @p_str9, i32 %tmp_4)

ST_8: StgValue_148 (165)  [1/1] 0.00ns  loc: sliding_window_2/sliding_window.cpp:113
.preheader82:25  br label %.preheader81


 <State 9>: 1.57ns
ST_9: window_0_0_read_as (167)  [1/1] 0.00ns
.preheader80.preheader:0  %window_0_0_read_as = alloca i32

ST_9: window_0_0 (168)  [1/1] 0.00ns
.preheader80.preheader:1  %window_0_0 = alloca i32

ST_9: window_0_1 (169)  [1/1] 0.00ns
.preheader80.preheader:2  %window_0_1 = alloca i32

ST_9: window_1_0_read_as (170)  [1/1] 0.00ns
.preheader80.preheader:3  %window_1_0_read_as = alloca i32

ST_9: window_2_0_read_as (171)  [1/1] 0.00ns
.preheader80.preheader:4  %window_2_0_read_as = alloca i32

ST_9: line_buf_0_3_5 (172)  [1/1] 0.00ns
.preheader80.preheader:5  %line_buf_0_3_5 = alloca i32

ST_9: line_buf_0_3_8 (173)  [1/1] 0.00ns
.preheader80.preheader:6  %line_buf_0_3_8 = alloca i32

ST_9: read_count_1 (174)  [1/1] 0.00ns
.preheader80.preheader:7  %read_count_1 = alloca i32

ST_9: tmp_6 (175)  [1/1] 0.00ns  loc: sliding_window_2/sliding_window.cpp:29->sliding_window_2/sliding_window.cpp:128
.preheader80.preheader:8  %tmp_6 = call i1 @_ssdm_op_BitSelect.i1.i8.i32(i8 %ctrl_read, i32 2)

ST_9: StgValue_158 (176)  [1/1] 1.57ns
.preheader80.preheader:9  store i32 6, i32* %read_count_1

ST_9: StgValue_159 (177)  [1/1] 1.57ns  loc: sliding_window_2/sliding_window.cpp:121
.preheader80.preheader:10  br label %.preheader79


 <State 10>: 8.72ns
ST_10: indvar_flatten6 (179)  [1/1] 0.00ns
.preheader79:0  %indvar_flatten6 = phi i5 [ 0, %.preheader80.preheader ], [ %indvar_flatten_next7, %._crit_edge85_ifconv ]

ST_10: y_assign (180)  [1/1] 0.00ns  loc: sliding_window_2/sliding_window.cpp:123
.preheader79:1  %y_assign = phi i3 [ 0, %.preheader80.preheader ], [ %y_assign_mid2, %._crit_edge85_ifconv ]

ST_10: x_assign (191)  [1/1] 0.00ns
.preheader79:12  %x_assign = phi i3 [ 0, %.preheader80.preheader ], [ %x_4, %._crit_edge85_ifconv ]

ST_10: tmp_3_i (197)  [1/1] 1.62ns  loc: sliding_window_2/sliding_window.cpp:29->sliding_window_2/sliding_window.cpp:128
.preheader79:18  %tmp_3_i = icmp eq i3 %y_assign, 0

ST_10: tmp_5_i (198)  [1/1] 1.62ns  loc: sliding_window_2/sliding_window.cpp:29->sliding_window_2/sliding_window.cpp:128
.preheader79:19  %tmp_5_i = icmp ugt i3 %y_assign, 2

ST_10: tmp_i_i (199)  [1/1] 1.62ns  loc: sliding_window_2/sliding_window.cpp:24->sliding_window_2/sliding_window.cpp:48->sliding_window_2/sliding_window.cpp:130
.preheader79:20  %tmp_i_i = icmp ne i3 %y_assign, 0

ST_10: y (200)  [1/1] 0.80ns  loc: sliding_window_2/sliding_window.cpp:48->sliding_window_2/sliding_window.cpp:130
.preheader79:21  %y = add i3 %y_assign, 1

ST_10: tmp_9 (201)  [1/1] 0.00ns  loc: sliding_window_2/sliding_window.cpp:24->sliding_window_2/sliding_window.cpp:48->sliding_window_2/sliding_window.cpp:130
.preheader79:22  %tmp_9 = call i1 @_ssdm_op_BitSelect.i1.i3.i32(i3 %y, i32 2)

ST_10: exitcond_flatten8 (202)  [1/1] 1.91ns
.preheader79:23  %exitcond_flatten8 = icmp eq i5 %indvar_flatten6, -16

ST_10: indvar_flatten_next7 (203)  [1/1] 1.72ns
.preheader79:24  %indvar_flatten_next7 = add i5 %indvar_flatten6, 1

ST_10: exitcond2 (211)  [1/1] 1.62ns  loc: sliding_window_2/sliding_window.cpp:123
.preheader80:1  %exitcond2 = icmp eq i3 %x_assign, -4

ST_10: x_assign_mid2 (212)  [1/1] 1.37ns  loc: sliding_window_2/sliding_window.cpp:123
.preheader80:2  %x_assign_mid2 = select i1 %exitcond2, i3 0, i3 %x_assign

ST_10: tmp_3_i_mid1 (213)  [1/1] 1.62ns  loc: sliding_window_2/sliding_window.cpp:29->sliding_window_2/sliding_window.cpp:128
.preheader80:3  %tmp_3_i_mid1 = icmp eq i3 %y, 0

ST_10: tmp_3_i_mid2 (214)  [1/1] 1.37ns  loc: sliding_window_2/sliding_window.cpp:29->sliding_window_2/sliding_window.cpp:128
.preheader80:4  %tmp_3_i_mid2 = select i1 %exitcond2, i1 %tmp_3_i_mid1, i1 %tmp_3_i

ST_10: tmp_5_i_mid1 (215)  [1/1] 1.62ns  loc: sliding_window_2/sliding_window.cpp:29->sliding_window_2/sliding_window.cpp:128
.preheader80:5  %tmp_5_i_mid1 = icmp ugt i3 %y, 2

ST_10: tmp_5_i_mid2 (216)  [1/1] 1.37ns  loc: sliding_window_2/sliding_window.cpp:29->sliding_window_2/sliding_window.cpp:128
.preheader80:6  %tmp_5_i_mid2 = select i1 %exitcond2, i1 %tmp_5_i_mid1, i1 %tmp_5_i

ST_10: tmp_i_i_mid1 (217)  [1/1] 1.62ns  loc: sliding_window_2/sliding_window.cpp:24->sliding_window_2/sliding_window.cpp:48->sliding_window_2/sliding_window.cpp:130
.preheader80:7  %tmp_i_i_mid1 = icmp ne i3 %y, 0

ST_10: tmp_i_i_mid2 (218)  [1/1] 1.37ns  loc: sliding_window_2/sliding_window.cpp:24->sliding_window_2/sliding_window.cpp:48->sliding_window_2/sliding_window.cpp:130
.preheader80:8  %tmp_i_i_mid2 = select i1 %exitcond2, i1 %tmp_i_i_mid1, i1 %tmp_i_i

ST_10: y_assign_1_mid1 (219)  [1/1] 0.80ns  loc: sliding_window_2/sliding_window.cpp:48->sliding_window_2/sliding_window.cpp:130
.preheader80:9  %y_assign_1_mid1 = add i3 %y_assign, 2

ST_10: y_assign_1_mid2 (220)  [1/1] 1.37ns  loc: sliding_window_2/sliding_window.cpp:48->sliding_window_2/sliding_window.cpp:130
.preheader80:10  %y_assign_1_mid2 = select i1 %exitcond2, i3 %y_assign_1_mid1, i3 %y

ST_10: tmp_10 (221)  [1/1] 0.00ns  loc: sliding_window_2/sliding_window.cpp:24->sliding_window_2/sliding_window.cpp:48->sliding_window_2/sliding_window.cpp:130
.preheader80:11  %tmp_10 = call i1 @_ssdm_op_BitSelect.i1.i3.i32(i3 %y_assign_1_mid1, i32 2)

ST_10: tmp_i2_i_mid2_v (222)  [1/1] 1.37ns  loc: sliding_window_2/sliding_window.cpp:24->sliding_window_2/sliding_window.cpp:48->sliding_window_2/sliding_window.cpp:130
.preheader80:12  %tmp_i2_i_mid2_v = select i1 %exitcond2, i1 %tmp_10, i1 %tmp_9

ST_10: y_assign_mid2 (224)  [1/1] 1.37ns  loc: sliding_window_2/sliding_window.cpp:123
.preheader80:14  %y_assign_mid2 = select i1 %exitcond2, i3 %y, i3 %y_assign

ST_10: StgValue_183 (227)  [1/1] 0.00ns  loc: sliding_window_2/sliding_window.cpp:29->sliding_window_2/sliding_window.cpp:128
.preheader80:17  br i1 %tmp_6, label %.critedge, label %pad_skip.exit

ST_10: tmp_2_i (229)  [1/1] 1.62ns  loc: sliding_window_2/sliding_window.cpp:29->sliding_window_2/sliding_window.cpp:128
pad_skip.exit:0  %tmp_2_i = icmp eq i3 %x_assign_mid2, 0

ST_10: tmp_4_i (230)  [1/1] 1.62ns  loc: sliding_window_2/sliding_window.cpp:29->sliding_window_2/sliding_window.cpp:128
pad_skip.exit:1  %tmp_4_i = icmp ugt i3 %x_assign_mid2, 2

ST_10: tmp1 (231)  [1/1] 0.00ns  loc: sliding_window_2/sliding_window.cpp:29->sliding_window_2/sliding_window.cpp:128 (grouped into LUT with out node p_i)
pad_skip.exit:2  %tmp1 = or i1 %tmp_2_i, %tmp_3_i_mid2

ST_10: tmp2 (232)  [1/1] 0.00ns  loc: sliding_window_2/sliding_window.cpp:29->sliding_window_2/sliding_window.cpp:128 (grouped into LUT with out node p_i)
pad_skip.exit:3  %tmp2 = or i1 %tmp_4_i, %tmp_5_i_mid2

ST_10: p_i (233)  [1/1] 1.37ns  loc: sliding_window_2/sliding_window.cpp:29->sliding_window_2/sliding_window.cpp:128 (out node of the LUT)
pad_skip.exit:4  %p_i = or i1 %tmp2, %tmp1

ST_10: StgValue_189 (234)  [1/1] 0.00ns  loc: sliding_window_2/sliding_window.cpp:128
pad_skip.exit:5  br i1 %p_i, label %._crit_edge_ifconv, label %.critedge

ST_10: tmp_9_i_i (255)  [1/1] 1.62ns  loc: sliding_window_2/sliding_window.cpp:24->sliding_window_2/sliding_window.cpp:48->sliding_window_2/sliding_window.cpp:130
.critedge:19  %tmp_9_i_i = icmp ne i3 %x_assign_mid2, 0

ST_10: read_count_1_load (323)  [1/1] 0.00ns  loc: sliding_window_2/sliding_window.cpp:148
._crit_edge_ifconv:2  %read_count_1_load = load i32* %read_count_1

ST_10: tmp_15 (338)  [1/1] 0.00ns  loc: sliding_window_2/sliding_window.cpp:148
._crit_edge_ifconv:17  %tmp_15 = call i28 @_ssdm_op_PartSelect.i28.i32.i32.i32(i32 %read_count_1_load, i32 4, i32 31)

ST_10: icmp (339)  [1/1] 2.46ns  loc: sliding_window_2/sliding_window.cpp:148
._crit_edge_ifconv:18  %icmp = icmp slt i28 %tmp_15, 1

ST_10: StgValue_194 (343)  [1/1] 1.57ns  loc: sliding_window_2/sliding_window.cpp:148
._crit_edge_ifconv:22  br i1 %icmp, label %2, label %._crit_edge85_ifconv

ST_10: empty_15 (345)  [2/2] 0.00ns  loc: sliding_window_2/sliding_window.cpp:150
:0  %empty_15 = call { i32, i4, i4, i2, i1, i5, i6 } @_ssdm_op_Read.axis.volatile.i32P.i4P.i4P.i2P.i1P.i5P.i6P(i32* %in_stream_V_data_V, i4* %in_stream_V_keep_V, i4* %in_stream_V_strb_V, i2* %in_stream_V_user_V, i1* %in_stream_V_last_V, i5* %in_stream_V_id_V, i6* %in_stream_V_dest_V)

ST_10: read_count (347)  [1/1] 2.44ns  loc: sliding_window_2/sliding_window.cpp:151
:2  %read_count = add nsw i32 %read_count_1_load, 1

ST_10: StgValue_197 (348)  [1/1] 1.57ns  loc: sliding_window_2/sliding_window.cpp:151
:3  store i32 %read_count, i32* %read_count_1

ST_10: x_4 (360)  [1/1] 0.80ns  loc: sliding_window_2/sliding_window.cpp:123
._crit_edge85_ifconv:9  %x_4 = add i3 %x_assign_mid2, 1


 <State 11>: 7.08ns
ST_11: line_buf_1_3_3 (181)  [1/1] 0.00ns
.preheader79:2  %line_buf_1_3_3 = phi i32 [ %line_buf_1_3, %.preheader80.preheader ], [ %line_buf_1_3_11, %._crit_edge85_ifconv ]

ST_11: line_buf_1_2_3 (182)  [1/1] 0.00ns
.preheader79:3  %line_buf_1_2_3 = phi i32 [ %line_buf_1_2, %.preheader80.preheader ], [ %line_buf_1_3_12, %._crit_edge85_ifconv ]

ST_11: line_buf_1_3_13 (183)  [1/1] 0.00ns
.preheader79:4  %line_buf_1_3_13 = phi i32 [ %line_buf_1_3_5, %.preheader80.preheader ], [ %line_buf_1_3_15, %._crit_edge85_ifconv ]

ST_11: line_buf_1_3_1 (184)  [1/1] 0.00ns
.preheader79:5  %line_buf_1_3_1 = phi i32 [ %line_buf_1_3_8, %.preheader80.preheader ], [ %line_buf_1_3_16, %._crit_edge85_ifconv ]

ST_11: line_buf_0_3_3 (185)  [1/1] 0.00ns
.preheader79:6  %line_buf_0_3_3 = phi i32 [ %line_buf_0_3, %.preheader80.preheader ], [ %line_buf_0_3_6, %._crit_edge85_ifconv ]

ST_11: line_buf_0_2_3 (186)  [1/1] 0.00ns
.preheader79:7  %line_buf_0_2_3 = phi i32 [ %line_buf_0_2, %.preheader80.preheader ], [ %line_buf_0_3_7, %._crit_edge85_ifconv ]

ST_11: window_2_1 (187)  [1/1] 0.00ns
.preheader79:8  %window_2_1 = phi i32 [ %window_2_2_1, %.preheader80.preheader ], [ %line_buf_1_3_17, %._crit_edge85_ifconv ]

ST_11: window_2_0 (188)  [1/1] 0.00ns
.preheader79:9  %window_2_0 = phi i32 [ %window_2_1_1, %.preheader80.preheader ], [ %window_2_1, %._crit_edge85_ifconv ]

ST_11: window_1_1 (189)  [1/1] 0.00ns
.preheader79:10  %window_1_1 = phi i32 [ %window_1_2_1, %.preheader80.preheader ], [ %line_buf_0_3_15, %._crit_edge85_ifconv ]

ST_11: window_1_0 (190)  [1/1] 0.00ns
.preheader79:11  %window_1_0 = phi i32 [ %window_1_1_1, %.preheader80.preheader ], [ %window_1_1, %._crit_edge85_ifconv ]

ST_11: window_0_0_read_as_1 (192)  [1/1] 0.00ns  loc: sliding_window_2/sliding_window.cpp:50->sliding_window_2/sliding_window.cpp:130
.preheader79:13  %window_0_0_read_as_1 = load i32* %window_0_0_read_as

ST_11: window_0_0_load (193)  [1/1] 0.00ns  loc: sliding_window_2/sliding_window.cpp:50->sliding_window_2/sliding_window.cpp:130
.preheader79:14  %window_0_0_load = load i32* %window_0_0

ST_11: window_0_1_load_1 (194)  [1/1] 0.00ns
.preheader79:15  %window_0_1_load_1 = load i32* %window_0_1

ST_11: window_1_0_read_as_1 (195)  [1/1] 0.00ns  loc: sliding_window_2/sliding_window.cpp:50->sliding_window_2/sliding_window.cpp:130
.preheader79:16  %window_1_0_read_as_1 = load i32* %window_1_0_read_as

ST_11: window_2_0_read_as_1 (196)  [1/1] 0.00ns  loc: sliding_window_2/sliding_window.cpp:50->sliding_window_2/sliding_window.cpp:130
.preheader79:17  %window_2_0_read_as_1 = load i32* %window_2_0_read_as

ST_11: StgValue_214 (204)  [1/1] 0.00ns  loc: sliding_window_2/sliding_window.cpp:116
.preheader79:25  store i32 %window_2_0, i32* %window_2_0_read_as

ST_11: StgValue_215 (205)  [1/1] 0.00ns  loc: sliding_window_2/sliding_window.cpp:116
.preheader79:26  store i32 %window_1_0, i32* %window_1_0_read_as

ST_11: StgValue_216 (206)  [1/1] 0.00ns
.preheader79:27  store i32 %window_0_1_load_1, i32* %window_0_0

ST_11: StgValue_217 (207)  [1/1] 0.00ns  loc: sliding_window_2/sliding_window.cpp:50->sliding_window_2/sliding_window.cpp:130
.preheader79:28  store i32 %window_0_0_load, i32* %window_0_0_read_as

ST_11: StgValue_218 (208)  [1/1] 0.00ns
.preheader79:29  br i1 %exitcond_flatten8, label %3, label %.preheader80

ST_11: tmp_3 (225)  [1/1] 0.00ns  loc: sliding_window_2/sliding_window.cpp:124
.preheader80:15  %tmp_3 = call i32 (...)* @_ssdm_op_SpecRegionBegin([12 x i8]* @p_str10)

ST_11: window_0_1_load (236)  [1/1] 0.00ns  loc: sliding_window_2/sliding_window.cpp:50->sliding_window_2/sliding_window.cpp:130
.critedge:0  %window_0_1_load = load i32* %window_0_1

ST_11: kernel_0_read (237)  [1/1] 1.00ns  loc: sliding_window_2/sliding_window.cpp:130
.critedge:1  %kernel_0_read = call i8 @_ssdm_op_Read.s_axilite.i8P(i8* %kernel_0)

ST_11: kernel_1_read (238)  [1/1] 1.00ns  loc: sliding_window_2/sliding_window.cpp:130
.critedge:2  %kernel_1_read = call i8 @_ssdm_op_Read.s_axilite.i8P(i8* %kernel_1)

ST_11: kernel_2_read (239)  [1/1] 1.00ns  loc: sliding_window_2/sliding_window.cpp:130
.critedge:3  %kernel_2_read = call i8 @_ssdm_op_Read.s_axilite.i8P(i8* %kernel_2)

ST_11: kernel_3_read (240)  [1/1] 1.00ns  loc: sliding_window_2/sliding_window.cpp:130
.critedge:4  %kernel_3_read = call i8 @_ssdm_op_Read.s_axilite.i8P(i8* %kernel_3)

ST_11: kernel_4_read (241)  [1/1] 1.00ns  loc: sliding_window_2/sliding_window.cpp:130
.critedge:5  %kernel_4_read = call i8 @_ssdm_op_Read.s_axilite.i8P(i8* %kernel_4)

ST_11: kernel_5_read (242)  [1/1] 1.00ns  loc: sliding_window_2/sliding_window.cpp:130
.critedge:6  %kernel_5_read = call i8 @_ssdm_op_Read.s_axilite.i8P(i8* %kernel_5)

ST_11: kernel_6_read (243)  [1/1] 1.00ns  loc: sliding_window_2/sliding_window.cpp:130
.critedge:7  %kernel_6_read = call i8 @_ssdm_op_Read.s_axilite.i8P(i8* %kernel_6)

ST_11: kernel_7_read (244)  [1/1] 1.00ns  loc: sliding_window_2/sliding_window.cpp:130
.critedge:8  %kernel_7_read = call i8 @_ssdm_op_Read.s_axilite.i8P(i8* %kernel_7)

ST_11: kernel_8_read (245)  [1/1] 1.00ns  loc: sliding_window_2/sliding_window.cpp:130
.critedge:9  %kernel_8_read = call i8 @_ssdm_op_Read.s_axilite.i8P(i8* %kernel_8)

ST_11: bias_0_read (246)  [1/1] 1.00ns  loc: sliding_window_2/sliding_window.cpp:130
.critedge:10  %bias_0_read = call i8 @_ssdm_op_Read.s_axilite.i8P(i8* %bias_0)

ST_11: bias_1_read (247)  [1/1] 1.00ns  loc: sliding_window_2/sliding_window.cpp:130
.critedge:11  %bias_1_read = call i8 @_ssdm_op_Read.s_axilite.i8P(i8* %bias_1)

ST_11: bias_2_read (248)  [1/1] 1.00ns  loc: sliding_window_2/sliding_window.cpp:130
.critedge:12  %bias_2_read = call i8 @_ssdm_op_Read.s_axilite.i8P(i8* %bias_2)

ST_11: bias_3_read (249)  [1/1] 1.00ns  loc: sliding_window_2/sliding_window.cpp:130
.critedge:13  %bias_3_read = call i8 @_ssdm_op_Read.s_axilite.i8P(i8* %bias_3)

ST_11: bias_4_read (250)  [1/1] 1.00ns  loc: sliding_window_2/sliding_window.cpp:130
.critedge:14  %bias_4_read = call i8 @_ssdm_op_Read.s_axilite.i8P(i8* %bias_4)

ST_11: bias_5_read (251)  [1/1] 1.00ns  loc: sliding_window_2/sliding_window.cpp:130
.critedge:15  %bias_5_read = call i8 @_ssdm_op_Read.s_axilite.i8P(i8* %bias_5)

ST_11: bias_6_read (252)  [1/1] 1.00ns  loc: sliding_window_2/sliding_window.cpp:130
.critedge:16  %bias_6_read = call i8 @_ssdm_op_Read.s_axilite.i8P(i8* %bias_6)

ST_11: bias_7_read (253)  [1/1] 1.00ns  loc: sliding_window_2/sliding_window.cpp:130
.critedge:17  %bias_7_read = call i8 @_ssdm_op_Read.s_axilite.i8P(i8* %bias_7)

ST_11: bias_8_read (254)  [1/1] 1.00ns  loc: sliding_window_2/sliding_window.cpp:130
.critedge:18  %bias_8_read = call i8 @_ssdm_op_Read.s_axilite.i8P(i8* %bias_8)

ST_11: tmp_8_i (257)  [1/1] 0.00ns  loc: sliding_window_2/sliding_window.cpp:50->sliding_window_2/sliding_window.cpp:130
.critedge:21  %tmp_8_i = zext i8 %kernel_0_read to i32

ST_11: tmp_9_i (258)  [3/3] 6.08ns  loc: sliding_window_2/sliding_window.cpp:50->sliding_window_2/sliding_window.cpp:130
.critedge:22  %tmp_9_i = mul i32 %window_0_0_read_as_1, %tmp_8_i

ST_11: tmp_8_0_1_i (262)  [1/1] 0.00ns  loc: sliding_window_2/sliding_window.cpp:50->sliding_window_2/sliding_window.cpp:130
.critedge:26  %tmp_8_0_1_i = zext i8 %kernel_1_read to i32

ST_11: tmp_9_0_1_i (263)  [3/3] 6.08ns  loc: sliding_window_2/sliding_window.cpp:50->sliding_window_2/sliding_window.cpp:130
.critedge:27  %tmp_9_0_1_i = mul i32 %window_0_0_load, %tmp_8_0_1_i

ST_11: tmp_8_0_2_i (272)  [1/1] 0.00ns  loc: sliding_window_2/sliding_window.cpp:50->sliding_window_2/sliding_window.cpp:130
.critedge:36  %tmp_8_0_2_i = zext i8 %kernel_2_read to i32

ST_11: tmp_9_0_2_i (273)  [3/3] 6.08ns  loc: sliding_window_2/sliding_window.cpp:50->sliding_window_2/sliding_window.cpp:130
.critedge:37  %tmp_9_0_2_i = mul i32 %window_0_1_load, %tmp_8_0_2_i

ST_11: tmp_8_1_i (278)  [1/1] 0.00ns  loc: sliding_window_2/sliding_window.cpp:50->sliding_window_2/sliding_window.cpp:130
.critedge:42  %tmp_8_1_i = zext i8 %kernel_3_read to i32

ST_11: tmp_9_1_i (279)  [3/3] 6.08ns  loc: sliding_window_2/sliding_window.cpp:50->sliding_window_2/sliding_window.cpp:130
.critedge:43  %tmp_9_1_i = mul i32 %window_1_0_read_as_1, %tmp_8_1_i

ST_11: tmp_8_1_1_i (284)  [1/1] 0.00ns  loc: sliding_window_2/sliding_window.cpp:50->sliding_window_2/sliding_window.cpp:130
.critedge:48  %tmp_8_1_1_i = zext i8 %kernel_4_read to i32

ST_11: tmp_9_1_1_i (285)  [3/3] 6.08ns  loc: sliding_window_2/sliding_window.cpp:50->sliding_window_2/sliding_window.cpp:130
.critedge:49  %tmp_9_1_1_i = mul i32 %window_1_0, %tmp_8_1_1_i

ST_11: tmp_8_1_2_i (291)  [1/1] 0.00ns  loc: sliding_window_2/sliding_window.cpp:50->sliding_window_2/sliding_window.cpp:130
.critedge:55  %tmp_8_1_2_i = zext i8 %kernel_5_read to i32

ST_11: tmp_9_1_2_i (292)  [3/3] 6.08ns  loc: sliding_window_2/sliding_window.cpp:50->sliding_window_2/sliding_window.cpp:130
.critedge:56  %tmp_9_1_2_i = mul i32 %window_1_1, %tmp_8_1_2_i

ST_11: tmp_8_2_i (298)  [1/1] 0.00ns  loc: sliding_window_2/sliding_window.cpp:50->sliding_window_2/sliding_window.cpp:130
.critedge:62  %tmp_8_2_i = zext i8 %kernel_6_read to i32

ST_11: tmp_9_2_i (299)  [3/3] 6.08ns  loc: sliding_window_2/sliding_window.cpp:50->sliding_window_2/sliding_window.cpp:130
.critedge:63  %tmp_9_2_i = mul i32 %window_2_0_read_as_1, %tmp_8_2_i

ST_11: tmp_8_2_1_i (304)  [1/1] 0.00ns  loc: sliding_window_2/sliding_window.cpp:50->sliding_window_2/sliding_window.cpp:130
.critedge:68  %tmp_8_2_1_i = zext i8 %kernel_7_read to i32

ST_11: tmp_9_2_1_i (305)  [3/3] 6.08ns  loc: sliding_window_2/sliding_window.cpp:50->sliding_window_2/sliding_window.cpp:130
.critedge:69  %tmp_9_2_1_i = mul i32 %window_2_0, %tmp_8_2_1_i

ST_11: tmp_8_2_2_i (312)  [1/1] 0.00ns  loc: sliding_window_2/sliding_window.cpp:50->sliding_window_2/sliding_window.cpp:130
.critedge:76  %tmp_8_2_2_i = zext i8 %kernel_8_read to i32

ST_11: tmp_9_2_2_i (313)  [3/3] 6.08ns  loc: sliding_window_2/sliding_window.cpp:50->sliding_window_2/sliding_window.cpp:130
.critedge:77  %tmp_9_2_2_i = mul i32 %window_2_1, %tmp_8_2_2_i

ST_11: line_buf_0_3_5_loa (321)  [1/1] 0.00ns
._crit_edge_ifconv:0  %line_buf_0_3_5_loa = load i32* %line_buf_0_3_5

ST_11: line_buf_0_3_8_loa (322)  [1/1] 0.00ns
._crit_edge_ifconv:1  %line_buf_0_3_8_loa = load i32* %line_buf_0_3_8

ST_11: tmp_14 (324)  [1/1] 0.00ns  loc: sliding_window_2/sliding_window.cpp:123
._crit_edge_ifconv:3  %tmp_14 = trunc i3 %x_assign_mid2 to i2

ST_11: right_0 (325)  [1/1] 1.57ns  loc: sliding_window_2/sliding_window.cpp:95
._crit_edge_ifconv:4  %right_0 = call i32 @_ssdm_op_Mux.ap_auto.4i32.i2(i32 %line_buf_0_3_5_loa, i32 %line_buf_0_3_8_loa, i32 %line_buf_0_2_3, i32 %line_buf_0_3_3, i2 %tmp_14)

ST_11: line_buf_0_3_15 (326)  [1/1] 1.57ns  loc: sliding_window_2/sliding_window.cpp:100
._crit_edge_ifconv:5  %line_buf_0_3_15 = call i32 @_ssdm_op_Mux.ap_auto.4i32.i2(i32 %line_buf_1_3_1, i32 %line_buf_1_3_13, i32 %line_buf_1_2_3, i32 %line_buf_1_3_3, i2 %tmp_14)

ST_11: sel_tmp2 (327)  [1/1] 1.36ns  loc: sliding_window_2/sliding_window.cpp:123
._crit_edge_ifconv:6  %sel_tmp2 = icmp eq i2 %tmp_14, -2

ST_11: sel_tmp3 (328)  [1/1] 1.36ns  loc: sliding_window_2/sliding_window.cpp:123
._crit_edge_ifconv:7  %sel_tmp3 = icmp eq i2 %tmp_14, 1

ST_11: sel_tmp4 (329)  [1/1] 1.36ns  loc: sliding_window_2/sliding_window.cpp:123
._crit_edge_ifconv:8  %sel_tmp4 = icmp eq i2 %tmp_14, 0

ST_11: or_cond2 (330)  [1/1] 1.37ns  loc: sliding_window_2/sliding_window.cpp:123
._crit_edge_ifconv:9  %or_cond2 = or i1 %sel_tmp4, %sel_tmp3

ST_11: newSel4 (331)  [1/1] 0.00ns  loc: sliding_window_2/sliding_window.cpp:123 (grouped into LUT with out node line_buf_0_3_6)
._crit_edge_ifconv:10  %newSel4 = select i1 %sel_tmp2, i32 %line_buf_0_3_3, i32 %line_buf_0_3_15

ST_11: line_buf_0_3_6 (332)  [1/1] 1.37ns  loc: sliding_window_2/sliding_window.cpp:123 (out node of the LUT)
._crit_edge_ifconv:11  %line_buf_0_3_6 = select i1 %or_cond2, i32 %line_buf_0_3_3, i32 %newSel4

ST_11: newSel6 (333)  [1/1] 0.00ns  loc: sliding_window_2/sliding_window.cpp:123 (grouped into LUT with out node line_buf_0_3_7)
._crit_edge_ifconv:12  %newSel6 = select i1 %sel_tmp2, i32 %line_buf_0_3_15, i32 %line_buf_0_2_3

ST_11: line_buf_0_3_7 (334)  [1/1] 1.37ns  loc: sliding_window_2/sliding_window.cpp:123 (out node of the LUT)
._crit_edge_ifconv:13  %line_buf_0_3_7 = select i1 %or_cond2, i32 %line_buf_0_2_3, i32 %newSel6

ST_11: line_buf_0_3_9 (335)  [1/1] 0.00ns  loc: sliding_window_2/sliding_window.cpp:123 (grouped into LUT with out node line_buf_0_3_13)
._crit_edge_ifconv:14  %line_buf_0_3_9 = select i1 %sel_tmp3, i32 %line_buf_0_3_15, i32 %line_buf_0_3_8_loa

ST_11: line_buf_0_3_13 (336)  [1/1] 1.37ns  loc: sliding_window_2/sliding_window.cpp:123 (out node of the LUT)
._crit_edge_ifconv:15  %line_buf_0_3_13 = select i1 %sel_tmp4, i32 %line_buf_0_3_8_loa, i32 %line_buf_0_3_9

ST_11: line_buf_0_3_14 (337)  [1/1] 1.37ns  loc: sliding_window_2/sliding_window.cpp:123
._crit_edge_ifconv:16  %line_buf_0_3_14 = select i1 %sel_tmp4, i32 %line_buf_0_3_15, i32 %line_buf_0_3_5_loa

ST_11: StgValue_273 (340)  [1/1] 0.00ns  loc: sliding_window_2/sliding_window.cpp:123
._crit_edge_ifconv:19  store i32 %line_buf_0_3_13, i32* %line_buf_0_3_8

ST_11: StgValue_274 (341)  [1/1] 0.00ns  loc: sliding_window_2/sliding_window.cpp:123
._crit_edge_ifconv:20  store i32 %line_buf_0_3_14, i32* %line_buf_0_3_5

ST_11: StgValue_275 (342)  [1/1] 0.00ns  loc: sliding_window_2/sliding_window.cpp:95
._crit_edge_ifconv:21  store i32 %right_0, i32* %window_0_1

ST_11: empty_15 (345)  [1/2] 0.00ns  loc: sliding_window_2/sliding_window.cpp:150
:0  %empty_15 = call { i32, i4, i4, i2, i1, i5, i6 } @_ssdm_op_Read.axis.volatile.i32P.i4P.i4P.i2P.i1P.i5P.i6P(i32* %in_stream_V_data_V, i4* %in_stream_V_keep_V, i4* %in_stream_V_strb_V, i2* %in_stream_V_user_V, i1* %in_stream_V_last_V, i5* %in_stream_V_id_V, i6* %in_stream_V_dest_V)

ST_11: tmp_data_V_4 (346)  [1/1] 0.00ns  loc: sliding_window_2/sliding_window.cpp:150
:1  %tmp_data_V_4 = extractvalue { i32, i4, i4, i2, i1, i5, i6 } %empty_15, 0

ST_11: StgValue_278 (349)  [1/1] 1.57ns  loc: sliding_window_2/sliding_window.cpp:152
:4  br label %._crit_edge85_ifconv

ST_11: line_buf_1_3_17 (351)  [1/1] 0.00ns
._crit_edge85_ifconv:0  %line_buf_1_3_17 = phi i32 [ %tmp_data_V_4, %2 ], [ 0, %._crit_edge_ifconv ]

ST_11: newSel8 (352)  [1/1] 0.00ns  loc: sliding_window_2/sliding_window.cpp:123 (grouped into LUT with out node line_buf_1_3_11)
._crit_edge85_ifconv:1  %newSel8 = select i1 %sel_tmp2, i32 %line_buf_1_3_3, i32 %line_buf_1_3_17

ST_11: line_buf_1_3_11 (353)  [1/1] 1.37ns  loc: sliding_window_2/sliding_window.cpp:123 (out node of the LUT)
._crit_edge85_ifconv:2  %line_buf_1_3_11 = select i1 %or_cond2, i32 %line_buf_1_3_3, i32 %newSel8

ST_11: newSel1 (354)  [1/1] 0.00ns  loc: sliding_window_2/sliding_window.cpp:123 (grouped into LUT with out node line_buf_1_3_12)
._crit_edge85_ifconv:3  %newSel1 = select i1 %sel_tmp2, i32 %line_buf_1_3_17, i32 %line_buf_1_2_3

ST_11: line_buf_1_3_12 (355)  [1/1] 1.37ns  loc: sliding_window_2/sliding_window.cpp:123 (out node of the LUT)
._crit_edge85_ifconv:4  %line_buf_1_3_12 = select i1 %or_cond2, i32 %line_buf_1_2_3, i32 %newSel1

ST_11: line_buf_1_3_14 (356)  [1/1] 0.00ns  loc: sliding_window_2/sliding_window.cpp:123 (grouped into LUT with out node line_buf_1_3_15)
._crit_edge85_ifconv:5  %line_buf_1_3_14 = select i1 %sel_tmp3, i32 %line_buf_1_3_17, i32 %line_buf_1_3_13

ST_11: line_buf_1_3_15 (357)  [1/1] 1.37ns  loc: sliding_window_2/sliding_window.cpp:123 (out node of the LUT)
._crit_edge85_ifconv:6  %line_buf_1_3_15 = select i1 %sel_tmp4, i32 %line_buf_1_3_13, i32 %line_buf_1_3_14

ST_11: line_buf_1_3_16 (358)  [1/1] 1.37ns  loc: sliding_window_2/sliding_window.cpp:123
._crit_edge85_ifconv:7  %line_buf_1_3_16 = select i1 %sel_tmp4, i32 %line_buf_1_3_17, i32 %line_buf_1_3_1

ST_11: empty_16 (359)  [1/1] 0.00ns  loc: sliding_window_2/sliding_window.cpp:169
._crit_edge85_ifconv:8  %empty_16 = call i32 (...)* @_ssdm_op_SpecRegionEnd([12 x i8]* @p_str10, i32 %tmp_3)

ST_11: StgValue_288 (361)  [1/1] 0.00ns  loc: sliding_window_2/sliding_window.cpp:123
._crit_edge85_ifconv:10  br label %.preheader79


 <State 12>: 6.08ns
ST_12: tmp_9_i (258)  [2/3] 6.08ns  loc: sliding_window_2/sliding_window.cpp:50->sliding_window_2/sliding_window.cpp:130
.critedge:22  %tmp_9_i = mul i32 %window_0_0_read_as_1, %tmp_8_i

ST_12: tmp_9_0_1_i (263)  [2/3] 6.08ns  loc: sliding_window_2/sliding_window.cpp:50->sliding_window_2/sliding_window.cpp:130
.critedge:27  %tmp_9_0_1_i = mul i32 %window_0_0_load, %tmp_8_0_1_i

ST_12: tmp_9_0_2_i (273)  [2/3] 6.08ns  loc: sliding_window_2/sliding_window.cpp:50->sliding_window_2/sliding_window.cpp:130
.critedge:37  %tmp_9_0_2_i = mul i32 %window_0_1_load, %tmp_8_0_2_i

ST_12: tmp_9_1_i (279)  [2/3] 6.08ns  loc: sliding_window_2/sliding_window.cpp:50->sliding_window_2/sliding_window.cpp:130
.critedge:43  %tmp_9_1_i = mul i32 %window_1_0_read_as_1, %tmp_8_1_i

ST_12: tmp_9_1_1_i (285)  [2/3] 6.08ns  loc: sliding_window_2/sliding_window.cpp:50->sliding_window_2/sliding_window.cpp:130
.critedge:49  %tmp_9_1_1_i = mul i32 %window_1_0, %tmp_8_1_1_i

ST_12: tmp_9_1_2_i (292)  [2/3] 6.08ns  loc: sliding_window_2/sliding_window.cpp:50->sliding_window_2/sliding_window.cpp:130
.critedge:56  %tmp_9_1_2_i = mul i32 %window_1_1, %tmp_8_1_2_i

ST_12: tmp_9_2_i (299)  [2/3] 6.08ns  loc: sliding_window_2/sliding_window.cpp:50->sliding_window_2/sliding_window.cpp:130
.critedge:63  %tmp_9_2_i = mul i32 %window_2_0_read_as_1, %tmp_8_2_i

ST_12: tmp_9_2_1_i (305)  [2/3] 6.08ns  loc: sliding_window_2/sliding_window.cpp:50->sliding_window_2/sliding_window.cpp:130
.critedge:69  %tmp_9_2_1_i = mul i32 %window_2_0, %tmp_8_2_1_i

ST_12: tmp_9_2_2_i (313)  [2/3] 6.08ns  loc: sliding_window_2/sliding_window.cpp:50->sliding_window_2/sliding_window.cpp:130
.critedge:77  %tmp_9_2_2_i = mul i32 %window_2_1, %tmp_8_2_2_i


 <State 13>: 8.52ns
ST_13: tmp_9_i (258)  [1/3] 6.08ns  loc: sliding_window_2/sliding_window.cpp:50->sliding_window_2/sliding_window.cpp:130
.critedge:22  %tmp_9_i = mul i32 %window_0_0_read_as_1, %tmp_8_i

ST_13: tmp_1_i (259)  [1/1] 0.00ns  loc: sliding_window_2/sliding_window.cpp:50->sliding_window_2/sliding_window.cpp:130
.critedge:23  %tmp_1_i = zext i8 %bias_0_read to i32

ST_13: result_3_i (260)  [1/1] 2.44ns  loc: sliding_window_2/sliding_window.cpp:50->sliding_window_2/sliding_window.cpp:130
.critedge:24  %result_3_i = add i32 %tmp_9_i, %tmp_1_i

ST_13: tmp_9_0_1_i (263)  [1/3] 6.08ns  loc: sliding_window_2/sliding_window.cpp:50->sliding_window_2/sliding_window.cpp:130
.critedge:27  %tmp_9_0_1_i = mul i32 %window_0_0_load, %tmp_8_0_1_i

ST_13: tmp_9_0_2_i (273)  [1/3] 6.08ns  loc: sliding_window_2/sliding_window.cpp:50->sliding_window_2/sliding_window.cpp:130
.critedge:37  %tmp_9_0_2_i = mul i32 %window_0_1_load, %tmp_8_0_2_i

ST_13: tmp_9_1_i (279)  [1/3] 6.08ns  loc: sliding_window_2/sliding_window.cpp:50->sliding_window_2/sliding_window.cpp:130
.critedge:43  %tmp_9_1_i = mul i32 %window_1_0_read_as_1, %tmp_8_1_i

ST_13: tmp_9_1_1_i (285)  [1/3] 6.08ns  loc: sliding_window_2/sliding_window.cpp:50->sliding_window_2/sliding_window.cpp:130
.critedge:49  %tmp_9_1_1_i = mul i32 %window_1_0, %tmp_8_1_1_i

ST_13: tmp_9_1_2_i (292)  [1/3] 6.08ns  loc: sliding_window_2/sliding_window.cpp:50->sliding_window_2/sliding_window.cpp:130
.critedge:56  %tmp_9_1_2_i = mul i32 %window_1_1, %tmp_8_1_2_i

ST_13: tmp_9_2_i (299)  [1/3] 6.08ns  loc: sliding_window_2/sliding_window.cpp:50->sliding_window_2/sliding_window.cpp:130
.critedge:63  %tmp_9_2_i = mul i32 %window_2_0_read_as_1, %tmp_8_2_i

ST_13: tmp_9_2_1_i (305)  [1/3] 6.08ns  loc: sliding_window_2/sliding_window.cpp:50->sliding_window_2/sliding_window.cpp:130
.critedge:69  %tmp_9_2_1_i = mul i32 %window_2_0, %tmp_8_2_1_i

ST_13: tmp_9_2_2_i (313)  [1/3] 6.08ns  loc: sliding_window_2/sliding_window.cpp:50->sliding_window_2/sliding_window.cpp:130
.critedge:77  %tmp_9_2_2_i = mul i32 %window_2_1, %tmp_8_2_2_i


 <State 14>: 5.31ns
ST_14: or_cond1_i_i (256)  [1/1] 0.00ns  loc: sliding_window_2/sliding_window.cpp:24->sliding_window_2/sliding_window.cpp:48->sliding_window_2/sliding_window.cpp:130 (grouped into LUT with out node result_2_i)
.critedge:20  %or_cond1_i_i = and i1 %tmp_i_i_mid2, %tmp_9_i_i

ST_14: result_2_i (261)  [1/1] 1.37ns  loc: sliding_window_2/sliding_window.cpp:24->sliding_window_2/sliding_window.cpp:48->sliding_window_2/sliding_window.cpp:130 (out node of the LUT)
.critedge:25  %result_2_i = select i1 %or_cond1_i_i, i32 %result_3_i, i32 0

ST_14: tmp_0_1_i (264)  [1/1] 0.00ns  loc: sliding_window_2/sliding_window.cpp:50->sliding_window_2/sliding_window.cpp:130
.critedge:28  %tmp_0_1_i = zext i8 %bias_1_read to i32

ST_14: tmp3 (265)  [1/1] 1.97ns  loc: sliding_window_2/sliding_window.cpp:50->sliding_window_2/sliding_window.cpp:130
.critedge:29  %tmp3 = add i32 %result_2_i, %tmp_0_1_i

ST_14: result_3_0_1_i (266)  [1/1] 1.97ns  loc: sliding_window_2/sliding_window.cpp:50->sliding_window_2/sliding_window.cpp:130
.critedge:30  %result_3_0_1_i = add i32 %tmp3, %tmp_9_0_1_i


 <State 15>: 6.68ns
ST_15: result_2_0_1_i (267)  [1/1] 1.37ns  loc: sliding_window_2/sliding_window.cpp:24->sliding_window_2/sliding_window.cpp:48->sliding_window_2/sliding_window.cpp:130
.critedge:31  %result_2_0_1_i = select i1 %tmp_i_i_mid2, i32 %result_3_0_1_i, i32 0

ST_15: x_assign_1 (268)  [1/1] 0.80ns  loc: sliding_window_2/sliding_window.cpp:48->sliding_window_2/sliding_window.cpp:130
.critedge:32  %x_assign_1 = add i3 %x_assign_mid2, 1

ST_15: tmp_11 (269)  [1/1] 0.00ns  loc: sliding_window_2/sliding_window.cpp:24->sliding_window_2/sliding_window.cpp:48->sliding_window_2/sliding_window.cpp:130 (grouped into LUT with out node result_2_0_2_i)
.critedge:33  %tmp_11 = call i1 @_ssdm_op_BitSelect.i1.i3.i32(i3 %x_assign_1, i32 2)

ST_15: rev (270)  [1/1] 0.00ns  loc: sliding_window_2/sliding_window.cpp:24->sliding_window_2/sliding_window.cpp:48->sliding_window_2/sliding_window.cpp:130 (grouped into LUT with out node result_2_0_2_i)
.critedge:34  %rev = xor i1 %tmp_11, true

ST_15: p_i2_i (271)  [1/1] 0.00ns  loc: sliding_window_2/sliding_window.cpp:24->sliding_window_2/sliding_window.cpp:48->sliding_window_2/sliding_window.cpp:130 (grouped into LUT with out node result_2_0_2_i)
.critedge:35  %p_i2_i = and i1 %tmp_i_i_mid2, %rev

ST_15: tmp_0_2_i (274)  [1/1] 0.00ns  loc: sliding_window_2/sliding_window.cpp:50->sliding_window_2/sliding_window.cpp:130
.critedge:38  %tmp_0_2_i = zext i8 %bias_2_read to i32

ST_15: tmp4 (275)  [1/1] 1.97ns  loc: sliding_window_2/sliding_window.cpp:50->sliding_window_2/sliding_window.cpp:130
.critedge:39  %tmp4 = add i32 %result_2_0_1_i, %tmp_0_2_i

ST_15: result_3_0_2_i (276)  [1/1] 1.97ns  loc: sliding_window_2/sliding_window.cpp:50->sliding_window_2/sliding_window.cpp:130
.critedge:40  %result_3_0_2_i = add i32 %tmp4, %tmp_9_0_2_i

ST_15: result_2_0_2_i (277)  [1/1] 1.37ns  loc: sliding_window_2/sliding_window.cpp:24->sliding_window_2/sliding_window.cpp:48->sliding_window_2/sliding_window.cpp:130 (out node of the LUT)
.critedge:41  %result_2_0_2_i = select i1 %p_i2_i, i32 %result_3_0_2_i, i32 %result_2_0_1_i


 <State 16>: 5.31ns
ST_16: tmp_1_i_13 (280)  [1/1] 0.00ns  loc: sliding_window_2/sliding_window.cpp:50->sliding_window_2/sliding_window.cpp:130
.critedge:44  %tmp_1_i_13 = zext i8 %bias_3_read to i32

ST_16: tmp5 (281)  [1/1] 1.97ns  loc: sliding_window_2/sliding_window.cpp:50->sliding_window_2/sliding_window.cpp:130
.critedge:45  %tmp5 = add i32 %result_2_0_2_i, %tmp_1_i_13

ST_16: result_3_1_i (282)  [1/1] 1.97ns  loc: sliding_window_2/sliding_window.cpp:50->sliding_window_2/sliding_window.cpp:130
.critedge:46  %result_3_1_i = add i32 %tmp5, %tmp_9_1_i

ST_16: result_2_1_i (283)  [1/1] 1.37ns  loc: sliding_window_2/sliding_window.cpp:24->sliding_window_2/sliding_window.cpp:48->sliding_window_2/sliding_window.cpp:130
.critedge:47  %result_2_1_i = select i1 %tmp_9_i_i, i32 %result_3_1_i, i32 %result_2_0_2_i


 <State 17>: 7.88ns
ST_17: tmp_1_1_i (286)  [1/1] 0.00ns  loc: sliding_window_2/sliding_window.cpp:50->sliding_window_2/sliding_window.cpp:130
.critedge:50  %tmp_1_1_i = zext i8 %bias_4_read to i32

ST_17: tmp6 (287)  [1/1] 1.97ns  loc: sliding_window_2/sliding_window.cpp:50->sliding_window_2/sliding_window.cpp:130
.critedge:51  %tmp6 = add i32 %result_2_1_i, %tmp_1_1_i

ST_17: result_3_1_1_i (288)  [1/1] 1.97ns  loc: sliding_window_2/sliding_window.cpp:50->sliding_window_2/sliding_window.cpp:130
.critedge:52  %result_3_1_1_i = add i32 %tmp6, %tmp_9_1_1_i

ST_17: tmp_1_2_i (293)  [1/1] 0.00ns  loc: sliding_window_2/sliding_window.cpp:50->sliding_window_2/sliding_window.cpp:130
.critedge:57  %tmp_1_2_i = zext i8 %bias_5_read to i32

ST_17: tmp7 (294)  [1/1] 1.97ns  loc: sliding_window_2/sliding_window.cpp:50->sliding_window_2/sliding_window.cpp:130
.critedge:58  %tmp7 = add i32 %result_3_1_1_i, %tmp_1_2_i

ST_17: result_3_1_2_i (295)  [1/1] 1.97ns  loc: sliding_window_2/sliding_window.cpp:50->sliding_window_2/sliding_window.cpp:130
.critedge:59  %result_3_1_2_i = add i32 %tmp7, %tmp_9_1_2_i


 <State 18>: 6.68ns
ST_18: empty_17 (210)  [1/1] 0.00ns
.preheader80:0  %empty_17 = call i32 (...)* @_ssdm_op_SpecLoopTripCount(i64 16, i64 16, i64 16)

ST_18: tmp_i2_i_mid2 (223)  [1/1] 1.37ns  loc: sliding_window_2/sliding_window.cpp:24->sliding_window_2/sliding_window.cpp:48->sliding_window_2/sliding_window.cpp:130
.preheader80:13  %tmp_i2_i_mid2 = xor i1 %tmp_i2_i_mid2_v, true

ST_18: StgValue_335 (226)  [1/1] 0.00ns  loc: sliding_window_2/sliding_window.cpp:125
.preheader80:16  call void (...)* @_ssdm_op_SpecPipeline(i32 -1, i32 1, i32 1, i32 0, [1 x i8]* @p_str2) nounwind

ST_18: tmp_8 (289)  [1/1] 0.00ns  loc: sliding_window_2/sliding_window.cpp:24->sliding_window_2/sliding_window.cpp:48->sliding_window_2/sliding_window.cpp:130 (grouped into LUT with out node result_2_1_2_i)
.critedge:53  %tmp_8 = or i3 %y_assign_mid2, %x_assign_1

ST_18: tmp_12 (290)  [1/1] 0.00ns  loc: sliding_window_2/sliding_window.cpp:24->sliding_window_2/sliding_window.cpp:48->sliding_window_2/sliding_window.cpp:130 (grouped into LUT with out node result_2_1_2_i)
.critedge:54  %tmp_12 = call i1 @_ssdm_op_BitSelect.i1.i3.i32(i3 %tmp_8, i32 2)

ST_18: result_2_1_2_i (296)  [1/1] 1.37ns  loc: sliding_window_2/sliding_window.cpp:24->sliding_window_2/sliding_window.cpp:48->sliding_window_2/sliding_window.cpp:130 (out node of the LUT)
.critedge:60  %result_2_1_2_i = select i1 %tmp_12, i32 %result_3_1_1_i, i32 %result_3_1_2_i

ST_18: or_cond1_i6_i (297)  [1/1] 0.00ns  loc: sliding_window_2/sliding_window.cpp:24->sliding_window_2/sliding_window.cpp:48->sliding_window_2/sliding_window.cpp:130 (grouped into LUT with out node result_2_2_i)
.critedge:61  %or_cond1_i6_i = and i1 %tmp_9_i_i, %tmp_i2_i_mid2

ST_18: tmp_2_i_14 (300)  [1/1] 0.00ns  loc: sliding_window_2/sliding_window.cpp:50->sliding_window_2/sliding_window.cpp:130
.critedge:64  %tmp_2_i_14 = zext i8 %bias_6_read to i32

ST_18: tmp8 (301)  [1/1] 1.97ns  loc: sliding_window_2/sliding_window.cpp:50->sliding_window_2/sliding_window.cpp:130
.critedge:65  %tmp8 = add i32 %result_2_1_2_i, %tmp_2_i_14

ST_18: result_3_2_i (302)  [1/1] 1.97ns  loc: sliding_window_2/sliding_window.cpp:50->sliding_window_2/sliding_window.cpp:130
.critedge:66  %result_3_2_i = add i32 %tmp8, %tmp_9_2_i

ST_18: result_2_2_i (303)  [1/1] 1.37ns  loc: sliding_window_2/sliding_window.cpp:24->sliding_window_2/sliding_window.cpp:48->sliding_window_2/sliding_window.cpp:130 (out node of the LUT)
.critedge:67  %result_2_2_i = select i1 %or_cond1_i6_i, i32 %result_3_2_i, i32 %result_2_1_2_i


 <State 19>: 5.31ns
ST_19: tmp_2_1_i (306)  [1/1] 0.00ns  loc: sliding_window_2/sliding_window.cpp:50->sliding_window_2/sliding_window.cpp:130
.critedge:70  %tmp_2_1_i = zext i8 %bias_7_read to i32

ST_19: tmp9 (307)  [1/1] 1.97ns  loc: sliding_window_2/sliding_window.cpp:50->sliding_window_2/sliding_window.cpp:130
.critedge:71  %tmp9 = add i32 %result_2_2_i, %tmp_2_1_i

ST_19: result_3_2_1_i (308)  [1/1] 1.97ns  loc: sliding_window_2/sliding_window.cpp:50->sliding_window_2/sliding_window.cpp:130
.critedge:72  %result_3_2_1_i = add i32 %tmp9, %tmp_9_2_1_i

ST_19: result_2_2_1_i (309)  [1/1] 1.37ns  loc: sliding_window_2/sliding_window.cpp:24->sliding_window_2/sliding_window.cpp:48->sliding_window_2/sliding_window.cpp:130
.critedge:73  %result_2_2_1_i = select i1 %tmp_i2_i_mid2_v, i32 %result_2_1_2_i, i32 %result_3_2_1_i


 <State 20>: 5.31ns
ST_20: tmp_s (310)  [1/1] 0.00ns  loc: sliding_window_2/sliding_window.cpp:24->sliding_window_2/sliding_window.cpp:48->sliding_window_2/sliding_window.cpp:130 (grouped into LUT with out node tmp_data_V)
.critedge:74  %tmp_s = or i3 %y_assign_1_mid2, %x_assign_1

ST_20: tmp_13 (311)  [1/1] 0.00ns  loc: sliding_window_2/sliding_window.cpp:24->sliding_window_2/sliding_window.cpp:48->sliding_window_2/sliding_window.cpp:130 (grouped into LUT with out node tmp_data_V)
.critedge:75  %tmp_13 = call i1 @_ssdm_op_BitSelect.i1.i3.i32(i3 %tmp_s, i32 2)

ST_20: tmp_2_2_i (314)  [1/1] 0.00ns  loc: sliding_window_2/sliding_window.cpp:50->sliding_window_2/sliding_window.cpp:130
.critedge:78  %tmp_2_2_i = zext i8 %bias_8_read to i32

ST_20: tmp10 (315)  [1/1] 1.97ns  loc: sliding_window_2/sliding_window.cpp:50->sliding_window_2/sliding_window.cpp:130
.critedge:79  %tmp10 = add i32 %result_2_2_1_i, %tmp_2_2_i

ST_20: result_3_2_2_i (316)  [1/1] 1.97ns  loc: sliding_window_2/sliding_window.cpp:50->sliding_window_2/sliding_window.cpp:130
.critedge:80  %result_3_2_2_i = add i32 %tmp10, %tmp_9_2_2_i

ST_20: tmp_data_V (317)  [1/1] 1.37ns  loc: sliding_window_2/sliding_window.cpp:24->sliding_window_2/sliding_window.cpp:48->sliding_window_2/sliding_window.cpp:130 (out node of the LUT)
.critedge:81  %tmp_data_V = select i1 %tmp_13, i32 %result_2_2_1_i, i32 %result_3_2_2_i

ST_20: StgValue_354 (318)  [2/2] 0.00ns  loc: sliding_window_2/sliding_window.cpp:136
.critedge:82  call void @_ssdm_op_Write.axis.volatile.i32P.i4P.i4P.i2P.i1P.i5P.i6P(i32* %out_stream_V_data_V, i4* %out_stream_V_keep_V, i4* %out_stream_V_strb_V, i2* %out_stream_V_user_V, i1* %out_stream_V_last_V, i5* %out_stream_V_id_V, i6* %out_stream_V_dest_V, i32 %tmp_data_V, i4 1, i4 1, i2 1, i1 undef, i5 0, i6 0)


 <State 21>: 0.00ns
ST_21: StgValue_355 (318)  [1/2] 0.00ns  loc: sliding_window_2/sliding_window.cpp:136
.critedge:82  call void @_ssdm_op_Write.axis.volatile.i32P.i4P.i4P.i2P.i1P.i5P.i6P(i32* %out_stream_V_data_V, i4* %out_stream_V_keep_V, i4* %out_stream_V_strb_V, i2* %out_stream_V_user_V, i1* %out_stream_V_last_V, i5* %out_stream_V_id_V, i6* %out_stream_V_dest_V, i32 %tmp_data_V, i4 1, i4 1, i2 1, i1 undef, i5 0, i6 0)

ST_21: StgValue_356 (319)  [1/1] 0.00ns  loc: sliding_window_2/sliding_window.cpp:137
.critedge:83  br label %._crit_edge_ifconv


 <State 22>: 0.00ns
ST_22: StgValue_357 (363)  [1/1] 0.00ns  loc: sliding_window_2/sliding_window.cpp:171
:0  ret void



============================================================
+ Verbose Summary: Timing violations
============================================================
Target clock period: 10ns, clock uncertainty: 1.25ns.

 <State 1>: 1.57ns
The critical path consists of the following:
	multiplexor before 'phi' operation ('line_buf[0][3]') with incoming values : ('line_buf[0][3]', sliding_window_2/sliding_window.cpp:95) [77]  (1.57 ns)

 <State 2>: 2.99ns
The critical path consists of the following:
	'icmp' operation ('exitcond1', sliding_window_2/sliding_window.cpp:91) [80]  (1.62 ns)
	blocking operation 1.37 ns on control path)

 <State 3>: 1.37ns
The critical path consists of the following:
	axis read on port 'in_stream_V_data_V' (sliding_window_2/sliding_window.cpp:94) [86]  (0 ns)
	'select' operation ('line_buf[0][3]', sliding_window_2/sliding_window.cpp:95) [91]  (1.37 ns)

 <State 4>: 1.57ns
The critical path consists of the following:
	multiplexor before 'phi' operation ('line_buf[1][3]') with incoming values : ('line_buf[1][3]', sliding_window_2/sliding_window.cpp:100) [98]  (1.57 ns)

 <State 5>: 2.99ns
The critical path consists of the following:
	'icmp' operation ('exitcond4', sliding_window_2/sliding_window.cpp:100) [103]  (1.62 ns)
	blocking operation 1.37 ns on control path)

 <State 6>: 4.1ns
The critical path consists of the following:
	'icmp' operation ('sel_tmp6', sliding_window_2/sliding_window.cpp:100) [114]  (1.36 ns)
	'or' operation ('or_cond', sliding_window_2/sliding_window.cpp:100) [116]  (1.37 ns)
	'select' operation ('line_buf[1][3]', sliding_window_2/sliding_window.cpp:100) [118]  (1.37 ns)

 <State 7>: 1.57ns
The critical path consists of the following:
	multiplexor before 'phi' operation ('indvar_flatten') with incoming values : ('indvar_flatten_next') [129]  (1.57 ns)

 <State 8>: 8.2ns
The critical path consists of the following:
	'phi' operation ('x') with incoming values : ('x', sliding_window_2/sliding_window.cpp:116) [135]  (0 ns)
	'icmp' operation ('exitcond', sliding_window_2/sliding_window.cpp:113) [141]  (1.36 ns)
	'select' operation ('x3_mid2', sliding_window_2/sliding_window.cpp:113) [142]  (1.37 ns)
	'icmp' operation ('cond1', sliding_window_2/sliding_window.cpp:116) [152]  (1.36 ns)
	'select' operation ('line_buf_load14_phi', sliding_window_2/sliding_window.cpp:116) [154]  (1.37 ns)
	'select' operation ('window[1][1]', sliding_window_2/sliding_window.cpp:116) [155]  (1.37 ns)
	'select' operation ('window[2][2]', sliding_window_2/sliding_window.cpp:116) [158]  (0 ns)
	'select' operation ('window[2][2]', sliding_window_2/sliding_window.cpp:116) [160]  (1.37 ns)

 <State 9>: 1.57ns
The critical path consists of the following:
	'alloca' operation ('read_count') [174]  (0 ns)
	'store' operation of constant 6 on local variable 'read_count' [176]  (1.57 ns)

 <State 10>: 8.72ns
The critical path consists of the following:
	'phi' operation ('x') with incoming values : ('x', sliding_window_2/sliding_window.cpp:123) [191]  (0 ns)
	'icmp' operation ('exitcond2', sliding_window_2/sliding_window.cpp:123) [211]  (1.62 ns)
	'select' operation ('x_assign_mid2', sliding_window_2/sliding_window.cpp:123) [212]  (1.37 ns)
	'icmp' operation ('tmp_4_i', sliding_window_2/sliding_window.cpp:29->sliding_window_2/sliding_window.cpp:128) [230]  (1.62 ns)
	'or' operation ('tmp2', sliding_window_2/sliding_window.cpp:29->sliding_window_2/sliding_window.cpp:128) [232]  (0 ns)
	'or' operation ('p_i', sliding_window_2/sliding_window.cpp:29->sliding_window_2/sliding_window.cpp:128) [233]  (1.37 ns)
	blocking operation 2.74 ns on control path)

 <State 11>: 7.08ns
The critical path consists of the following:
	s_axi read on port 'kernel_0' (sliding_window_2/sliding_window.cpp:130) [237]  (1 ns)
	'mul' operation ('tmp_9_i', sliding_window_2/sliding_window.cpp:50->sliding_window_2/sliding_window.cpp:130) [258]  (6.08 ns)

 <State 12>: 6.08ns
The critical path consists of the following:
	'mul' operation ('tmp_9_i', sliding_window_2/sliding_window.cpp:50->sliding_window_2/sliding_window.cpp:130) [258]  (6.08 ns)

 <State 13>: 8.52ns
The critical path consists of the following:
	'mul' operation ('tmp_9_i', sliding_window_2/sliding_window.cpp:50->sliding_window_2/sliding_window.cpp:130) [258]  (6.08 ns)
	'add' operation ('result_3_i', sliding_window_2/sliding_window.cpp:50->sliding_window_2/sliding_window.cpp:130) [260]  (2.44 ns)

 <State 14>: 5.31ns
The critical path consists of the following:
	'and' operation ('or_cond1_i_i', sliding_window_2/sliding_window.cpp:24->sliding_window_2/sliding_window.cpp:48->sliding_window_2/sliding_window.cpp:130) [256]  (0 ns)
	'select' operation ('result_2_i', sliding_window_2/sliding_window.cpp:24->sliding_window_2/sliding_window.cpp:48->sliding_window_2/sliding_window.cpp:130) [261]  (1.37 ns)
	'add' operation ('tmp3', sliding_window_2/sliding_window.cpp:50->sliding_window_2/sliding_window.cpp:130) [265]  (1.97 ns)
	'add' operation ('result_3_0_1_i', sliding_window_2/sliding_window.cpp:50->sliding_window_2/sliding_window.cpp:130) [266]  (1.97 ns)

 <State 15>: 6.68ns
The critical path consists of the following:
	'select' operation ('result_2_0_1_i', sliding_window_2/sliding_window.cpp:24->sliding_window_2/sliding_window.cpp:48->sliding_window_2/sliding_window.cpp:130) [267]  (1.37 ns)
	'add' operation ('tmp4', sliding_window_2/sliding_window.cpp:50->sliding_window_2/sliding_window.cpp:130) [275]  (1.97 ns)
	'add' operation ('result_3_0_2_i', sliding_window_2/sliding_window.cpp:50->sliding_window_2/sliding_window.cpp:130) [276]  (1.97 ns)
	'select' operation ('result_2_0_2_i', sliding_window_2/sliding_window.cpp:24->sliding_window_2/sliding_window.cpp:48->sliding_window_2/sliding_window.cpp:130) [277]  (1.37 ns)

 <State 16>: 5.31ns
The critical path consists of the following:
	'add' operation ('tmp5', sliding_window_2/sliding_window.cpp:50->sliding_window_2/sliding_window.cpp:130) [281]  (1.97 ns)
	'add' operation ('result_3_1_i', sliding_window_2/sliding_window.cpp:50->sliding_window_2/sliding_window.cpp:130) [282]  (1.97 ns)
	'select' operation ('result_2_1_i', sliding_window_2/sliding_window.cpp:24->sliding_window_2/sliding_window.cpp:48->sliding_window_2/sliding_window.cpp:130) [283]  (1.37 ns)

 <State 17>: 7.88ns
The critical path consists of the following:
	'add' operation ('tmp6', sliding_window_2/sliding_window.cpp:50->sliding_window_2/sliding_window.cpp:130) [287]  (1.97 ns)
	'add' operation ('result_3_1_1_i', sliding_window_2/sliding_window.cpp:50->sliding_window_2/sliding_window.cpp:130) [288]  (1.97 ns)
	'add' operation ('tmp7', sliding_window_2/sliding_window.cpp:50->sliding_window_2/sliding_window.cpp:130) [294]  (1.97 ns)
	'add' operation ('result_3_1_2_i', sliding_window_2/sliding_window.cpp:50->sliding_window_2/sliding_window.cpp:130) [295]  (1.97 ns)

 <State 18>: 6.68ns
The critical path consists of the following:
	'or' operation ('tmp_8', sliding_window_2/sliding_window.cpp:24->sliding_window_2/sliding_window.cpp:48->sliding_window_2/sliding_window.cpp:130) [289]  (0 ns)
	'select' operation ('result_2_1_2_i', sliding_window_2/sliding_window.cpp:24->sliding_window_2/sliding_window.cpp:48->sliding_window_2/sliding_window.cpp:130) [296]  (1.37 ns)
	'add' operation ('tmp8', sliding_window_2/sliding_window.cpp:50->sliding_window_2/sliding_window.cpp:130) [301]  (1.97 ns)
	'add' operation ('result_3_2_i', sliding_window_2/sliding_window.cpp:50->sliding_window_2/sliding_window.cpp:130) [302]  (1.97 ns)
	'select' operation ('result_2_2_i', sliding_window_2/sliding_window.cpp:24->sliding_window_2/sliding_window.cpp:48->sliding_window_2/sliding_window.cpp:130) [303]  (1.37 ns)

 <State 19>: 5.31ns
The critical path consists of the following:
	'add' operation ('tmp9', sliding_window_2/sliding_window.cpp:50->sliding_window_2/sliding_window.cpp:130) [307]  (1.97 ns)
	'add' operation ('result_3_2_1_i', sliding_window_2/sliding_window.cpp:50->sliding_window_2/sliding_window.cpp:130) [308]  (1.97 ns)
	'select' operation ('result_2_2_1_i', sliding_window_2/sliding_window.cpp:24->sliding_window_2/sliding_window.cpp:48->sliding_window_2/sliding_window.cpp:130) [309]  (1.37 ns)

 <State 20>: 5.31ns
The critical path consists of the following:
	'add' operation ('tmp10', sliding_window_2/sliding_window.cpp:50->sliding_window_2/sliding_window.cpp:130) [315]  (1.97 ns)
	'add' operation ('result_3_2_2_i', sliding_window_2/sliding_window.cpp:50->sliding_window_2/sliding_window.cpp:130) [316]  (1.97 ns)
	'select' operation ('val', sliding_window_2/sliding_window.cpp:24->sliding_window_2/sliding_window.cpp:48->sliding_window_2/sliding_window.cpp:130) [317]  (1.37 ns)

 <State 21>: 0ns
The critical path consists of the following:

 <State 22>: 0ns
The critical path consists of the following:


============================================================
+ Verbose Summary: Binding
============================================================
N/A
* FSMD analyzer results:
  - Output states:
 - Input state : 
  - Chain level:
	State 1
	State 2
	State 3
	State 4
	State 5
	State 6
	State 7
	State 8
	State 9
	State 10
	State 11
	State 12
	State 13
	State 14
	State 15
	State 16
	State 17
	State 18
	State 19
	State 20
	State 21
	State 22


============================================================
+ Verbose Summary: Datapath Resource usage 
============================================================
N/A
