

================================================================
== Vivado HLS Report for 'cnn_pool_d28x28_p2x2'
================================================================
* Date:           Wed Apr 07 16:55:14 2021

* Version:        2016.4 (Build 1756540 on Mon Jan 23 19:31:01 MST 2017)
* Project:        cnn_pool_d28x28_p2x2
* Solution:       solution1
* Product family: zynq
* Target device:  xc7z020clg484-1


================================================================
== Performance Estimates
================================================================
+ Timing (ns): 
    * Summary: 
    +--------+-------+----------+------------+
    |  Clock | Target| Estimated| Uncertainty|
    +--------+-------+----------+------------+
    |ap_clk  |  10.00|      8.22|        1.25|
    +--------+-------+----------+------------+

+ Latency (clock cycles): 
    * Summary: 
    +-----+-----+-----+-----+---------+
    |  Latency  |  Interval | Pipeline|
    | min | max | min | max |   Type  |
    +-----+-----+-----+-----+---------+
    |  828|  828|  829|  829|   none  |
    +-----+-----+-----+-----+---------+

    + Detail: 
        * Instance: 
        N/A

        * Loop: 
        +----------+-----+-----+----------+-----------+-----------+------+----------+
        |          |  Latency  | Iteration|  Initiation Interval  | Trip |          |
        | Loop Name| min | max |  Latency |  achieved |   target  | Count| Pipelined|
        +----------+-----+-----+----------+-----------+-----------+------+----------+
        |- Loop 1  |    2|    2|         2|          1|          1|     2|    yes   |
        |- Loop 2  |   28|   28|         2|          1|          1|    28|    yes   |
        |- Loop 3  |    4|    4|         2|          1|          1|     4|    yes   |
        |- Loop 4  |  786|  786|         4|          1|          1|   784|    yes   |
        +----------+-----+-----+----------+-----------+-----------+------+----------+



================================================================
== Utilization Estimates
================================================================
* Summary: 
+-----------------+---------+-------+--------+-------+
|       Name      | BRAM_18K| DSP48E|   FF   |  LUT  |
+-----------------+---------+-------+--------+-------+
|DSP              |        -|      -|       -|      -|
|Expression       |        -|      -|       0|    648|
|FIFO             |        -|      -|       -|      -|
|Instance         |        0|      -|      74|    104|
|Memory           |        4|      -|       0|      0|
|Multiplexer      |        -|      -|       -|    314|
|Register         |        -|      -|     724|      2|
+-----------------+---------+-------+--------+-------+
|Total            |        4|      0|     798|   1068|
+-----------------+---------+-------+--------+-------+
|Available        |      280|    220|  106400|  53200|
+-----------------+---------+-------+--------+-------+
|Utilization (%)  |        1|      0|   ~0   |      2|
+-----------------+---------+-------+--------+-------+

+ Detail: 
    * Instance: 
    +-----------------------------------+---------------------------------+---------+-------+----+-----+
    |              Instance             |              Module             | BRAM_18K| DSP48E| FF | LUT |
    +-----------------------------------+---------------------------------+---------+-------+----+-----+
    |cnn_pool_d28x28_p2x2_CTRL_s_axi_U  |cnn_pool_d28x28_p2x2_CTRL_s_axi  |        0|      0|  74|  104|
    +-----------------------------------+---------------------------------+---------+-------+----+-----+
    |Total                              |                                 |        0|      0|  74|  104|
    +-----------------------------------+---------------------------------+---------+-------+----+-----+

    * DSP48: 
    N/A

    * Memory: 
    +----------------+----------------------+---------+---+----+------+-----+------+-------------+
    |     Memory     |        Module        | BRAM_18K| FF| LUT| Words| Bits| Banks| W*Bits*Banks|
    +----------------+----------------------+---------+---+----+------+-----+------+-------------+
    |lineBuffer_0_U  |cnn_pool_d28x28_pbkb  |        2|  0|   0|    28|   32|     1|          896|
    |lineBuffer_1_U  |cnn_pool_d28x28_pbkb  |        2|  0|   0|    28|   32|     1|          896|
    +----------------+----------------------+---------+---+----+------+-----+------+-------------+
    |Total           |                      |        4|  0|   0|    56|   64|     2|         1792|
    +----------------+----------------------+---------+---+----+------+-----+------+-------------+

    * FIFO: 
    N/A

    * Expression: 
    +-------------------------------------+----------+-------+---+----+------------+------------+
    |            Variable Name            | Operation| DSP48E| FF| LUT| Bitwidth P0| Bitwidth P1|
    +-------------------------------------+----------+-------+---+----+------------+------------+
    |a_assign_fu_767_p2                   |     +    |      0|  0|  16|          32|          32|
    |indvar_flatten_next7_fu_620_p2       |     +    |      0|  0|  10|          10|           1|
    |indvar_flatten_next_fu_476_p2        |     +    |      0|  0|   3|           3|           1|
    |readCount_fu_683_p2                  |     +    |      0|  0|  32|          32|           1|
    |tmp3_fu_755_p2                       |     +    |      0|  0|  16|          32|          32|
    |tmp4_fu_761_p2                       |     +    |      0|  0|  32|          32|          32|
    |tmp_5_fu_538_p2                      |     +    |      0|  0|   4|           4|           4|
    |writeCount_fu_828_p2                 |     +    |      0|  0|  32|          32|           1|
    |x_1_fu_438_p2                        |     +    |      0|  0|   4|           4|           1|
    |x_2_fu_459_p2                        |     +    |      0|  0|   5|           5|           1|
    |x_3_fu_560_p2                        |     +    |      0|  0|   2|           1|           2|
    |x_4_fu_694_p2                        |     +    |      0|  0|   5|           5|           1|
    |y9_fu_496_p2                         |     +    |      0|  0|   2|           1|           2|
    |y_s_fu_640_p2                        |     +    |      0|  0|   5|           1|           5|
    |tmp_1_i_i_fu_781_p2                  |     -    |      0|  0|  32|           1|          32|
    |tmp_4_i_i_fu_849_p2                  |     -    |      0|  0|  21|           1|          21|
    |ap_condition_1038                    |    and   |      0|  0|   1|           1|           1|
    |inStream_V_data_V_0_load_A           |    and   |      0|  0|   1|           1|           1|
    |inStream_V_data_V_0_load_B           |    and   |      0|  0|   1|           1|           1|
    |outStream_V_data_V_1_load_A          |    and   |      0|  0|   1|           1|           1|
    |outStream_V_data_V_1_load_B          |    and   |      0|  0|   1|           1|           1|
    |outStream_V_last_V_1_load_A          |    and   |      0|  0|   1|           1|           1|
    |outStream_V_last_V_1_load_B          |    and   |      0|  0|   1|           1|           1|
    |tmp_fu_668_p2                        |    and   |      0|  0|   1|           1|           1|
    |cond1_fu_554_p2                      |   icmp   |      0|  0|   1|           2|           1|
    |cond_fu_520_p2                       |   icmp   |      0|  0|   1|           2|           1|
    |cond_mid1_fu_514_p2                  |   icmp   |      0|  0|   1|           2|           1|
    |exitcond1_fu_432_p2                  |   icmp   |      0|  0|   2|           4|           4|
    |exitcond2_fu_626_p2                  |   icmp   |      0|  0|   2|           5|           4|
    |exitcond4_fu_453_p2                  |   icmp   |      0|  0|   2|           5|           4|
    |exitcond_flatten8_fu_614_p2          |   icmp   |      0|  0|   4|          10|           9|
    |exitcond_flatten_fu_470_p2           |   icmp   |      0|  0|   2|           3|           4|
    |exitcond_fu_482_p2                   |   icmp   |      0|  0|   1|           2|           2|
    |inStream_V_data_V_0_state_cmp_full   |   icmp   |      0|  0|   1|           2|           1|
    |outStream_V_data_V_1_state_cmp_full  |   icmp   |      0|  0|   1|           2|           1|
    |outStream_V_last_V_1_state_cmp_full  |   icmp   |      0|  0|   1|           2|           1|
    |tmp_4_0_1_i_fu_727_p2                |   icmp   |      0|  0|  11|          32|          32|
    |tmp_4_1_1_i_fu_834_p2                |   icmp   |      0|  0|  11|          32|          32|
    |tmp_4_1_i_fu_741_p2                  |   icmp   |      0|  0|  11|          32|          32|
    |tmp_7_fu_677_p2                      |   icmp   |      0|  0|  11|          32|          10|
    |tmp_last_V_fu_874_p2                 |   icmp   |      0|  0|  11|          32|           8|
    |ap_condition_1535                    |    or    |      0|  0|   1|           1|           1|
    |cond_mid2_fu_526_p3                  |  select  |      0|  0|   1|           1|           1|
    |maxValue_0_1_maxVal_fu_733_p3        |  select  |      0|  0|  32|           1|          32|
    |maxValue_17_0_maxVal_fu_747_p3       |  select  |      0|  0|  32|           1|          32|
    |result_1_fu_855_p3                   |  select  |      0|  0|  21|           1|          21|
    |result_fu_807_p3                     |  select  |      0|  0|  20|           1|          20|
    |sel_SEBB_i_fu_839_p3                 |  select  |      0|  0|  32|           1|          32|
    |tmp_3_mid2_v_fu_502_p3               |  select  |      0|  0|   2|           1|           2|
    |tmp_data_V_2_fu_866_p3               |  select  |      0|  0|  32|           1|          32|
    |window_2_2_1_fu_580_p3               |  select  |      0|  0|  32|           1|          32|
    |window_2_2_4_fu_587_p3               |  select  |      0|  0|  32|           1|          32|
    |window_2_2_5_fu_594_p3               |  select  |      0|  0|  32|           1|          32|
    |window_2_2_7_fu_566_p3               |  select  |      0|  0|  32|           1|          32|
    |window_2_2_fu_573_p3                 |  select  |      0|  0|  32|           1|          32|
    |x4_mid2_fu_488_p3                    |  select  |      0|  0|   2|           1|           1|
    |x_assign_mid2_fu_632_p3              |  select  |      0|  0|   5|           1|           1|
    |y_assign_cast7_mid2_s_fu_646_p3      |  select  |      0|  0|   5|           1|           5|
    +-------------------------------------+----------+-------+---+----+------------+------------+
    |Total                                |          |      0|  0| 648|         422|         664|
    +-------------------------------------+----------+-------+---+----+------------+------------+

    * Multiplexer: 
    +-------------------------------+----+-----------+-----+-----------+
    |              Name             | LUT| Input Size| Bits| Total Bits|
    +-------------------------------+----+-----------+-----+-----------+
    |ap_NS_fsm                      |   4|         10|    1|         10|
    |ap_enable_reg_pp3_iter1        |   1|          2|    1|          2|
    |ap_enable_reg_pp3_iter2        |   1|          2|    1|          2|
    |ap_enable_reg_pp3_iter3        |   1|          2|    1|          2|
    |inStream_TDATA_blk_n           |   1|          2|    1|          2|
    |inStream_V_data_V_0_data_out   |  32|          2|   32|         64|
    |inStream_V_data_V_0_state      |   2|          3|    2|          6|
    |inStream_V_dest_V_0_state      |   2|          3|    2|          6|
    |indvar_flatten6_reg_370        |  10|          2|   10|         20|
    |indvar_flatten_reg_313         |   3|          2|    3|          6|
    |lineBuffer_0_address0          |   5|          4|    5|         20|
    |lineBuffer_1_address0          |   5|          4|    5|         20|
    |outStream_TDATA_blk_n          |   1|          2|    1|          2|
    |outStream_V_data_V_1_data_out  |  32|          2|   32|         64|
    |outStream_V_data_V_1_state     |   2|          3|    2|          6|
    |outStream_V_dest_V_1_state     |   2|          3|    2|          6|
    |outStream_V_id_V_1_state       |   2|          3|    2|          6|
    |outStream_V_keep_V_1_state     |   2|          3|    2|          6|
    |outStream_V_last_V_1_data_out  |   1|          2|    1|          2|
    |outStream_V_last_V_1_state     |   2|          3|    2|          6|
    |outStream_V_strb_V_1_state     |   2|          3|    2|          6|
    |outStream_V_user_V_1_state     |   2|          3|    2|          6|
    |readCount_1_fu_170             |  32|          2|   32|         64|
    |window_1_0_phi_fu_417_p4       |  32|          2|   32|         64|
    |window_1_0_reg_414             |  32|          2|   32|         64|
    |window_1_1_reg_403             |  32|          2|   32|         64|
    |writeCount_1_fu_166            |  32|          2|   32|         64|
    |x1_phi_fu_305_p4               |   5|          2|    5|         10|
    |x1_reg_301                     |   5|          2|    5|         10|
    |x4_reg_359                     |   2|          2|    2|          4|
    |x_assign_reg_392               |   5|          2|    5|         10|
    |x_phi_fu_293_p4                |   4|          2|    4|          8|
    |x_reg_289                      |   4|          2|    4|          8|
    |y3_phi_fu_328_p4               |   2|          2|    2|          4|
    |y3_reg_324                     |   2|          2|    2|          4|
    |y_assign_phi_fu_385_p4         |   5|          2|    5|         10|
    |y_assign_reg_381               |   5|          2|    5|         10|
    +-------------------------------+----+-----------+-----+-----------+
    |Total                          | 314|         95|  311|        668|
    +-------------------------------+----+-----------+-----+-----------+

    * Register: 
    +--------------------------------------------------------+----+----+-----+-----------+
    |                          Name                          | FF | LUT| Bits| Const Bits|
    +--------------------------------------------------------+----+----+-----+-----------+
    |ap_CS_fsm                                               |   9|   0|    9|          0|
    |ap_enable_reg_pp0_iter0                                 |   1|   0|    1|          0|
    |ap_enable_reg_pp0_iter1                                 |   1|   0|    1|          0|
    |ap_enable_reg_pp1_iter0                                 |   1|   0|    1|          0|
    |ap_enable_reg_pp1_iter1                                 |   1|   0|    1|          0|
    |ap_enable_reg_pp2_iter0                                 |   1|   0|    1|          0|
    |ap_enable_reg_pp2_iter1                                 |   1|   0|    1|          0|
    |ap_enable_reg_pp3_iter0                                 |   1|   0|    1|          0|
    |ap_enable_reg_pp3_iter1                                 |   1|   0|    1|          0|
    |ap_enable_reg_pp3_iter2                                 |   1|   0|    1|          0|
    |ap_enable_reg_pp3_iter3                                 |   1|   0|    1|          0|
    |ap_pipeline_reg_pp3_iter1_lineBuffer_1_addr_2_reg_1042  |   5|   0|    5|          0|
    |cond1_reg_948                                           |   1|   0|    1|          0|
    |cond_mid2_reg_932                                       |   1|   0|    1|          0|
    |ctrl_read_reg_890                                       |  32|   0|   32|          0|
    |exitcond1_reg_895                                       |   1|   0|    1|          0|
    |exitcond4_reg_904                                       |   1|   0|    1|          0|
    |exitcond_flatten8_reg_1018                              |   1|   0|    1|          0|
    |exitcond_flatten_reg_913                                |   1|   0|    1|          0|
    |inStream_V_data_V_0_payload_A                           |  32|   0|   32|          0|
    |inStream_V_data_V_0_payload_B                           |  32|   0|   32|          0|
    |inStream_V_data_V_0_sel_rd                              |   1|   0|    1|          0|
    |inStream_V_data_V_0_sel_wr                              |   1|   0|    1|          0|
    |inStream_V_data_V_0_state                               |   2|   0|    2|          0|
    |inStream_V_dest_V_0_state                               |   2|   0|    2|          0|
    |indvar_flatten6_reg_370                                 |  10|   0|   10|          0|
    |indvar_flatten_reg_313                                  |   3|   0|    3|          0|
    |lineBuffer_0_addr_2_reg_1036                            |   5|   0|    5|          0|
    |lineBuffer_1_addr_2_reg_1042                            |   5|   0|    5|          0|
    |maxValue_17_0_maxVal_reg_1057                           |  32|   0|   32|          0|
    |outStream_V_data_V_1_payload_A                          |  32|   0|   32|          0|
    |outStream_V_data_V_1_payload_B                          |  32|   0|   32|          0|
    |outStream_V_data_V_1_sel_rd                             |   1|   0|    1|          0|
    |outStream_V_data_V_1_sel_wr                             |   1|   0|    1|          0|
    |outStream_V_data_V_1_state                              |   2|   0|    2|          0|
    |outStream_V_dest_V_1_sel_rd                             |   1|   0|    1|          0|
    |outStream_V_dest_V_1_state                              |   2|   0|    2|          0|
    |outStream_V_id_V_1_sel_rd                               |   1|   0|    1|          0|
    |outStream_V_id_V_1_state                                |   2|   0|    2|          0|
    |outStream_V_keep_V_1_sel_rd                             |   1|   0|    1|          0|
    |outStream_V_keep_V_1_state                              |   2|   0|    2|          0|
    |outStream_V_last_V_1_payload_A                          |   1|   0|    1|          0|
    |outStream_V_last_V_1_payload_B                          |   1|   0|    1|          0|
    |outStream_V_last_V_1_sel_rd                             |   1|   0|    1|          0|
    |outStream_V_last_V_1_sel_wr                             |   1|   0|    1|          0|
    |outStream_V_last_V_1_state                              |   2|   0|    2|          0|
    |outStream_V_strb_V_1_sel_rd                             |   1|   0|    1|          0|
    |outStream_V_strb_V_1_state                              |   2|   0|    2|          0|
    |outStream_V_user_V_1_sel_rd                             |   1|   0|    1|          0|
    |outStream_V_user_V_1_state                              |   2|   0|    2|          0|
    |readCount_1_fu_170                                      |  32|   0|   32|          0|
    |result_reg_1068                                         |  20|   0|   20|          0|
    |tmp_10_reg_927                                          |   1|   0|    1|          0|
    |tmp_13_reg_1063                                         |   1|   0|    1|          0|
    |tmp_3_mid2_v_reg_922                                    |   2|   0|    2|          0|
    |tmp_7_reg_1048                                          |   1|   0|    1|          0|
    |tmp_9_reg_1013                                          |   1|   0|    1|          0|
    |tmp_reg_1032                                            |   1|   0|    1|          0|
    |windowRightCol_1_reg_1073                               |  32|   0|   32|          0|
    |window_0_0_fu_154                                       |  32|   0|   32|          0|
    |window_0_0_read_as_fu_150                               |  32|   0|   32|          0|
    |window_0_1_fu_158                                       |  32|   0|   32|          0|
    |window_1_0_read_as_fu_162                               |  32|   0|   32|          0|
    |window_1_0_reg_414                                      |  32|   0|   32|          0|
    |window_1_1_1_reg_347                                    |  32|   0|   32|          0|
    |window_1_1_reg_403                                      |  32|   0|   32|          0|
    |window_1_2_1_reg_335                                    |  32|   0|   32|          0|
    |window_2_2_2_fu_174                                     |  32|   0|   32|          0|
    |writeCount_1_fu_166                                     |  32|   0|   32|          0|
    |x1_reg_301                                              |   5|   0|    5|          0|
    |x4_reg_359                                              |   2|   0|    2|          0|
    |x_1_reg_899                                             |   4|   0|    4|          0|
    |x_2_reg_908                                             |   5|   0|    5|          0|
    |x_assign_reg_392                                        |   5|   0|    5|          0|
    |x_reg_289                                               |   4|   0|    4|          0|
    |y3_reg_324                                              |   2|   0|    2|          0|
    |y_assign_cast7_mid2_s_reg_1027                          |   5|   0|    5|          0|
    |y_assign_reg_381                                        |   5|   0|    5|          0|
    |exitcond_flatten8_reg_1018                              |   0|   1|    1|          0|
    |tmp_reg_1032                                            |   0|   1|    1|          0|
    +--------------------------------------------------------+----+----+-----+-----------+
    |Total                                                   | 724|   2|  726|          0|
    +--------------------------------------------------------+----+----+-----+-----------+



================================================================
== Interface
================================================================
* Summary: 
+--------------------+-----+-----+------------+----------------------+--------------+
|      RTL Ports     | Dir | Bits|  Protocol  |     Source Object    |    C Type    |
+--------------------+-----+-----+------------+----------------------+--------------+
|s_axi_CTRL_AWVALID  |  in |    1|    s_axi   |         CTRL         |    scalar    |
|s_axi_CTRL_AWREADY  | out |    1|    s_axi   |         CTRL         |    scalar    |
|s_axi_CTRL_AWADDR   |  in |    5|    s_axi   |         CTRL         |    scalar    |
|s_axi_CTRL_WVALID   |  in |    1|    s_axi   |         CTRL         |    scalar    |
|s_axi_CTRL_WREADY   | out |    1|    s_axi   |         CTRL         |    scalar    |
|s_axi_CTRL_WDATA    |  in |   32|    s_axi   |         CTRL         |    scalar    |
|s_axi_CTRL_WSTRB    |  in |    4|    s_axi   |         CTRL         |    scalar    |
|s_axi_CTRL_ARVALID  |  in |    1|    s_axi   |         CTRL         |    scalar    |
|s_axi_CTRL_ARREADY  | out |    1|    s_axi   |         CTRL         |    scalar    |
|s_axi_CTRL_ARADDR   |  in |    5|    s_axi   |         CTRL         |    scalar    |
|s_axi_CTRL_RVALID   | out |    1|    s_axi   |         CTRL         |    scalar    |
|s_axi_CTRL_RREADY   |  in |    1|    s_axi   |         CTRL         |    scalar    |
|s_axi_CTRL_RDATA    | out |   32|    s_axi   |         CTRL         |    scalar    |
|s_axi_CTRL_RRESP    | out |    2|    s_axi   |         CTRL         |    scalar    |
|s_axi_CTRL_BVALID   | out |    1|    s_axi   |         CTRL         |    scalar    |
|s_axi_CTRL_BREADY   |  in |    1|    s_axi   |         CTRL         |    scalar    |
|s_axi_CTRL_BRESP    | out |    2|    s_axi   |         CTRL         |    scalar    |
|ap_clk              |  in |    1| ap_ctrl_hs | cnn_pool_d28x28_p2x2 | return value |
|ap_rst_n            |  in |    1| ap_ctrl_hs | cnn_pool_d28x28_p2x2 | return value |
|interrupt           | out |    1| ap_ctrl_hs | cnn_pool_d28x28_p2x2 | return value |
|inStream_TDATA      |  in |   32|    axis    |   inStream_V_data_V  |    pointer   |
|inStream_TVALID     |  in |    1|    axis    |   inStream_V_dest_V  |    pointer   |
|inStream_TREADY     | out |    1|    axis    |   inStream_V_dest_V  |    pointer   |
|inStream_TDEST      |  in |    6|    axis    |   inStream_V_dest_V  |    pointer   |
|inStream_TKEEP      |  in |    4|    axis    |   inStream_V_keep_V  |    pointer   |
|inStream_TSTRB      |  in |    4|    axis    |   inStream_V_strb_V  |    pointer   |
|inStream_TUSER      |  in |    2|    axis    |   inStream_V_user_V  |    pointer   |
|inStream_TLAST      |  in |    1|    axis    |   inStream_V_last_V  |    pointer   |
|inStream_TID        |  in |    5|    axis    |    inStream_V_id_V   |    pointer   |
|outStream_TDATA     | out |   32|    axis    |  outStream_V_data_V  |    pointer   |
|outStream_TVALID    | out |    1|    axis    |  outStream_V_dest_V  |    pointer   |
|outStream_TREADY    |  in |    1|    axis    |  outStream_V_dest_V  |    pointer   |
|outStream_TDEST     | out |    6|    axis    |  outStream_V_dest_V  |    pointer   |
|outStream_TKEEP     | out |    4|    axis    |  outStream_V_keep_V  |    pointer   |
|outStream_TSTRB     | out |    4|    axis    |  outStream_V_strb_V  |    pointer   |
|outStream_TUSER     | out |    2|    axis    |  outStream_V_user_V  |    pointer   |
|outStream_TLAST     | out |    1|    axis    |  outStream_V_last_V  |    pointer   |
|outStream_TID       | out |    5|    axis    |   outStream_V_id_V   |    pointer   |
+--------------------+-----+-----+------------+----------------------+--------------+

